Component: ARM Compiler 5.06 update 4 (build 422) Tool: armlink [4d35d2]

==============================================================================

Section Cross References

    main.o(i.AppObjCreate) refers to rtx_mutex.o(i.osMutexNew) for osMutexNew
    main.o(i.AppObjCreate) refers to sim808_thread.o(i.Sim808_ObjCreate) for Sim808_ObjCreate
    main.o(i.AppObjCreate) refers to app_thread.o(i.App_ObjCreate) for App_ObjCreate
    main.o(i.AppObjCreate) refers to position_thread.o(i.Position_ObjCreate) for Position_ObjCreate
    main.o(i.AppObjCreate) refers to main.o(.constdata) for eeprom_mutex_attr
    main.o(i.AppObjCreate) refers to main.o(.data) for eeprom_mutex_id
    main.o(i.AppThreadCreate) refers to sim808_thread.o(i.Sim808_ThreadCreate) for Sim808_ThreadCreate
    main.o(i.AppThreadCreate) refers to app_thread.o(i.App_ThreadCreate) for App_ThreadCreate
    main.o(i.AppThreadCreate) refers to position_thread.o(i.Position_ThreadCreate) for Position_ThreadCreate
    main.o(i.app_main) refers to main.o(i.AppObjCreate) for AppObjCreate
    main.o(i.app_main) refers to main.o(i.AppThreadCreate) for AppThreadCreate
    main.o(i.app_main) refers to bsp.o(i.sendTraceSerial) for sendTraceSerial
    main.o(i.app_main) refers to system.o(i.parameterLoad) for parameterLoad
    main.o(i.app_main) refers to record.o(i.recordLock) for recordLock
    main.o(i.app_main) refers to flash.o(i.sFlashInit) for sFlashInit
    main.o(i.app_main) refers to rtx_evflags.o(i.osEventFlagsSet) for osEventFlagsSet
    main.o(i.app_main) refers to record.o(i.recordUnLock) for recordUnLock
    main.o(i.app_main) refers to rtx_evflags.o(i.osEventFlagsGet) for osEventFlagsGet
    main.o(i.app_main) refers to record.o(i.recordInit) for recordInit
    main.o(i.app_main) refers to rtx_thread.o(i.osThreadTerminate) for osThreadTerminate
    main.o(i.app_main) refers to rtx_delay.o(i.osDelay) for osDelay
    main.o(i.app_main) refers to bsp.o(.data) for resetSource
    main.o(i.app_main) refers to app_thread.o(.data) for app_eventflag_id
    main.o(i.app_main) refers to main.o(.data) for app_start_thread_id
    main.o(i.main) refers to system_stm32f10x.o(i.SystemCoreClockUpdate) for SystemCoreClockUpdate
    main.o(i.main) refers to bsp.o(i.bspInit) for bspInit
    main.o(i.main) refers to rtx_kernel.o(i.osKernelInitialize) for osKernelInitialize
    main.o(i.main) refers to rtx_thread.o(i.osThreadNew) for osThreadNew
    main.o(i.main) refers to rtx_kernel.o(i.osKernelStart) for osKernelStart
    main.o(i.main) refers to main.o(.constdata) for app_start_thread_attr
    main.o(i.main) refers to main.o(i.app_main) for app_main
    main.o(i.main) refers to main.o(.data) for app_start_thread_id
    main.o(.constdata) refers to main.o(.conststring) for .conststring
    main.o(.constdata) refers to main.o(.bss.os.thread.cb) for app_start_thread_tcb
    main.o(.constdata) refers to main.o(.bss) for app_start_thread_stk
    main.o(.constdata) refers to main.o(.bss.os.mutex.cb) for eeprom_mutex_tcb
    stm32f10x_it.o(i.BusFault_Handler) refers to stm32f10x_it.o(i.__NVIC_SystemReset) for __NVIC_SystemReset
    stm32f10x_it.o(i.EXTI0_IRQHandler) refers to stm32f10x_exti.o(i.EXTI_ClearITPendingBit) for EXTI_ClearITPendingBit
    stm32f10x_it.o(i.EXTI0_IRQHandler) refers to rtx_evflags.o(i.osEventFlagsSet) for osEventFlagsSet
    stm32f10x_it.o(i.EXTI0_IRQHandler) refers to app_thread.o(.data) for app_eventflag_id
    stm32f10x_it.o(i.EXTI15_10_IRQHandler) refers to stm32f10x_exti.o(i.EXTI_ClearITPendingBit) for EXTI_ClearITPendingBit
    stm32f10x_it.o(i.EXTI15_10_IRQHandler) refers to rtx_evflags.o(i.osEventFlagsSet) for osEventFlagsSet
    stm32f10x_it.o(i.EXTI15_10_IRQHandler) refers to app_thread.o(.data) for app_eventflag_id
    stm32f10x_it.o(i.EXTI1_IRQHandler) refers to stm32f10x_exti.o(i.EXTI_ClearITPendingBit) for EXTI_ClearITPendingBit
    stm32f10x_it.o(i.EXTI1_IRQHandler) refers to rtx_evflags.o(i.osEventFlagsSet) for osEventFlagsSet
    stm32f10x_it.o(i.EXTI1_IRQHandler) refers to app_thread.o(.data) for app_eventflag_id
    stm32f10x_it.o(i.EXTI9_5_IRQHandler) refers to stm32f10x_exti.o(i.EXTI_ClearITPendingBit) for EXTI_ClearITPendingBit
    stm32f10x_it.o(i.EXTI9_5_IRQHandler) refers to sim808_driver.o(i.Sim808Interrupt) for Sim808Interrupt
    stm32f10x_it.o(i.HardFault_Handler) refers to stm32f10x_it.o(i.__NVIC_SystemReset) for __NVIC_SystemReset
    stm32f10x_it.o(i.MemManage_Handler) refers to stm32f10x_it.o(i.__NVIC_SystemReset) for __NVIC_SystemReset
    stm32f10x_it.o(i.USART3_IRQHandler) refers to stm32f10x_usart.o(i.USART_GetFlagStatus) for USART_GetFlagStatus
    stm32f10x_it.o(i.USART3_IRQHandler) refers to stm32f10x_usart.o(i.USART_ReceiveData) for USART_ReceiveData
    stm32f10x_it.o(i.USART3_IRQHandler) refers to stm32f10x_usart.o(i.USART_ClearITPendingBit) for USART_ClearITPendingBit
    stm32f10x_it.o(i.USART3_IRQHandler) refers to sim808_driver.o(i.Sim808CheckReceiveByte) for Sim808CheckReceiveByte
[...]
    osKernelInitialize                       0x0800aad1   Thumb Code    36  rtx_kernel.o(i.osKernelInitialize)
    osKernelStart                            0x0800aaf9   Thumb Code    36  rtx_kernel.o(i.osKernelStart)
    osMessageQueueGet                        0x0800ab21   Thumb Code    66  rtx_msgqueue.o(i.osMessageQueueGet)
    osMessageQueueNew                        0x0800ab69   Thumb Code    50  rtx_msgqueue.o(i.osMessageQueueNew)
    osMessageQueuePut                        0x0800aba1   Thumb Code    66  rtx_msgqueue.o(i.osMessageQueuePut)
    osMutexAcquire                           0x0800abe9   Thumb Code    44  rtx_mutex.o(i.osMutexAcquire)
    osMutexDelete                            0x0800ac19   Thumb Code    40  rtx_mutex.o(i.osMutexDelete)
    osMutexNew                               0x0800ac45   Thumb Code    38  rtx_mutex.o(i.osMutexNew)
    osMutexRelease                           0x0800ac71   Thumb Code    40  rtx_mutex.o(i.osMutexRelease)
    osRtxErrorNotify                         0x0800ac9d   Thumb Code   128  rtx_config.o(i.osRtxErrorNotify)
    osRtxIdleThread                          0x0800ae43   Thumb Code     4  rtx_config.o(i.osRtxIdleThread)
    osRtxMemoryAlloc                         0x0800ae55   Thumb Code   200  rtx_memory.o(i.osRtxMemoryAlloc)
    osRtxMemoryFree                          0x0800af1d   Thumb Code    94  rtx_memory.o(i.osRtxMemoryFree)
    osRtxMemoryInit                          0x0800af7b   Thumb Code    86  rtx_memory.o(i.osRtxMemoryInit)
    osRtxMemoryPoolAlloc                     0x0800afd1   Thumb Code    42  rtx_mempool.o(i.osRtxMemoryPoolAlloc)
    osRtxMemoryPoolFree                      0x0800affb   Thumb Code    56  rtx_mempool.o(i.osRtxMemoryPoolFree)
    osRtxMemoryPoolInit                      0x0800b033   Thumb Code    58  rtx_mempool.o(i.osRtxMemoryPoolInit)
    osRtxMutexOwnerRelease                   0x0800b173   Thumb Code    78  rtx_mutex.o(i.osRtxMutexOwnerRelease)
    osRtxPendSV_Handler                      0x0800b1c1   Thumb Code   126  rtx_system.o(i.osRtxPendSV_Handler)
    osRtxPostProcess                         0x0800b245   Thumb Code    50  rtx_system.o(i.osRtxPostProcess)
    osRtxThreadDelayTick                     0x0800b391   Thumb Code   118  rtx_thread.o(i.osRtxThreadDelayTick)
    osRtxThreadDispatch                      0x0800b40d   Thumb Code   106  rtx_thread.o(i.osRtxThreadDispatch)
    osRtxThreadListGet                       0x0800b4e9   Thumb Code    28  rtx_thread.o(i.osRtxThreadListGet)
    osRtxThreadListPut                       0x0800b505   Thumb Code    50  rtx_thread.o(i.osRtxThreadListPut)
    osRtxThreadListRemove                    0x0800b537   Thumb Code    26  rtx_thread.o(i.osRtxThreadListRemove)
    osRtxThreadListSort                      0x0800b551   Thumb Code    42  rtx_thread.o(i.osRtxThreadListSort)
    osRtxThreadReadyPut                      0x0800b5b1   Thumb Code    18  rtx_thread.o(i.osRtxThreadReadyPut)
    osRtxThreadRegPtr                        0x0800b5c9   Thumb Code    14  rtx_thread.o(i.osRtxThreadRegPtr)
    osRtxThreadStackCheck                    0x0800b5e5   Thumb Code    38  rtx_thread.o(i.osRtxThreadStackCheck)
    osRtxThreadStartup                       0x0800b611   Thumb Code    78  rtx_thread.o(i.osRtxThreadStartup)
    osRtxThreadSwitch                        0x0800b671   Thumb Code    18  rtx_thread.o(i.osRtxThreadSwitch)
    osRtxThreadWaitEnter                     0x0800b689   Thumb Code    70  rtx_thread.o(i.osRtxThreadWaitEnter)
    osRtxThreadWaitExit                      0x0800b6d5   Thumb Code    46  rtx_thread.o(i.osRtxThreadWaitExit)
    osRtxTick_Handler                        0x0800b705   Thumb Code   146  rtx_system.o(i.osRtxTick_Handler)
    osRtxTimerThread                         0x0800b79d   Thumb Code    68  rtx_timer.o(i.osRtxTimerThread)
    osThreadExit                             0x0800b849   Thumb Code    14  rtx_thread.o(i.osThreadExit)
    osThreadGetId                            0x0800b85d   Thumb Code    34  rtx_thread.o(i.osThreadGetId)
    osThreadNew                              0x0800b885   Thumb Code    50  rtx_thread.o(i.osThreadNew)
    osThreadTerminate                        0x0800b8bd   Thumb Code    40  rtx_thread.o(i.osThreadTerminate)
    parameterLoad                            0x0800b951   Thumb Code    22  system.o(i.parameterLoad)
    parameterWrite                           0x0800b967   Thumb Code    22  system.o(i.parameterWrite)
    recordClearIndex                         0x0800ba11   Thumb Code    26  record.o(i.recordClearIndex)
    recordGet                                0x0800ba31   Thumb Code    94  record.o(i.recordGet)
    recordGetIndex                           0x0800ba95   Thumb Code    18  record.o(i.recordGetIndex)
    recordGets                               0x0800baad   Thumb Code    64  record.o(i.recordGets)
    recordInit                               0x0800baed   Thumb Code    18  record.o(i.recordInit)
    recordLock                               0x0800bb01   Thumb Code    26  record.o(i.recordLock)
    recordPut                                0x0800bb21   Thumb Code   170  record.o(i.recordPut)
    recordReadInRam                          0x0800bbd1   Thumb Code    36  record.o(i.recordReadInRam)
    recordSetReadIndex                       0x0800bbf9   Thumb Code    24  record.o(i.recordSetReadIndex)
    recordSetWriteIndex                      0x0800bc15   Thumb Code    24  record.o(i.recordSetWriteIndex)
    recordUnLock                             0x0800bc31   Thumb Code    22  record.o(i.recordUnLock)
    recordWriteInRam                         0x0800bc91   Thumb Code    38  record.o(i.recordWriteInRam)
    reocrdMonitorIndexLoad                   0x0800bcbd   Thumb Code    58  system.o(i.reocrdMonitorIndexLoad)
    reocrdMonitorIndexWrite                  0x0800bcfd   Thumb Code    58  system.o(i.reocrdMonitorIndexWrite)
    sFlashChipErase                          0x0800bd75   Thumb Code    56  flash.o(i.sFlashChipErase)
    sFlashInit                               0x0800bdb1   Thumb Code    54  flash.o(i.sFlashInit)
    sFlashPageErase                          0x0800bde9   Thumb Code    64  flash.o(i.sFlashPageErase)
    sFlashReadByteFromMainMemory             0x0800be2d   Thumb Code   118  flash.o(i.sFlashReadByteFromMainMemory)
    sFlashWriteByteToMainMemory              0x0800bef5   Thumb Code   104  flash.o(i.sFlashWriteByteToMainMemory)
    sendTraceSerial                          0x0800c275   Thumb Code    72  bsp.o(i.sendTraceSerial)
    sendTraceSerialBinaray                   0x0800c2c5   Thumb Code    44  bsp.o(i.sendTraceSerialBinaray)
    setParameterToFactory                    0x0800c2f5   Thumb Code    98  system.o(i.setParameterToFactory)
    setParameterToFlatState                  0x0800c35d   Thumb Code   108  system.o(i.setParameterToFlatState)
    setParameterToVirgin                     0x0800c3f1   Thumb Code    62  system.o(i.setParameterToVirgin)
    spiInit                                  0x0800c435   Thumb Code   158  bsp.o(i.spiInit)
    spiLock                                  0x0800c4dd   Thumb Code    26  spi_driver.o(i.spiLock)
    spiSendReciveByte                        0x0800c4fd   Thumb Code    50  spi_driver.o(i.spiSendReciveByte)
    spiUnLock                                0x0800c535   Thumb Code    22  spi_driver.o(i.spiUnLock)
    strtokSingle                             0x0800c551   Thumb Code    88  bsp.o(i.strtokSingle)
    timeToSecond                             0x0800d4e5   Thumb Code    68  bsp.o(i.timeToSecond)
    _get_lc_numeric                          0x0800d605   Thumb Code    44  lc_numeric_c.o(locale$$code)
    _get_lc_ctype                            0x0800d631   Thumb Code    44  lc_ctype_c.o(locale$$code)
    __aeabi_d2f                              0x0800d65d   Thumb Code     0  d2f.o(x$fpl$d2f)
    _d2f                                     0x0800d65d   Thumb Code    98  d2f.o(x$fpl$d2f)
    __fpl_dcheck_NaN1                        0x0800d6c1   Thumb Code    10  dcheck1.o(x$fpl$dcheck1)
    __fpl_dcmp_Inf                           0x0800d6d1   Thumb Code    24  dcmpi.o(x$fpl$dcmpinf)
    __aeabi_cdcmpeq                          0x0800d6e9   Thumb Code     0  deqf.o(x$fpl$deqf)
    _dcmpeq                                  0x0800d6e9   Thumb Code   120  deqf.o(x$fpl$deqf)
    __aeabi_cdcmple                          0x0800d761   Thumb Code     0  dleqf.o(x$fpl$dleqf)
    _dcmple                                  0x0800d761   Thumb Code   120  dleqf.o(x$fpl$dleqf)
    __fpl_dcmple_InfNaN                      0x0800d7c3   Thumb Code     0  dleqf.o(x$fpl$dleqf)
    __fpl_dnaninf                            0x0800d7d9   Thumb Code   156  dnaninf.o(x$fpl$dnaninf)
    __aeabi_cdrcmple                         0x0800d875   Thumb Code     0  drleqf.o(x$fpl$drleqf)
    _drcmple                                 0x0800d875   Thumb Code   108  drleqf.o(x$fpl$drleqf)
    __fpl_fretinf                            0x0800d8e1   Thumb Code    10  fretinf.o(x$fpl$fretinf)
    _printf_fp_dec                           0x0800d8eb   Thumb Code     4  printf1.o(x$fpl$printf1)
    _printf_fp_hex                           0x0800d8ef   Thumb Code     4  printf2.o(x$fpl$printf2)
    __fpl_return_NaN                         0x0800d8f3   Thumb Code   100  retnan.o(x$fpl$retnan)
    __ARM_scalbn                             0x0800d957   Thumb Code    92  scalbn.o(x$fpl$scalbn)
    _scanf_real                              0x0800d9b3   Thumb Code     4  scanf1.o(x$fpl$scanf1)
    _scanf_hex_real                          0x0800d9b7   Thumb Code     4  scanf2.o(x$fpl$scanf2)
    _scanf_infnan                            0x0800d9bb   Thumb Code     4  scanf2.o(x$fpl$scanf2)
    __fpl_cmpreturn                          0x0800d9bf   Thumb Code    48  trapv.o(x$fpl$trapveneer)
    __I$use$fp                               0x0800d9ee   Number         0  usenofp.o(x$fpl$usenofp)
    app_start_thread_attr                    0x0800d9f0   Data          36  main.o(.constdata)
    eeprom_mutex_attr                        0x0800da14   Data          16  main.o(.constdata)
    spi_mutex_attr                           0x0800da24   Data          16  main.o(.constdata)
    record_mutex_attr                        0x0800da34   Data          16  main.o(.constdata)
    sim808basic_thread_attr                  0x0800dd44   Data          36  sim808_thread.o(.constdata)
    sim808urc_thread_attr                    0x0800dd68   Data          36  sim808_thread.o(.constdata)
    sim808_mutex_attr                        0x0800dd8c   Data          16  sim808_thread.o(.constdata)
    sim808_messagequeue_attr                 0x0800dd9c   Data          24  sim808_thread.o(.constdata)
    sim808_eventflag_attr                    0x0800ddb4   Data          16  sim808_thread.o(.constdata)
    app_thread_attr                          0x0800ddc4   Data          36  app_thread.o(.constdata)
    app_eventflag_attr                       0x0800dde8   Data          16  app_thread.o(.constdata)
    position_thread_attr                     0x0800ddf8   Data          36  position_thread.o(.constdata)
    irqRtxLib                                0x0800de1c   Data           1  irq_cm3.o(.constdata)
    osRtxUserSVC                             0x0800de80   Data           4  rtx_lib.o(.constdata)
    _monlen                                  0x0800dec8   Data          12  _monlen.o(.constdata)
    osRtxConfig                              0x0800e130   Data         104  rtx_lib.o(.rodata)
    Region$$Table$$Base                      0x0800e198   Number         0  anon$$obj.o(Region$$Table)
    Region$$Table$$Limit                     0x0800e1b8   Number         0  anon$$obj.o(Region$$Table)
    __aeabi_HUGE_VAL                         0x0800e1b8   Data           0  fpconst.o(c$$dinf)
    __aeabi_HUGE_VALL                        0x0800e1b8   Data           0  fpconst.o(c$$dinf)
    __aeabi_INFINITY                         0x0800e1b8   Data           0  fpconst.o(c$$dinf)
    __dInf                                   0x0800e1b8   Data           0  fpconst.o(c$$dinf)
    __huge_val                               0x0800e1b8   Data           0  fpconst.o(c$$dinf)
    __ctype                                  0x0800e1e9   Data           0  lc_ctype_c.o(locale$$data)
    .bss.os.evflags.cb$$Base                 0x20000240   Number         0  sim808_thread.o(.bss.os.evflags.cb)
    sim808_eventflag_tcb                     0x20000240   Data          16  sim808_thread.o(.bss.os.evflags.cb)
    app_eventflag_tcb                        0x20000250   Data          16  app_thread.o(.bss.os.evflags.cb)
    .bss.os.evflags.cb$$Limit                0x20000260   Number         0  app_thread.o(.bss.os.evflags.cb)
    .bss.os.msgqueue.cb$$Base                0x20000450   Number         0  sim808_thread.o(.bss.os.msgqueue.cb)
    sim808_messagequeue_tcb                  0x20000450   Data          52  sim808_thread.o(.bss.os.msgqueue.cb)
    .bss.os.msgqueue.cb$$Limit               0x200004b8   Number         0  rtx_lib.o(.bss.os.msgqueue.cb)
    .bss.os.mutex.cb$$Base                   0x20000508   Number         0  main.o(.bss.os.mutex.cb)
    eeprom_mutex_tcb                         0x20000508   Data          28  main.o(.bss.os.mutex.cb)
    spi_mutex_tcb                            0x20000524   Data          28  main.o(.bss.os.mutex.cb)
    record_mutex_tcb                         0x20000540   Data          28  main.o(.bss.os.mutex.cb)
    sim808_mutex_tcb                         0x2000055c   Data          28  sim808_thread.o(.bss.os.mutex.cb)
    .bss.os.mutex.cb$$Limit                  0x20000578   Number         0  sim808_thread.o(.bss.os.mutex.cb)
    .bss.os.thread.cb$$Base                  0x20000578   Number         0  main.o(.bss.os.thread.cb)
    app_start_thread_tcb                     0x20000578   Data          68  main.o(.bss.os.thread.cb)
    sim808basic_thread_tcb                   0x200005bc   Data          68  sim808_thread.o(.bss.os.thread.cb)
    sim808urc_thread_tcb                     0x20000600   Data          68  sim808_thread.o(.bss.os.thread.cb)
    app_thread_tcb                           0x20000644   Data          68  app_thread.o(.bss.os.thread.cb)
    position_thread_tcb                      0x20000688   Data          68  position_thread.o(.bss.os.thread.cb)
    .bss.os.thread.cb$$Limit                 0x20000754   Number         0  rtx_lib.o(.bss.os.thread.cb)
    app_start_thread_id                      0x20000858   Data           4  main.o(.data)
    eeprom_mutex_id                          0x2000085c   Data           4  main.o(.data)
    spi_mutex_id                             0x20000860   Data           4  main.o(.data)
    record_mutex_id                          0x20000864   Data           4  main.o(.data)
    resetSource                              0x20000868   Data           1  bsp.o(.data)
    newSmsReceiveFlag                        0x20000870   Data           1  sim808_driver.o(.data)
    newTcpReceiveFlag                        0x20000871   Data           1  sim808_driver.o(.data)
    timeoutCount                             0x20000872   Data           1  sim808_driver.o(.data)
    tcpSendFailCounter                       0x20000873   Data           1  sim808_driver.o(.data)
    receivePacketLen                         0x20000874   Data           2  sim808_driver.o(.data)
    receivePacketLen2                        0x20000876   Data           2  sim808_driver.o(.data)
    httpReadLen                              0x20000878   Data           2  sim808_driver.o(.data)
    httpReadFlag                             0x2000087a   Data           1  sim808_driver.o(.data)
    RecordMonitor                            0x200008a4   Data           8  record.o(.data)
    rssi                                     0x200008ac   Data           1  sim808_thread.o(.data)
    ber                                      0x200008ad   Data           1  sim808_thread.o(.data)
    sim808basic_thread_id                    0x200008b0   Data           4  sim808_thread.o(.data)
    sim808urc_thread_id                      0x200008b4   Data           4  sim808_thread.o(.data)
    sim808_mutex_id                          0x200008b8   Data           4  sim808_thread.o(.data)
    sim808_messagequeue_id                   0x200008bc   Data           4  sim808_thread.o(.data)
    sim808_eventflag_id                      0x200008c0   Data           4  sim808_thread.o(.data)
    speedRecord                              0x200008c8   Data           2  app_thread.o(.data)
    app_thread_id                            0x200008cc   Data           4  app_thread.o(.data)
    app_eventflag_id                         0x200008d0   Data           4  app_thread.o(.data)
    position_thread_id                       0x200008e0   Data           4  position_thread.o(.data)
    countOfZeroSpeed                         0x200008e4   Data           1  position_thread.o(.data)
    inMovingflag                             0x200008e5   Data           1  position_thread.o(.data)
    intervalCount                            0x200008e6   Data           1  position_thread.o(.data)
    irqRtxLibRef                             0x200008ec   Data           4  rtx_lib.o(.data)
    SystemCoreClock                          0x20000908   Data           4  system_stm32f10x.o(.data)
    AHBPrescTable                            0x2000090c   Data          16  system_stm32f10x.o(.data)
    osRtxInfo                                0x2000091c   Data         164  rtx_kernel.o(.data.os)
    app_start_thread_stk                     0x200009c0   Data        1024  main.o(.bss)
    gpsData                                  0x20000e44   Data          36  sim808_driver.o(.bss)
    receivePacket                            0x2000129c   Data         256  sim808_driver.o(.bss)
    receivePacket2                           0x2000139c   Data         256  sim808_driver.o(.bss)
    httpReadData                             0x2000149c   Data         256  sim808_driver.o(.bss)
    SystemSetup                              0x20001a8c   Data         128  system.o(.bss)
    recordInRam                              0x20001b0c   Data          34  record.o(.bss)
    buff                                     0x20001b30   Data         128  sim808_thread.o(.bss)
    buff2                                    0x20001bb0   Data          32  sim808_thread.o(.bss)
    sim808basic_thread_stk                   0x20001bd0   Data        1536  sim808_thread.o(.bss)
    sim808urc_thread_stk                     0x200021d0   Data        1536  sim808_thread.o(.bss)
    sim808_messagequeue_buf                  0x200027d0   Data        1048  sim808_thread.o(.bss)
    buffSms                                  0x20002be8   Data         160  app_thread.o(.bss)
    buffData                                 0x20002c88   Data         256  app_thread.o(.bss)
    buffApp                                  0x20002d88   Data         256  app_thread.o(.bss)
    buffT                                    0x20002e88   Data         256  app_thread.o(.bss)
    app_thread_stk                           0x20002f88   Data        1024  app_thread.o(.bss)
    position_thread_stk                      0x20003388   Data        1536  position_thread.o(.bss)
    bufWrite                                 0x20003988   Data         256  position_thread.o(.bss)
    bufRead                                  0x20003a88   Data         256  position_thread.o(.bss)
    __libspace_start                         0x20003bb4   Data          96  libspace.o(.bss)
    __temporary_stack_top$libspace           0x20003c14   Data           0  libspace.o(.bss)



==============================================================================

Memory Map of the image

  Image Entry point : 0x080000ed

  Load Region LR_IROM1 (Base: 0x08000000, Size: 0x0000ecac, Max: 0x0000f000, ABSOLUTE, COMPRESSED[0x0000e32c])

    Execution Region ER_IROM1 (Base: 0x08000000, Size: 0x0000e2ec, Max: 0x0000f000, ABSOLUTE)

    Base Addr    Size         Type   Attr      Idx    E Section Name        Object

    0x08000000   0x000000ec   Data   RO         4997    RESET               startup_stm32f10x_md.o
    0x080000ec   0x00000008   Code   RO         5121  * !!!main             c_w.l(__main.o)
    0x080000f4   0x00000034   Code   RO         5542    !!!scatter          c_w.l(__scatter.o)
    0x08000128   0x0000005a   Code   RO         5540    !!dczerorl2         c_w.l(__dczerorl2.o)
    0x08000182   0x00000002   PAD
    0x08000184   0x0000001c   Code   RO         5544    !!handler_zi        c_w.l(__scatter_zi.o)
    0x080001a0   0x00000000   Code   RO         5091    .ARM.Collect$$_printf_percent$$00000000  c_w.l(_printf_percent.o)
    0x080001a0   0x00000006   Code   RO         5171    .ARM.Collect$$_printf_percent$$00000001  c_w.l(_printf_n.o)
    0x080001a6   0x00000006   Code   RO         5173    .ARM.Collect$$_printf_percent$$00000002  c_w.l(_printf_p.o)
    0x080001ac   0x00000006   Code   RO         5176    .ARM.Collect$$_printf_percent$$00000003  c_w.l(_printf_f.o)
    0x080001b2   0x00000006   Code   RO         5177    .ARM.Collect$$_printf_percent$$00000004  c_w.l(_printf_e.o)
    0x080001b8   0x00000006   Code   RO         5178    .ARM.Collect$$_printf_percent$$00000005  c_w.l(_printf_g.o)
    0x080001be   0x00000006   Code   RO         5179    .ARM.Collect$$_printf_percent$$00000006  c_w.l(_printf_a.o)
    0x080001c4   0x0000000a   Code   RO         5184    .ARM.Collect$$_printf_percent$$00000007  c_w.l(_printf_ll.o)
    0x080001ce   0x00000006   Code   RO         5089    .ARM.Collect$$_printf_percent$$00000008  c_w.l(_printf_i.o)
    0x080001d4   0x00000006   Code   RO         5090    .ARM.Collect$$_printf_percent$$00000009  c_w.l(_printf_d.o)
    0x080001da   0x00000006   Code   RO         5175    .ARM.Collect$$_printf_percent$$0000000A  c_w.l(_printf_u.o)
    0x080001e0   0x00000006   Code   RO         5174    .ARM.Collect$$_printf_percent$$0000000B  c_w.l(_printf_o.o)
    0x080001e6   0x00000006   Code   RO         5172    .ARM.Collect$$_printf_percent$$0000000C  c_w.l(_printf_x.o)
    0x080001ec   0x00000006   Code   RO         5181    .ARM.Collect$$_printf_percent$$0000000D  c_w.l(_printf_lli.o)
    0x080001f2   0x00000006   Code   RO         5182    .ARM.Collect$$_printf_percent$$0000000E  c_w.l(_printf_lld.o)
    0x080001f8   0x00000006   Code   RO         5183    .ARM.Collect$$_printf_percent$$0000000F  c_w.l(_printf_llu.o)
    0x080001fe   0x00000006   Code   RO         5188    .ARM.Collect$$_printf_percent$$00000010  c_w.l(_printf_llo.o)
    0x08000204   0x00000006   Code   RO         5189    .ARM.Collect$$_printf_percent$$00000011  c_w.l(_printf_llx.o)
    0x0800020a   0x0000000a   Code   RO         5185    .ARM.Collect$$_printf_percent$$00000012  c_w.l(_printf_l.o)
    0x08000214   0x00000006   Code   RO         5170    .ARM.Collect$$_printf_percent$$00000013  c_w.l(_printf_c.o)
    0x0800021a   0x00000006   Code   RO         5088    .ARM.Collect$$_printf_percent$$00000014  c_w.l(_printf_s.o)
    0x08000220   0x00000006   Code   RO         5186    .ARM.Collect$$_printf_percent$$00000015  c_w.l(_printf_lc.o)
    0x08000226   0x00000006   Code   RO         5187    .ARM.Collect$$_printf_percent$$00000016  c_w.l(_printf_ls.o)
    0x0800022c   0x00000004   Code   RO         5180    .ARM.Collect$$_printf_percent$$00000017  c_w.l(_printf_percent_end.o)
    0x08000230   0x00000002   Code   RO         5310    .ARM.Collect$$libinit$$00000000  c_w.l(libinit.o)
    0x08000232   0x00000000   Code   RO         5348    .ARM.Collect$$libinit$$00000002  c_w.l(libinit2.o)
    0x08000232   0x00000000   Code   RO         5350    .ARM.Collect$$libinit$$00000004  c_w.l(libinit2.o)
    0x08000232   0x00000000   Code   RO         5353    .ARM.Collect$$libinit$$0000000A  c_w.l(libinit2.o)
    0x08000232   0x00000000   Code   RO         5355    .ARM.Collect$$libinit$$0000000C  c_w.l(libinit2.o)
    0x08000232   0x00000000   Code   RO         5357    .ARM.Collect$$libinit$$0000000E  c_w.l(libinit2.o)
    0x08000232   0x00000006   Code   RO         5358    .ARM.Collect$$libinit$$0000000F  c_w.l(libinit2.o)
    0x08000238   0x00000000   Code   RO         5360    .ARM.Collect$$libinit$$00000011  c_w.l(libinit2.o)
    0x08000238   0x0000000c   Code   RO         5361    .ARM.Collect$$libinit$$00000012  c_w.l(libinit2.o)
    0x08000244   0x00000000   Code   RO         5362    .ARM.Collect$$libinit$$00000013  c_w.l(libinit2.o)
    0x08000244   0x00000000   Code   RO         5364    .ARM.Collect$$libinit$$00000015  c_w.l(libinit2.o)
    0x08000244   0x0000000a   Code   RO         5365    .ARM.Collect$$libinit$$00000016  c_w.l(libinit2.o)
    0x0800024e   0x00000000   Code   RO         5366    .ARM.Collect$$libinit$$00000017  c_w.l(libinit2.o)
    0x0800024e   0x00000000   Code   RO         5368    .ARM.Collect$$libinit$$00000019  c_w.l(libinit2.o)
    0x0800024e   0x00000000   Code   RO         5370    .ARM.Collect$$libinit$$0000001B  c_w.l(libinit2.o)
    0x0800024e   0x00000000   Code   RO         5372    .ARM.Collect$$libinit$$0000001D  c_w.l(libinit2.o)
    0x0800024e   0x00000000   Code   RO         5374    .ARM.Collect$$libinit$$0000001F  c_w.l(libinit2.o)
    0x0800024e   0x00000000   Code   RO         5376    .ARM.Collect$$libinit$$00000021  c_w.l(libinit2.o)
    0x0800024e   0x00000000   Code   RO         5378    .ARM.Collect$$libinit$$00000023  c_w.l(libinit2.o)
    0x0800024e   0x00000000   Code   RO         5380    .ARM.Collect$$libinit$$00000025  c_w.l(libinit2.o)
    0x0800024e   0x00000000   Code   RO         5384    .ARM.Collect$$libinit$$0000002C  c_w.l(libinit2.o)
    0x0800024e   0x00000000   Code   RO         5386    .ARM.Collect$$libinit$$0000002E  c_w.l(libinit2.o)
    0x0800024e   0x00000000   Code   RO         5388    .ARM.Collect$$libinit$$00000030  c_w.l(libinit2.o)
    0x0800024e   0x00000000   Code   RO         5390    .ARM.Collect$$libinit$$00000032  c_w.l(libinit2.o)
    0x0800024e   0x00000002   Code   RO         5391    .ARM.Collect$$libinit$$00000033  c_w.l(libinit2.o)
    0x08000250   0x00000002   Code   RO         5445    .ARM.Collect$$libshutdown$$00000000  c_w.l(libshutdown.o)
    0x08000252   0x00000000   Code   RO         5475    .ARM.Collect$$libshutdown$$00000002  c_w.l(libshutdown2.o)
    0x08000252   0x00000000   Code   RO         5477    .ARM.Collect$$libshutdown$$00000004  c_w.l(libshutdown2.o)
    0x08000252   0x00000000   Code   RO         5480    .ARM.Collect$$libshutdown$$00000007  c_w.l(libshutdown2.o)
    0x08000252   0x00000000   Code   RO         5483    .ARM.Collect$$libshutdown$$0000000A  c_w.l(libshutdown2.o)
    0x08000252   0x00000000   Code   RO         5485    .ARM.Collect$$libshutdown$$0000000C  c_w.l(libshutdown2.o)
    0x08000252   0x00000000   Code   RO         5488    .ARM.Collect$$libshutdown$$0000000F  c_w.l(libshutdown2.o)
    0x08000252   0x00000002   Code   RO         5489    .ARM.Collect$$libshutdown$$00000010  c_w.l(libshutdown2.o)
    0x08000254   0x00000000   Code   RO         5123    .ARM.Collect$$rtentry$$00000000  c_w.l(__rtentry.o)
    0x08000254   0x00000000   Code   RO         5220    .ARM.Collect$$rtentry$$00000002  c_w.l(__rtentry2.o)
    0x08000254   0x00000006   Code   RO         5232    .ARM.Collect$$rtentry$$00000004  c_w.l(__rtentry4.o)
    0x0800025a   0x00000008   Code   RO         5221    .ARM.Collect$$rtentry$$00000008  c_w.l(__rtentry2.o)
    0x08000262   0x00000004   Code   RO         5223    .ARM.Collect$$rtentry$$0000000A  c_w.l(__rtentry2.o)
    0x08000266   0x00000000   Code   RO         5225    .ARM.Collect$$rtentry$$0000000C  c_w.l(__rtentry2.o)
    0x08000266   0x00000008   Code   RO         5226    .ARM.Collect$$rtentry$$0000000D  c_w.l(__rtentry2.o)
    0x0800026e   0x00000002   Code   RO         5334    .ARM.Collect$$rtexit$$00000000  c_w.l(rtexit.o)
    0x08000270   0x00000000   Code   RO         5403    .ARM.Collect$$rtexit$$00000002  c_w.l(rtexit2.o)
    0x08000270   0x00000004   Code   RO         5404    .ARM.Collect$$rtexit$$00000003  c_w.l(rtexit2.o)
    0x08000274   0x00000006   Code   RO         5405    .ARM.Collect$$rtexit$$00000004  c_w.l(rtexit2.o)
    0x0800027a   0x00000002   PAD
    0x0800027c   0x00000154   Code   RO         1884    .emb_text           rtx_evflags.o
    0x080003d0   0x00000154   Code   RO         2370    .emb_text           rtx_mempool.o
    0x08000524   0x00000154   Code   RO         2527    .emb_text           rtx_msgqueue.o
    0x08000678   0x00000154   Code   RO         2928    .emb_text           rtx_system.o
    0x080007cc   0x00000154   Code   RO         2984    .emb_text           rtx_thread.o
    0x08000920   0x00000094   Code   RO         1802    .text               irq_cm3.o
    0x080009b4   0x00000040   Code   RO         4998    .text               startup_stm32f10x_md.o
    0x080009f4   0x00000034   Code   RO         5050    .text               c_w.l(vsnprintf.o)
    0x08000a28   0x0000002c   Code   RO         5052    .text               c_w.l(__2sprintf.o)
    0x08000a54   0x00000038   Code   RO         5054    .text               c_w.l(__2snprintf.o)
    0x08000a8c   0x0000004e   Code   RO         5062    .text               c_w.l(_printf_pad.o)
    0x08000ada   0x00000052   Code   RO         5064    .text               c_w.l(_printf_str.o)
    0x08000b2c   0x00000078   Code   RO         5066    .text               c_w.l(_printf_dec.o)
    0x08000ba4   0x00000188   Code   RO         5085    .text               c_w.l(__printf_flags_ss_wp.o)
    0x08000d2c   0x0000003c   Code   RO         5092    .text               c_w.l(sscanf.o)
    0x08000d68   0x0000003c   Code   RO         5094    .text               c_w.l(__0sscanf.o)
    0x08000da4   0x0000014c   Code   RO         5096    .text               c_w.l(_scanf_int.o)
    0x08000ef0   0x000000e0   Code   RO         5098    .text               c_w.l(_scanf_str.o)
    0x08000fd0   0x0000001e   Code   RO         5100    .text               c_w.l(strpbrk.o)
    0x08000fee   0x00000058   Code   RO         5102    .text               c_w.l(memcmp.o)
    0x08001046   0x00000048   Code   RO         5104    .text               c_w.l(strcpy.o)
    0x0800108e   0x0000003e   Code   RO         5106    .text               c_w.l(strlen.o)
    0x080010cc   0x0000008a   Code   RO         5108    .text               c_w.l(rt_memcpy_v6.o)
    0x08001156   0x00000044   Code   RO         5110    .text               c_w.l(rt_memclr.o)
    0x0800119a   0x0000004e   Code   RO         5112    .text               c_w.l(rt_memclr_w.o)
    0x080011e8   0x0000000c   Code   RO         5114    .text               c_w.l(localtime.o)
    0x080011f4   0x000001ac   Code   RO         5117    .text               c_w.l(mktime.o)
    0x080013a0   0x00000006   Code   RO         5119    .text               c_w.l(heapauxi.o)
    0x080013a6   0x00000024   Code   RO         5124    .text               c_w.l(_printf_truncate.o)
    0x080013ca   0x000000b2   Code   RO         5126    .text               c_w.l(_printf_intcommon.o)
    0x0800147c   0x00000028   Code   RO         5128    .text               c_w.l(_printf_charcount.o)
    0x080014a4   0x00000030   Code   RO         5130    .text               c_w.l(_printf_char_common.o)
    0x080014d4   0x0000000a   Code   RO         5132    .text               c_w.l(_sputc.o)
    0x080014de   0x00000010   Code   RO         5134    .text               c_w.l(_snputc.o)
    0x080014ee   0x0000002c   Code   RO         5136    .text               c_w.l(_printf_char.o)
    0x0800151a   0x00000002   PAD
    0x0800151c   0x000000bc   Code   RO         5138    .text               c_w.l(_printf_wctomb.o)
    0x080015d8   0x0000007c   Code   RO         5141    .text               c_w.l(_printf_longlong_dec.o)
    0x08001654   0x00000070   Code   RO         5147    .text               c_w.l(_printf_oct_int_ll.o)
    0x080016c4   0x00000094   Code   RO         5167    .text               c_w.l(_printf_hex_int_ll_ptr.o)
    0x08001758   0x0000001c   Code   RO         5190    .text               c_w.l(_chval.o)
    0x08001774   0x00000156   Code   RO         5192    .text               c_w.l(_scanf_longlong.o)
    0x080018ca   0x00000002   PAD
    0x080018cc   0x0000002c   Code   RO         5194    .text               c_w.l(scanf_char.o)
    0x080018f8   0x00000040   Code   RO         5196    .text               c_w.l(_sgetc.o)
    0x08001938   0x00000114   Code   RO         5198    .text               c_w.l(_scanf_mbtowc.o)
    0x08001a4c   0x000000e8   Code   RO         5200    .text               c_w.l(_scanf_wctomb.o)
    0x08001b34   0x000000d0   Code   RO         5202    .text               c_w.l(_scanf_wstr.o)
    0x08001c04   0x00000064   Code   RO         5204    .text               c_w.l(rt_memcpy_w.o)
    0x08001c68   0x000000b8   Code   RO         5207    .text               c_w.l(localtime_internal.o)
    0x08001d20   0x0000008a   Code   RO         5234    .text               c_w.l(lludiv10.o)
    0x08001daa   0x00000012   Code   RO         5236    .text               c_w.l(isspace.o)
    0x08001dbc   0x0000041a   Code   RO         5238    .text               c_w.l(_printf_fp_dec.o)
    0x080021d6   0x00000002   PAD
    0x080021d8   0x000002fc   Code   RO         5240    .text               c_w.l(_printf_fp_hex.o)
    0x080024d4   0x0000002c   Code   RO         5245    .text               c_w.l(_printf_wchar.o)
    0x08002500   0x00000374   Code   RO         5247    .text               c_w.l(_scanf.o)
    0x08002874   0x000004a4   Code   RO         5249    .text               c_w.l(scanf_fp.o)
    0x08002d18   0x0000001e   Code   RO         5251    .text               c_w.l(_scanf_wcharmap.o)
    0x08002d36   0x0000003c   Code   RO         5253    .text               c_w.l(_mbrtowc.o)
    0x08002d72   0x00000040   Code   RO         5255    .text               c_w.l(_wcrtomb.o)
    0x08002db2   0x0000004a   Code   RO         5257    .text               c_w.l(sys_stackheap_outer.o)
    0x08002dfc   0x00000010   Code   RO         5259    .text               c_w.l(rt_ctype_table.o)
    0x08002e0c   0x0000000a   Code   RO         5266    .text               c_w.l(rt_locale_twolibspace.o)
    0x08002e16   0x00000004   Code   RO         5273    .text               c_w.l(rt_errno_addr_twolibspace.o)
    0x08002e1a   0x00000002   PAD
    0x08002e1c   0x00000080   Code   RO         5275    .text               c_w.l(_printf_fp_infnan.o)
    0x08002e9c   0x000000dc   Code   RO         5277    .text               c_w.l(bigflt0.o)
    0x08002f78   0x00000012   Code   RO         5305    .text               c_w.l(exit.o)
    0x08002f8a   0x00000002   PAD
    0x08002f8c   0x00000008   Code   RO         5331    .text               c_w.l(libspace.o)
    0x08002f94   0x00000016   Code   RO         5336    .text               c_w.l(_rserrno.o)
    0x08002faa   0x00000002   PAD
    0x08002fac   0x00000320   Code   RO         5338    .text               c_w.l(scanf_hexfp.o)
    0x080032cc   0x00000134   Code   RO         5340    .text               c_w.l(scanf_infnan.o)
    0x08003400   0x00000080   Code   RO         5345    .text               c_w.l(strcmpv7m.o)
    0x08003480   0x00000026   Code   RO         5409    .text               c_w.l(llshl.o)
    0x080034a6   0x00000002   PAD
    0x080034a8   0x0000000c   Code   RO         5437    .text               c_w.l(sys_exit.o)
    0x080034b4   0x00000002   Code   RO         5465    .text               c_w.l(use_no_semi.o)
    0x080034b6   0x00000000   Code   RO         5467    .text               c_w.l(indicate_semi.o)
    0x080034b6   0x0000003e   Code   RO         5280    CL$$btod_d2e        c_w.l(btod.o)
    0x080034f4   0x00000046   Code   RO         5282    CL$$btod_d2e_denorm_low  c_w.l(btod.o)
    0x0800353a   0x00000060   Code   RO         5281    CL$$btod_d2e_norm_op1  c_w.l(btod.o)
    0x0800359a   0x00000338   Code   RO         5290    CL$$btod_div_common  c_w.l(btod.o)
    0x080038d2   0x00000002   PAD
    0x080038d4   0x00000054   Code   RO         5288    CL$$btod_e2d        c_w.l(btod.o)
    0x08003928   0x000000c6   Code   RO         5287    CL$$btod_e2e        c_w.l(btod.o)
    0x080039ee   0x00000028   Code   RO         5284    CL$$btod_ediv       c_w.l(btod.o)
    0x08003a16   0x00000028   Code   RO         5286    CL$$btod_edivd      c_w.l(btod.o)
    0x08003a3e   0x00000028   Code   RO         5283    CL$$btod_emul       c_w.l(btod.o)
    0x08003a66   0x00000028   Code   RO         5285    CL$$btod_emuld      c_w.l(btod.o)
    0x08003a8e   0x00000244   Code   RO         5289    CL$$btod_mult_common  c_w.l(btod.o)
    0x08003cd2   0x00000002   PAD
    0x08003cd4   0x0000002c   Code   RO         1061    i.AES128_ECB_encrypt  aes.o
    0x08003d00   0x00000048   Code   RO         1062    i.AddRoundKey       aes.o
    0x08003d48   0x00000014   Code   RO          964    i.AppGsmINITClear   sim808_app.o
    0x08003d5c   0x00000014   Code   RO          965    i.AppGsmINITSet     sim808_app.o
    0x08003d70   0x00000014   Code   RO          966    i.AppGsmPSDClear    sim808_app.o
    0x08003d84   0x00000014   Code   RO          968    i.AppGsmTCPClear    sim808_app.o
    0x08003d98   0x00000014   Code   RO          969    i.AppGsmTCPSet      sim808_app.o
    0x08003dac   0x00000048   Code   RO            4    i.AppObjCreate      main.o
    0x08003df4   0x00000010   Code   RO            5    i.AppThreadCreate   main.o
    0x08003e04   0x00000018   Code   RO         1668    i.App_ObjCreate     app_thread.o
    0x08003e1c   0x000005ac   Code   RO         1669    i.App_Thread        app_thread.o
    0x080043c8   0x00000024   Code   RO         1670    i.App_ThreadCreate  app_thread.o
    0x080043ec   0x00000014   Code   RO         1063    i.BlockCopy         aes.o
    0x08004400   0x00000008   Code   RO          162    i.BusFault_Handler  stm32f10x_it.o
    0x08004408   0x00000038   Code   RO         1064    i.Cipher            aes.o
    0x08004440   0x00000002   Code   RO          163    i.DebugMon_Handler  stm32f10x_it.o
    0x08004442   0x00000002   PAD
    0x08004444   0x0000001c   Code   RO          164    i.EXTI0_IRQHandler  stm32f10x_it.o
    0x08004460   0x0000001c   Code   RO          165    i.EXTI15_10_IRQHandler  stm32f10x_it.o
    0x0800447c   0x00000018   Code   RO          166    i.EXTI1_IRQHandler  stm32f10x_it.o
    0x08004494   0x00000010   Code   RO          167    i.EXTI9_5_IRQHandler  stm32f10x_it.o
    0x080044a4   0x0000000c   Code   RO         3677    i.EXTI_ClearITPendingBit  stm32f10x_exti.o
    0x080044b0   0x00000094   Code   RO         3682    i.EXTI_Init         stm32f10x_exti.o
    0x08004544   0x00000056   Code   RO         1885    i.EventFlagsCheck   rtx_evflags.o
    0x0800459a   0x00000016   Code   RO         1886    i.EventFlagsClear   rtx_evflags.o
    0x080045b0   0x00000016   Code   RO         1887    i.EventFlagsSet     rtx_evflags.o
    0x080045c6   0x00000002   PAD
    0x080045c8   0x0000004c   Code   RO         3747    i.FLASH_ErasePage   stm32f10x_flash.o
    0x08004614   0x00000034   Code   RO         3748    i.FLASH_GetBank1Status  stm32f10x_flash.o
    0x08004648   0x0000006c   Code   RO         3762    i.FLASH_ProgramWord  stm32f10x_flash.o
    0x080046b4   0x00000018   Code   RO         3765    i.FLASH_Unlock      stm32f10x_flash.o
    0x080046cc   0x00000026   Code   RO         3769    i.FLASH_WaitForLastOperation  stm32f10x_flash.o
    0x080046f2   0x00000002   PAD
    0x080046f4   0x0000001c   Code   RO         1276    i.Flash_Parameter_Flash_Erase  system.o
    0x08004710   0x0000002c   Code   RO         1277    i.Flash_Parameter_Flash_To_Ram  system.o
    0x0800473c   0x00000038   Code   RO         1278    i.Flash_Parameter_Ram_To_Flash  system.o
    0x08004774   0x00000008   Code   RO         1279    i.Flash_Parameter_Read  system.o
    0x0800477c   0x0000000c   Code   RO         1280    i.Flash_Parameter_Write  system.o
    0x08004788   0x00000040   Code   RO         3931    i.GPIO_EXTILineConfig  stm32f10x_gpio.o
    0x080047c8   0x00000116   Code   RO         3934    i.GPIO_Init         stm32f10x_gpio.o
    0x080048de   0x00000002   PAD
    0x080048e0   0x0000013c   Code   RO         4959    i.GPIO_PortClock    gpio_stm32f10x.o
    0x08004a1c   0x00000012   Code   RO         3938    i.GPIO_ReadInputDataBit  stm32f10x_gpio.o
    0x08004a2e   0x00000004   Code   RO         3941    i.GPIO_ResetBits    stm32f10x_gpio.o
    0x08004a32   0x00000004   Code   RO         3942    i.GPIO_SetBits      stm32f10x_gpio.o
    0x08004a36   0x000000ba   Code   RO          503    i.GsmDestuffing     sim808_driver.o
    0x08004af0   0x000000d4   Code   RO          504    i.GsmStaffing       sim808_driver.o
    0x08004bc4   0x00000008   Code   RO          168    i.HardFault_Handler  stm32f10x_it.o
    0x08004bcc   0x00000018   Code   RO         4055    i.I2C_AcknowledgeConfig  stm32f10x_i2c.o
    0x08004be4   0x0000002a   Code   RO         4057    i.I2C_CheckEvent    stm32f10x_i2c.o
    0x08004c0e   0x00000018   Code   RO         4060    i.I2C_Cmd           stm32f10x_i2c.o
    0x08004c26   0x00000002   PAD
    0x08004c28   0x00000038   Code   RO         4063    i.I2C_DeInit        stm32f10x_i2c.o
    0x08004c60   0x00000018   Code   RO         4067    i.I2C_GenerateSTART  stm32f10x_i2c.o
    0x08004c78   0x00000018   Code   RO         4068    i.I2C_GenerateSTOP  stm32f10x_i2c.o
    0x08004c90   0x0000003a   Code   RO         4069    i.I2C_GetFlagStatus  stm32f10x_i2c.o
    0x08004cca   0x00000002   PAD
    0x08004ccc   0x000000ec   Code   RO         4074    i.I2C_Init          stm32f10x_i2c.o
    0x08004db8   0x00000008   Code   RO         4079    i.I2C_ReceiveData   stm32f10x_i2c.o
    0x08004dc0   0x00000012   Code   RO         4081    i.I2C_Send7bitAddress  stm32f10x_i2c.o
    0x08004dd2   0x00000004   Code   RO         4082    i.I2C_SendData      stm32f10x_i2c.o
    0x08004dd6   0x00000002   PAD
    0x08004dd8   0x00000010   Code   RO         4270    i.IWDG_Enable       stm32f10x_iwdg.o
    0x08004de8   0x00000010   Code   RO         4272    i.IWDG_ReloadCounter  stm32f10x_iwdg.o
    0x08004df8   0x0000000c   Code   RO         4273    i.IWDG_SetPrescaler  stm32f10x_iwdg.o
    0x08004e04   0x0000000c   Code   RO         4275    i.IWDG_WriteAccessCmd  stm32f10x_iwdg.o
    0x08004e10   0x00000018   Code   RO         1810    i.IsIrqMasked       rtx_delay.o
    0x08004e28   0x00000018   Code   RO         1888    i.IsIrqMasked       rtx_evflags.o
    0x08004e40   0x00000018   Code   RO         2035    i.IsIrqMasked       rtx_kernel.o
    0x08004e58   0x00000018   Code   RO         2528    i.IsIrqMasked       rtx_msgqueue.o
    0x08004e70   0x00000018   Code   RO         2706    i.IsIrqMasked       rtx_mutex.o
    0x08004e88   0x00000018   Code   RO         2985    i.IsIrqMasked       rtx_thread.o
    0x08004ea0   0x00000010   Code   RO         1811    i.IsIrqMode         rtx_delay.o
    0x08004eb0   0x00000010   Code   RO         1889    i.IsIrqMode         rtx_evflags.o
    0x08004ec0   0x00000010   Code   RO         2036    i.IsIrqMode         rtx_kernel.o
    0x08004ed0   0x00000010   Code   RO         2529    i.IsIrqMode         rtx_msgqueue.o
    0x08004ee0   0x00000010   Code   RO         2707    i.IsIrqMode         rtx_mutex.o
    0x08004ef0   0x00000010   Code   RO         2986    i.IsIrqMode         rtx_thread.o
    0x08004f00   0x00000010   Code   RO         2037    i.IsPrivileged      rtx_kernel.o
    0x08004f10   0x00000164   Code   RO         1069    i.KeyExpansion      aes.o
    0x08005074   0x0000000a   Code   RO         2323    i.MemBlockPtr       rtx_memory.o
    0x0800507e   0x00000008   Code   RO          169    i.MemManage_Handler  stm32f10x_it.o
    0x08005086   0x00000034   Code   RO         2530    i.MessageQueueGet   rtx_msgqueue.o
    0x080050ba   0x0000004c   Code   RO         2531    i.MessageQueuePut   rtx_msgqueue.o
    0x08005106   0x00000022   Code   RO         2532    i.MessageQueueRemove  rtx_msgqueue.o
    0x08005128   0x00000128   Code   RO         1070    i.MixColumns        aes.o
    0x08005250   0x00000002   Code   RO          170    i.NMI_Handler       stm32f10x_it.o
    0x08005252   0x00000002   PAD
    0x08005254   0x00000070   Code   RO         3628    i.NVIC_Init         misc.o
    0x080052c4   0x00000008   Code   RO         3523    i.OS_Tick_AcknowledgeIRQ  os_systick.o
    0x080052cc   0x00000030   Code   RO         3525    i.OS_Tick_Enable    os_systick.o
    0x080052fc   0x00000006   Code   RO         3528    i.OS_Tick_GetIRQn   os_systick.o
    0x08005302   0x00000002   PAD
    0x08005304   0x00000050   Code   RO         3531    i.OS_Tick_Setup     os_systick.o
    0x08005354   0x0000000c   Code   RO         4324    i.PWR_BackupAccessCmd  stm32f10x_pwr.o
    0x08005360   0x00000002   Code   RO         1726    i.Position_ObjCreate  position_thread.o
    0x08005362   0x00000002   PAD
    0x08005364   0x00000254   Code   RO         1727    i.Position_Thread   position_thread.o
    0x080055b8   0x00000024   Code   RO         1728    i.Position_ThreadCreate  position_thread.o
    0x080055dc   0x00000020   Code   RO         4398    i.RCC_APB1PeriphClockCmd  stm32f10x_rcc.o
    0x080055fc   0x00000020   Code   RO         4399    i.RCC_APB1PeriphResetCmd  stm32f10x_rcc.o
    0x0800561c   0x00000020   Code   RO         4400    i.RCC_APB2PeriphClockCmd  stm32f10x_rcc.o
    0x0800563c   0x00000020   Code   RO         4401    i.RCC_APB2PeriphResetCmd  stm32f10x_rcc.o
    0x0800565c   0x00000014   Code   RO         4404    i.RCC_ClearFlag     stm32f10x_rcc.o
    0x08005670   0x000000d4   Code   RO         4408    i.RCC_GetClocksFreq  stm32f10x_rcc.o
    0x08005744   0x0000003c   Code   RO         4409    i.RCC_GetFlagStatus  stm32f10x_rcc.o
    0x08005780   0x00000034   Code   RO         4416    i.RCC_LSEConfig     stm32f10x_rcc.o
    0x080057b4   0x0000000c   Code   RO         4423    i.RCC_RTCCLKCmd     stm32f10x_rcc.o
    0x080057c0   0x00000010   Code   RO         4424    i.RCC_RTCCLKConfig  stm32f10x_rcc.o
    0x080057d0   0x00000030   Code   RO          508    i.SIM808BringUpWireless  sim808_driver.o
    0x08005800   0x00000044   Code   RO          509    i.SIM808CallToDialNumber  sim808_driver.o
    0x08005844   0x00000034   Code   RO          510    i.SIM808CheckEcoState  sim808_driver.o
    0x08005878   0x00000030   Code   RO          511    i.SIM808DeactiveGPRSPDP  sim808_driver.o
    0x080058a8   0x00000058   Code   RO          512    i.SIM808DefineIPDStatus  sim808_driver.o
    0x08005900   0x00000040   Code   RO          513    i.SIM808DefineLastParsedNMEA  sim808_driver.o
    0x08005940   0x00000028   Code   RO          515    i.SIM808DisconnectCall  sim808_driver.o
    0x08005968   0x000000dc   Code   RO          518    i.SIM808GetConnectionStatus  sim808_driver.o
    0x08005a44   0x00000030   Code   RO          519    i.SIM808GetGNSSNMEAParameter  sim808_driver.o
    0x08005a74   0x00000040   Code   RO          520    i.SIM808GetGNSSPowerMode  sim808_driver.o
    0x08005ab4   0x00000044   Code   RO          521    i.SIM808GetGPRSAttachStatus  sim808_driver.o
    0x08005af8   0x00000040   Code   RO          522    i.SIM808GetIMEI     sim808_driver.o
    0x08005b38   0x00000040   Code   RO          523    i.SIM808GetIPDStatus  sim808_driver.o
    0x08005b78   0x00000058   Code   RO          525    i.SIM808GetLocalIPAddress  sim808_driver.o
    0x08005bd0   0x00000050   Code   RO          526    i.SIM808GetNetworkRegistrationStatus  sim808_driver.o
    0x08005c20   0x00000044   Code   RO          527    i.SIM808GetPDPContextStatus  sim808_driver.o
    0x08005c64   0x0000004c   Code   RO          528    i.SIM808GetSignalStrength  sim808_driver.o
    0x08005cb0   0x00000040   Code   RO          529    i.SIM808GetSmsFormat  sim808_driver.o
    0x08005cf0   0x00000058   Code   RO          530    i.SIM808GetSmsNotification  sim808_driver.o
    0x08005d48   0x0000006c   Code   RO          531    i.SIM808GetSmsTextModeParameter  sim808_driver.o
    0x08005db4   0x00000048   Code   RO          532    i.SIM808GetTASoftwareRelease  sim808_driver.o
    0x08005dfc   0x00000064   Code   RO          538    i.SIM808Init        sim808_driver.o
    0x08005e60   0x00000030   Code   RO          541    i.SIM808Reset       sim808_driver.o
    0x08005e90   0x00000044   Code   RO          542    i.SIM808SetApnNameAndStartTask  sim808_driver.o
    0x08005ed4   0x00000040   Code   RO          545    i.SIM808SetDTEBaudRate  sim808_driver.o
    0x08005f14   0x0000004c   Code   RO          546    i.SIM808SetEcoState  sim808_driver.o
    0x08005f60   0x00000040   Code   RO          547    i.SIM808SetGNSSPowerMode  sim808_driver.o
    0x08005fa0   0x00000040   Code   RO          548    i.SIM808SetGPRSAttachStatus  sim808_driver.o
    0x08005fe0   0x00000040   Code   RO          552    i.SIM808SetPDPContextStatus  sim808_driver.o
    0x08006020   0x000000a0   Code   RO          553    i.SIM808SetPowerState  sim808_driver.o
    0x080060c0   0x0000003c   Code   RO          554    i.SIM808SetSmsFormat  sim808_driver.o
    0x080060fc   0x0000004c   Code   RO          555    i.SIM808SetSmsNotification  sim808_driver.o
    0x08006148   0x00000054   Code   RO          556    i.SIM808SetSmsTextModeParameter  sim808_driver.o
    0x0800619c   0x00000048   Code   RO          557    i.SIM808SmsDelete   sim808_driver.o
    0x080061e4   0x0000008c   Code   RO          558    i.SIM808SmsRead     sim808_driver.o
    0x08006270   0x000000a8   Code   RO          559    i.SIM808SmsSend     sim808_driver.o
    0x08006318   0x0000007c   Code   RO          560    i.SIM808StartTCP    sim808_driver.o
    0x08006394   0x00000090   Code   RO          562    i.SIM808TcpSend     sim808_driver.o
    0x08006424   0x00000028   Code   RO          563    i.SIM808Test        sim808_driver.o
    0x0800644c   0x00000018   Code   RO         4613    i.SPI_Cmd           stm32f10x_spi.o
    0x08006464   0x00000058   Code   RO         4620    i.SPI_I2S_DeInit    stm32f10x_spi.o
    0x080064bc   0x00000012   Code   RO         4621    i.SPI_I2S_GetFlagStatus  stm32f10x_spi.o
    0x080064ce   0x00000006   Code   RO         4624    i.SPI_I2S_ReceiveData  stm32f10x_spi.o
    0x080064d4   0x00000004   Code   RO         4625    i.SPI_I2S_SendData  stm32f10x_spi.o
    0x080064d8   0x0000003c   Code   RO         4626    i.SPI_Init          stm32f10x_spi.o
    0x08006514   0x00000008   Code   RO         5005    i.SetSysClock       system_stm32f10x.o
    0x0800651c   0x000000e0   Code   RO         5006    i.SetSysClockTo72   system_stm32f10x.o
    0x080065fc   0x00000098   Code   RO         1071    i.ShiftRows         aes.o
    0x08006694   0x00000714   Code   RO         1612    i.Sim808Basic_Thread  sim808_thread.o
    0x08006da8   0x000000ec   Code   RO          564    i.Sim808CheckReceiveByte  sim808_driver.o
    0x08006e94   0x00000b0c   Code   RO          565    i.Sim808CheckResponse  sim808_driver.o
    0x080079a0   0x0000001a   Code   RO          566    i.Sim808Execute     sim808_driver.o
    0x080079ba   0x00000002   PAD
    0x080079bc   0x0000000c   Code   RO          567    i.Sim808Interrupt   sim808_driver.o
    0x080079c8   0x00000020   Code   RO          568    i.Sim808Lock        sim808_driver.o
    0x080079e8   0x00000054   Code   RO          570    i.Sim808SendBinaryWithCtrlZ  sim808_driver.o
    0x08007a3c   0x00000060   Code   RO          571    i.Sim808SendCommand  sim808_driver.o
    0x08007a9c   0x0000002c   Code   RO          572    i.Sim808TrueReceiveData  sim808_driver.o
    0x08007ac8   0x0000001c   Code   RO          573    i.Sim808UnLock      sim808_driver.o
    0x08007ae4   0x00000040   Code   RO         1613    i.Sim808Urc_Thread  sim808_thread.o
    0x08007b24   0x00000068   Code   RO          574    i.Sim808WaitForResponse  sim808_driver.o
    0x08007b8c   0x00000040   Code   RO         1614    i.Sim808_ObjCreate  sim808_thread.o
    0x08007bcc   0x0000003c   Code   RO         1615    i.Sim808_ThreadCreate  sim808_thread.o
    0x08007c08   0x00001698   Code   RO          970    i.SmsCmd            sim808_app.o
    0x080092a0   0x00000038   Code   RO         1072    i.SubBytes          aes.o
    0x080092d8   0x000000a4   Code   RO         5007    i.SystemCoreClockUpdate  system_stm32f10x.o
    0x0800937c   0x00000060   Code   RO         5008    i.SystemInit        system_stm32f10x.o
    0x080093dc   0x00000020   Code   RO          971    i.TcpCmd            sim808_app.o
    0x080093fc   0x00000056   Code   RO         2987    i.ThreadFlagsCheck  rtx_thread.o
    0x08009452   0x00000002   PAD
    0x08009454   0x00000040   Code   RO         3399    i.TimerInsert       rtx_timer.o
    0x08009494   0x00000018   Code   RO         3401    i.TimerUnlink       rtx_timer.o
    0x080094ac   0x00000030   Code   RO          171    i.USART3_IRQHandler  stm32f10x_it.o
    0x080094dc   0x0000001e   Code   RO         4765    i.USART_ClearITPendingBit  stm32f10x_usart.o
    0x080094fa   0x00000018   Code   RO         4768    i.USART_Cmd         stm32f10x_usart.o
    0x08009512   0x0000001a   Code   RO         4771    i.USART_GetFlagStatus  stm32f10x_usart.o
    0x0800952c   0x0000004a   Code   RO         4774    i.USART_ITConfig    stm32f10x_usart.o
    0x08009576   0x00000002   PAD
    0x08009578   0x000000d8   Code   RO         4775    i.USART_Init        stm32f10x_usart.o
    0x08009650   0x0000000a   Code   RO         4782    i.USART_ReceiveData  stm32f10x_usart.o
    0x0800965a   0x00000008   Code   RO         4785    i.USART_SendData    stm32f10x_usart.o
    0x08009662   0x00000008   Code   RO          172    i.UsageFault_Handler  stm32f10x_it.o
    0x0800966a   0x00000028   Code   RO         5323    i.__ARM_fpclassify  m_ws.l(fpclassify.o)
    0x08009692   0x00000002   PAD
    0x08009694   0x00000040   Code   RO          173    i.__NVIC_SystemReset  stm32f10x_it.o
    0x080096d4   0x00000040   Code   RO          972    i.__NVIC_SystemReset  sim808_app.o
    0x08009714   0x00000040   Code   RO         1616    i.__NVIC_SystemReset  sim808_thread.o
    0x08009754   0x0000000e   Code   RO         5452    i.__mathlib_dbl_overflow  m_ws.l(dunder.o)
    0x08009762   0x00000002   PAD
    0x08009764   0x00000010   Code   RO         5454    i.__mathlib_dbl_underflow  m_ws.l(dunder.o)
    0x08009774   0x00000010   Code   RO         5325    i.__mathlib_narrow  m_ws.l(narrow.o)
    0x08009784   0x00000088   Code   RO         5326    i.__mathlib_tofloat  m_ws.l(narrow.o)
    0x0800980c   0x00000016   Code   RO         5426    i.__support_ldexp   m_ws.l(ldexp.o)
    0x08009822   0x00000002   PAD
    0x08009824   0x00000058   Code   RO         2247    i.__user_perthread_libspace  rtx_lib.o
    0x0800987c   0x0000000e   Code   RO         5078    i._is_digit         c_w.l(__printf_wp.o)
    0x0800988a   0x00000016   Code   RO         2248    i._mutex_acquire    rtx_lib.o
    0x080098a0   0x0000000c   Code   RO         2249    i._mutex_free       rtx_lib.o
    0x080098ac   0x00000022   Code   RO         2250    i._mutex_initialize  rtx_lib.o
    0x080098ce   0x00000012   Code   RO         2251    i._mutex_release    rtx_lib.o
    0x080098e0   0x00000008   Code   RO         2252    i._platform_post_stackheap_init  rtx_lib.o
    0x080098e8   0x00000150   Code   RO            6    i.app_main          main.o
    0x08009a38   0x00000026   Code   RO         1729    i.blinkLedGreen     position_thread.o
    0x08009a5e   0x00000002   PAD
    0x08009a60   0x00000014   Code   RO          280    i.bspAccReadStatus  bsp.o
    0x08009a74   0x00000034   Code   RO          281    i.bspBuzzerInit     bsp.o
    0x08009aa8   0x00000018   Code   RO          282    i.bspDoorReadStatus  bsp.o
    0x08009ac0   0x000000c4   Code   RO          283    i.bspInit           bsp.o
    0x08009b84   0x00000154   Code   RO          284    i.bspInputInit      bsp.o
    0x08009cd8   0x00000014   Code   RO          285    i.bspLedGreenOFF    bsp.o
    0x08009cec   0x00000014   Code   RO          286    i.bspLedGreenON     bsp.o
    0x08009d00   0x0000005c   Code   RO          288    i.bspLedInit        bsp.o
    0x08009d5c   0x00000064   Code   RO          289    i.bspOutputInit     bsp.o
    0x08009dc0   0x00000014   Code   RO          290    i.bspPowerReadStatus  bsp.o
    0x08009dd4   0x000000a8   Code   RO          291    i.bspSerial3Init    bsp.o
    0x08009e7c   0x00000104   Code   RO          292    i.bspSim808Init     bsp.o
    0x08009f80   0x00000024   Code   RO          293    i.bspSim808PowerOn  bsp.o
    0x08009fa4   0x00000014   Code   RO          294    i.bspSim808ReadStatus  bsp.o
    0x08009fb8   0x00000024   Code   RO          295    i.bspSim808Reset    bsp.o
    0x08009fdc   0x00000030   Code   RO          296    i.bspSim808SendBinaray  bsp.o
    0x0800a00c   0x0000007c   Code   RO         1730    i.checkAlarmStatus  position_thread.o
    0x0800a088   0x000000a8   Code   RO         1731    i.checkSensorChange  position_thread.o
    0x0800a130   0x00000020   Code   RO         1732    i.clearCheckMovingIntervals  position_thread.o
    0x0800a150   0x00000070   Code   RO         1671    i.clearIntervals    app_thread.o
    0x0800a1c0   0x0000004e   Code   RO          297    i.debounceInput     bsp.o
    0x0800a20e   0x00000002   PAD
    0x0800a210   0x0000007c   Code   RO         1194    i.eepromI2CAddressDirection  eeprom.o
    0x0800a28c   0x00000040   Code   RO         1195    i.eepromI2CReceiveAck  eeprom.o
    0x0800a2cc   0x00000040   Code   RO         1196    i.eepromI2CReceiveNack  eeprom.o
    0x0800a30c   0x00000040   Code   RO         1197    i.eepromI2CStart    eeprom.o
    0x0800a34c   0x00000040   Code   RO         1198    i.eepromI2CStop     eeprom.o
    0x0800a38c   0x00000040   Code   RO         1199    i.eepromI2CTransmit  eeprom.o
    0x0800a3cc   0x0000007c   Code   RO         1200    i.eepromInit        eeprom.o
    0x0800a448   0x00000020   Code   RO         1201    i.eepromLock        eeprom.o
    0x0800a468   0x000000ac   Code   RO         1202    i.eepromRead        eeprom.o
    0x0800a514   0x0000001c   Code   RO         1203    i.eepromUnLock      eeprom.o
    0x0800a530   0x000000f0   Code   RO         1204    i.eepromWrite       eeprom.o
    0x0800a620   0x00000058   Code   RO         1076    i.encrypt_ecb       aes.o
    0x0800a678   0x00000058   Code   RO         5399    i.frexp             m_ws.l(frexp.o)
    0x0800a6d0   0x0000000c   Code   RO         1078    i.getSBoxValue      aes.o
    0x0800a6dc   0x00000072   Code   RO         2533    i.isrRtxMessageQueueGet  rtx_msgqueue.o
    0x0800a74e   0x0000007a   Code   RO         2534    i.isrRtxMessageQueuePut  rtx_msgqueue.o
    0x0800a7c8   0x00000034   Code   RO         2929    i.isr_queue_get     rtx_system.o
    0x0800a7fc   0x0000003c   Code   RO         2930    i.isr_queue_put     rtx_system.o
    0x0800a838   0x00000074   Code   RO         5427    i.ldexp             m_ws.l(ldexp.o)
    0x0800a8ac   0x00000034   Code   RO            7    i.main              main.o
    0x0800a8e0   0x0000002c   Code   RO         1812    i.osDelay           rtx_delay.o
    0x0800a90c   0x00000038   Code   RO         1890    i.osEventFlagsClear  rtx_evflags.o
    0x0800a944   0x00000030   Code   RO         1892    i.osEventFlagsGet   rtx_evflags.o
    0x0800a974   0x0000002c   Code   RO         1894    i.osEventFlagsNew   rtx_evflags.o
    0x0800a9a0   0x00000074   Code   RO         1895    i.osEventFlagsSet   rtx_evflags.o
    0x0800aa14   0x0000008c   Code   RO         1896    i.osEventFlagsWait  rtx_evflags.o
    0x0800aaa0   0x00000030   Code   RO         2041    i.osKernelGetState  rtx_kernel.o
    0x0800aad0   0x00000028   Code   RO         2046    i.osKernelInitialize  rtx_kernel.o
    0x0800aaf8   0x00000028   Code   RO         2050    i.osKernelStart     rtx_kernel.o
    0x0800ab20   0x00000048   Code   RO         2536    i.osMessageQueueGet  rtx_msgqueue.o
    0x0800ab68   0x00000038   Code   RO         2542    i.osMessageQueueNew  rtx_msgqueue.o
    0x0800aba0   0x00000048   Code   RO         2543    i.osMessageQueuePut  rtx_msgqueue.o
    0x0800abe8   0x00000030   Code   RO         2708    i.osMutexAcquire    rtx_mutex.o
    0x0800ac18   0x0000002c   Code   RO         2709    i.osMutexDelete     rtx_mutex.o
    0x0800ac44   0x0000002c   Code   RO         2712    i.osMutexNew        rtx_mutex.o
    0x0800ac70   0x0000002c   Code   RO         2713    i.osMutexRelease    rtx_mutex.o
    0x0800ac9c   0x00000168   Code   RO         3597    i.osRtxErrorNotify  rtx_config.o
    0x0800ae04   0x0000003e   Code   RO         1897    i.osRtxEventFlagsPostProcess  rtx_evflags.o
    0x0800ae42   0x00000004   Code   RO         3598    i.osRtxIdleThread   rtx_config.o
    0x0800ae46   0x00000002   PAD
    0x0800ae48   0x0000000c   Code   RO         2990    i.osRtxKernelGetState  rtx_thread.o
    0x0800ae54   0x000000c8   Code   RO         2324    i.osRtxMemoryAlloc  rtx_memory.o
    0x0800af1c   0x0000005e   Code   RO         2325    i.osRtxMemoryFree   rtx_memory.o
    0x0800af7a   0x00000056   Code   RO         2326    i.osRtxMemoryInit   rtx_memory.o
    0x0800afd0   0x0000002a   Code   RO         2382    i.osRtxMemoryPoolAlloc  rtx_mempool.o
    0x0800affa   0x00000038   Code   RO         2383    i.osRtxMemoryPoolFree  rtx_mempool.o
    0x0800b032   0x0000003a   Code   RO         2384    i.osRtxMemoryPoolInit  rtx_mempool.o
    0x0800b06c   0x00000106   Code   RO         2545    i.osRtxMessageQueuePostProcess  rtx_msgqueue.o
    0x0800b172   0x0000004e   Code   RO         2714    i.osRtxMutexOwnerRelease  rtx_mutex.o
    0x0800b1c0   0x00000084   Code   RO         2931    i.osRtxPendSV_Handler  rtx_system.o
    0x0800b244   0x0000003c   Code   RO         2932    i.osRtxPostProcess  rtx_system.o
    0x0800b280   0x00000034   Code   RO         2991    i.osRtxThreadBlock  rtx_thread.o
    0x0800b2b4   0x00000068   Code   RO         2992    i.osRtxThreadDelayInsert  rtx_thread.o
    0x0800b31c   0x00000074   Code   RO         2993    i.osRtxThreadDelayRemove  rtx_thread.o
    0x0800b390   0x0000007c   Code   RO         2994    i.osRtxThreadDelayTick  rtx_thread.o
    0x0800b40c   0x00000070   Code   RO         2995    i.osRtxThreadDispatch  rtx_thread.o
    0x0800b47c   0x00000060   Code   RO         2996    i.osRtxThreadFree   rtx_thread.o
    0x0800b4dc   0x0000000c   Code   RO         2997    i.osRtxThreadGetRunning  rtx_thread.o
    0x0800b4e8   0x0000001c   Code   RO         2998    i.osRtxThreadListGet  rtx_thread.o
    0x0800b504   0x00000032   Code   RO         2999    i.osRtxThreadListPut  rtx_thread.o
    0x0800b536   0x0000001a   Code   RO         3000    i.osRtxThreadListRemove  rtx_thread.o
    0x0800b550   0x0000002a   Code   RO         3002    i.osRtxThreadListSort  rtx_thread.o
    0x0800b57a   0x00000034   Code   RO         3004    i.osRtxThreadPostProcess  rtx_thread.o
    0x0800b5ae   0x00000002   PAD
    0x0800b5b0   0x00000018   Code   RO         3005    i.osRtxThreadReadyPut  rtx_thread.o
    0x0800b5c8   0x0000000e   Code   RO         3006    i.osRtxThreadRegPtr  rtx_thread.o
    0x0800b5d6   0x00000002   PAD
    0x0800b5d8   0x0000000c   Code   RO         3007    i.osRtxThreadSetRunning  rtx_thread.o
    0x0800b5e4   0x0000002c   Code   RO         3008    i.osRtxThreadStackCheck  rtx_thread.o
    0x0800b610   0x00000060   Code   RO         3009    i.osRtxThreadStartup  rtx_thread.o
    0x0800b670   0x00000018   Code   RO         3010    i.osRtxThreadSwitch  rtx_thread.o
    0x0800b688   0x0000004c   Code   RO         3011    i.osRtxThreadWaitEnter  rtx_thread.o
    0x0800b6d4   0x0000002e   Code   RO         3012    i.osRtxThreadWaitExit  rtx_thread.o
    0x0800b702   0x00000002   PAD
    0x0800b704   0x00000098   Code   RO         2933    i.osRtxTick_Handler  rtx_system.o
    0x0800b79c   0x00000050   Code   RO         3402    i.osRtxTimerThread  rtx_timer.o
    0x0800b7ec   0x0000005c   Code   RO         3403    i.osRtxTimerTick    rtx_timer.o
    0x0800b848   0x00000014   Code   RO         3015    i.osThreadExit      rtx_thread.o
    0x0800b85c   0x00000028   Code   RO         3021    i.osThreadGetId     rtx_thread.o
    0x0800b884   0x00000038   Code   RO         3028    i.osThreadNew       rtx_thread.o
    0x0800b8bc   0x0000002c   Code   RO         3032    i.osThreadTerminate  rtx_thread.o
    0x0800b8e8   0x00000020   Code   RO         2253    i.os_kernel_is_active  rtx_lib.o
    0x0800b908   0x00000048   Code   RO         1672    i.padDataInMultipleOf16  app_thread.o
    0x0800b950   0x00000016   Code   RO         1281    i.parameterLoad     system.o
    0x0800b966   0x00000016   Code   RO         1282    i.parameterWrite    system.o
    0x0800b97c   0x00000020   Code   RO         1283    i.readEeprom        system.o
    0x0800b99c   0x00000074   Code   RO         1733    i.readSensors       position_thread.o
    0x0800ba10   0x00000020   Code   RO         1469    i.recordClearIndex  record.o
    0x0800ba30   0x00000064   Code   RO         1470    i.recordGet         record.o
    0x0800ba94   0x00000018   Code   RO         1471    i.recordGetIndex    record.o
    0x0800baac   0x00000040   Code   RO         1472    i.recordGets        record.o
    0x0800baec   0x00000012   Code   RO         1473    i.recordInit        record.o
    0x0800bafe   0x00000002   PAD
    0x0800bb00   0x00000020   Code   RO         1474    i.recordLock        record.o
    0x0800bb20   0x000000b0   Code   RO         1475    i.recordPut         record.o
    0x0800bbd0   0x00000028   Code   RO         1476    i.recordReadInRam   record.o
    0x0800bbf8   0x0000001c   Code   RO         1477    i.recordSetReadIndex  record.o
    0x0800bc14   0x0000001c   Code   RO         1478    i.recordSetWriteIndex  record.o
    0x0800bc30   0x0000001c   Code   RO         1479    i.recordUnLock      record.o
    0x0800bc4c   0x00000044   Code   RO         1480    i.recordUnread      record.o
    0x0800bc90   0x0000002c   Code   RO         1481    i.recordWriteInRam  record.o
    0x0800bcbc   0x00000040   Code   RO         1284    i.reocrdMonitorIndexLoad  system.o
    0x0800bcfc   0x00000040   Code   RO         1285    i.reocrdMonitorIndexWrite  system.o
    0x0800bd3c   0x00000038   Code   RO         1382    i.sFlashBusyWait    flash.o
    0x0800bd74   0x0000003c   Code   RO         1383    i.sFlashChipErase   flash.o
    0x0800bdb0   0x00000036   Code   RO         1384    i.sFlashInit        flash.o
    0x0800bde6   0x00000002   PAD
    0x0800bde8   0x00000044   Code   RO         1385    i.sFlashPageErase   flash.o
    0x0800be2c   0x0000007c   Code   RO         1387    i.sFlashReadByteFromMainMemory  flash.o
    0x0800bea8   0x0000004c   Code   RO         1388    i.sFlashReadID      flash.o
    0x0800bef4   0x0000006c   Code   RO         1393    i.sFlashWriteByteToMainMemory  flash.o
    0x0800bf60   0x00000314   Code   RO         1734    i.saveCombined1Record  position_thread.o
    0x0800c274   0x00000050   Code   RO          298    i.sendTraceSerial   bsp.o
    0x0800c2c4   0x00000030   Code   RO          299    i.sendTraceSerialBinaray  bsp.o
    0x0800c2f4   0x00000068   Code   RO         1286    i.setParameterToFactory  system.o
    0x0800c35c   0x00000094   Code   RO         1287    i.setParameterToFlatState  system.o
    0x0800c3f0   0x00000044   Code   RO         1288    i.setParameterToVirgin  system.o
    0x0800c434   0x000000a8   Code   RO          300    i.spiInit           bsp.o
    0x0800c4dc   0x00000020   Code   RO          463    i.spiLock           spi_driver.o
    0x0800c4fc   0x00000038   Code   RO          464    i.spiSendReciveByte  spi_driver.o
    0x0800c534   0x0000001c   Code   RO          465    i.spiUnLock         spi_driver.o
    0x0800c550   0x0000005c   Code   RO          301    i.strtokSingle      bsp.o
    0x0800c5ac   0x00000012   Code   RO         1814    i.svcRtxDelay       rtx_delay.o
    0x0800c5be   0x0000003c   Code   RO         1898    i.svcRtxEventFlagsClear  rtx_evflags.o
    0x0800c5fa   0x00000020   Code   RO         1900    i.svcRtxEventFlagsGet  rtx_evflags.o
    0x0800c61a   0x00000002   PAD
    0x0800c61c   0x00000080   Code   RO         1902    i.svcRtxEventFlagsNew  rtx_evflags.o
    0x0800c69c   0x00000084   Code   RO         1903    i.svcRtxEventFlagsSet  rtx_evflags.o
    0x0800c720   0x0000008c   Code   RO         1904    i.svcRtxEventFlagsWait  rtx_evflags.o
    0x0800c7ac   0x00000010   Code   RO         2054    i.svcRtxKernelGetState  rtx_kernel.o
    0x0800c7bc   0x00000244   Code   RO         2059    i.svcRtxKernelInitialize  rtx_kernel.o
    0x0800ca00   0x000000c4   Code   RO         2063    i.svcRtxKernelStart  rtx_kernel.o
    0x0800cac4   0x0000011c   Code   RO         2547    i.svcRtxMessageQueueGet  rtx_msgqueue.o
    0x0800cbe0   0x00000148   Code   RO         2553    i.svcRtxMessageQueueNew  rtx_msgqueue.o
    0x0800cd28   0x000000fc   Code   RO         2554    i.svcRtxMessageQueuePut  rtx_msgqueue.o
    0x0800ce24   0x000000d4   Code   RO         2715    i.svcRtxMutexAcquire  rtx_mutex.o
    0x0800cef8   0x000000e4   Code   RO         2716    i.svcRtxMutexDelete  rtx_mutex.o
    0x0800cfdc   0x00000088   Code   RO         2719    i.svcRtxMutexNew    rtx_mutex.o
    0x0800d064   0x000000dc   Code   RO         2720    i.svcRtxMutexRelease  rtx_mutex.o
    0x0800d140   0x00000088   Code   RO         3036    i.svcRtxThreadExit  rtx_thread.o
    0x0800d1c8   0x0000000c   Code   RO         3042    i.svcRtxThreadGetId  rtx_thread.o
    0x0800d1d4   0x00000224   Code   RO         3049    i.svcRtxThreadNew   rtx_thread.o
    0x0800d3f8   0x000000ec   Code   RO         3053    i.svcRtxThreadTerminate  rtx_thread.o
    0x0800d4e4   0x00000044   Code   RO          302    i.timeToSecond      bsp.o
    0x0800d528   0x000000a8   Code   RO          303    i.traceSerialInit   bsp.o
    0x0800d5d0   0x00000020   Code   RO         1289    i.writeEeprom       system.o
    0x0800d5f0   0x00000014   Code   RO         1079    i.xtime             aes.o
    0x0800d604   0x0000002c   Code   RO         5303    locale$$code        c_w.l(lc_numeric_c.o)
    0x0800d630   0x0000002c   Code   RO         5343    locale$$code        c_w.l(lc_ctype_c.o)
    0x0800d65c   0x00000062   Code   RO         5392    x$fpl$d2f           fz_ws.l(d2f.o)
    0x0800d6be   0x00000002   PAD
    0x0800d6c0   0x00000010   Code   RO         5446    x$fpl$dcheck1       fz_ws.l(dcheck1.o)
    0x0800d6d0   0x00000018   Code   RO         5413    x$fpl$dcmpinf       fz_ws.l(dcmpi.o)
    0x0800d6e8   0x00000078   Code   RO         5394    x$fpl$deqf          fz_ws.l(deqf.o)
    0x0800d760   0x00000078   Code   RO         5415    x$fpl$dleqf         fz_ws.l(dleqf.o)
    0x0800d7d8   0x0000009c   Code   RO         5417    x$fpl$dnaninf       fz_ws.l(dnaninf.o)
    0x0800d874   0x0000006c   Code   RO         5396    x$fpl$drleqf        fz_ws.l(drleqf.o)
    0x0800d8e0   0x0000000a   Code   RO         5421    x$fpl$fretinf       fz_ws.l(fretinf.o)
    0x0800d8ea   0x00000004   Code   RO         5209    x$fpl$printf1       fz_ws.l(printf1.o)
    0x0800d8ee   0x00000004   Code   RO         5211    x$fpl$printf2       fz_ws.l(printf2.o)
    0x0800d8f2   0x00000064   Code   RO         5502    x$fpl$retnan        fz_ws.l(retnan.o)
    0x0800d956   0x0000005c   Code   RO         5423    x$fpl$scalbn        fz_ws.l(scalbn.o)
    0x0800d9b2   0x00000004   Code   RO         5217    x$fpl$scanf1        fz_ws.l(scanf1.o)
    0x0800d9b6   0x00000008   Code   RO         5316    x$fpl$scanf2        fz_ws.l(scanf2.o)
    0x0800d9be   0x00000030   Code   RO         5512    x$fpl$trapveneer    fz_ws.l(trapv.o)
    0x0800d9ee   0x00000000   Code   RO         5322    x$fpl$usenofp       fz_ws.l(usenofp.o)
    0x0800d9ee   0x00000002   PAD
    0x0800d9f0   0x00000054   Data   RO           11    .constdata          main.o
    0x0800da44   0x000002ff   Data   RO         1081    .constdata          aes.o
    0x0800dd43   0x00000001   PAD
    0x0800dd44   0x00000080   Data   RO         1622    .constdata          sim808_thread.o
    0x0800ddc4   0x00000034   Data   RO         1676    .constdata          app_thread.o
    0x0800ddf8   0x00000024   Data   RO         1737    .constdata          position_thread.o
    0x0800de1c   0x00000001   Data   RO         1801    .constdata          irq_cm3.o
    0x0800de1d   0x00000003   PAD
    0x0800de20   0x00000064   Data   RO         2260    .constdata          rtx_lib.o
    0x0800de84   0x00000011   Data   RO         5086    .constdata          c_w.l(__printf_flags_ss_wp.o)
    0x0800de95   0x00000003   PAD
    0x0800de98   0x00000008   Data   RO         5139    .constdata          c_w.l(_printf_wctomb.o)
    0x0800dea0   0x00000028   Data   RO         5168    .constdata          c_w.l(_printf_hex_int_ll_ptr.o)
    0x0800dec8   0x0000000c   Data   RO         5206    .constdata          c_w.l(_monlen.o)
    0x0800ded4   0x00000026   Data   RO         5241    .constdata          c_w.l(_printf_fp_hex.o)
    0x0800defa   0x00000002   PAD
    0x0800defc   0x00000094   Data   RO         5278    .constdata          c_w.l(bigflt0.o)
    0x0800df90   0x0000002c   Data   RO           12    .conststring        main.o
    0x0800dfbc   0x00000063   Data   RO          974    .conststring        sim808_app.o
    0x0800e01f   0x00000001   PAD
    0x0800e020   0x0000009c   Data   RO         1623    .conststring        sim808_thread.o
    0x0800e0bc   0x0000000c   Data   RO         1677    .conststring        app_thread.o
    0x0800e0c8   0x00000009   Data   RO         1738    .conststring        position_thread.o
    0x0800e0d1   0x00000003   PAD
    0x0800e0d4   0x00000050   Data   RO         3599    .conststring        rtx_config.o
    0x0800e124   0x0000000b   Data   RO         2066    .conststrlit        rtx_kernel.o
    0x0800e12f   0x00000001   PAD
    0x0800e130   0x00000068   Data   RO         2262    .rodata             rtx_lib.o
    0x0800e198   0x00000020   Data   RO         5538    Region$$Table       anon$$obj.o
    0x0800e1b8   0x00000008   Data   RO         5311    c$$dinf             fz_ws.l(fpconst.o)
    0x0800e1c0   0x0000001c   Data   RO         5302    locale$$data        c_w.l(lc_numeric_c.o)
    0x0800e1dc   0x00000110   Data   RO         5342    locale$$data        c_w.l(lc_ctype_c.o)


    Execution Region RW_IRAM1 (Base: 0x20000000, Size: 0x00004c98, Max: 0x00005000, ABSOLUTE, COMPRESSED[0x00000040])

    Base Addr    Size         Type   Attr      Idx    E Section Name        Object

    0x20000000   0x00000240   Data   RW         2254    .bss.os             rtx_lib.o
    0x20000240   0x00000010   Data   RW         1618    .bss.os.evflags.cb  sim808_thread.o
    0x20000250   0x00000010   Data   RW         1674    .bss.os.evflags.cb  app_thread.o
    0x20000260   0x000001f0   Data   RW         2255    .bss.os.libspace    rtx_lib.o
    0x20000450   0x00000034   Data   RW         1619    .bss.os.msgqueue.cb  sim808_thread.o
    0x20000484   0x00000034   Data   RW         2256    .bss.os.msgqueue.cb  rtx_lib.o
    0x200004b8   0x00000050   Data   RW         2257    .bss.os.msgqueue.mem  rtx_lib.o
    0x20000508   0x00000054   Data   RW            9    .bss.os.mutex.cb    main.o
    0x2000055c   0x0000001c   Data   RW         1620    .bss.os.mutex.cb    sim808_thread.o
    0x20000578   0x00000044   Data   RW           10    .bss.os.thread.cb   main.o
    0x200005bc   0x00000088   Data   RW         1621    .bss.os.thread.cb   sim808_thread.o
    0x20000644   0x00000044   Data   RW         1675    .bss.os.thread.cb   app_thread.o
    0x20000688   0x00000044   Data   RW         1736    .bss.os.thread.cb   position_thread.o
    0x200006cc   0x00000088   Data   RW         2258    .bss.os.thread.cb   rtx_lib.o
    0x20000754   0x00000004   PAD
    0x20000758   0x00000100   Data   RW         2259    .bss.os.thread.stack  rtx_lib.o
    0x20000858   0x00000010   Data   RW           13    .data               main.o
    0x20000868   0x00000008   Data   RW          305    .data               bsp.o
    0x20000870   0x00000025   Data   RW          576    .data               sim808_driver.o
    0x20000895   0x00000003   PAD
    0x20000898   0x0000000c   Data   RW         1082    .data               aes.o
    0x200008a4   0x00000008   Data   RW         1483    .data               record.o
    0x200008ac   0x0000001a   Data   RW         1624    .data               sim808_thread.o
    0x200008c6   0x00000002   PAD
    0x200008c8   0x00000018   Data   RW         1678    .data               app_thread.o
    0x200008e0   0x0000000a   Data   RW         1739    .data               position_thread.o
    0x200008ea   0x00000002   PAD
    0x200008ec   0x00000005   Data   RW         2261    .data               rtx_lib.o
    0x200008f1   0x00000001   Data   RW         3532    .data               os_systick.o
    0x200008f2   0x00000014   Data   RW         4428    .data               stm32f10x_rcc.o
    0x20000906   0x00000002   PAD
    0x20000908   0x00000014   Data   RW         5009    .data               system_stm32f10x.o
    0x2000091c   0x000000a4   Data   RW         2067    .data.os            rtx_kernel.o
    0x200009c0   0x00000400   Zero   RW            8    .bss                main.o
    0x20000dc0   0x00000081   Zero   RW          304    .bss                bsp.o
    0x20000e41   0x00000003   PAD
    0x20000e44   0x00000b18   Zero   RW          575    .bss                sim808_driver.o
    0x2000195c   0x00000080   Zero   RW          973    .bss                sim808_app.o
    0x200019dc   0x000000b0   Zero   RW         1080    .bss                aes.o
    0x20001a8c   0x00000080   Zero   RW         1290    .bss                system.o
    0x20001b0c   0x00000022   Zero   RW         1482    .bss                record.o
    0x20001b2e   0x00000002   PAD
    0x20001b30   0x000010b8   Zero   RW         1617    .bss                sim808_thread.o
    0x20002be8   0x000007a0   Zero   RW         1673    .bss                app_thread.o
    0x20003388   0x00000800   Zero   RW         1735    .bss                position_thread.o
    0x20003b88   0x0000002c   Zero   RW         5115    .bss                c_w.l(localtime.o)
    0x20003bb4   0x00000060   Zero   RW         5332    .bss                c_w.l(libspace.o)
    0x20003c14   0x00000004   PAD
    0x20003c18   0x00000080   Zero   RW         4996    HEAP                startup_stm32f10x_md.o
    0x20003c98   0x00001000   Zero   RW         4995    STACK               startup_stm32f10x_md.o


==============================================================================

Image component sizes


      Code (inc. data)   RO Data    RW Data    ZI Data      Debug   Object Name

      1172         48        767         12        176       7003   aes.o
      1696        316         64        108       1952       5993   app_thread.o
      2154        126          0          8        129      16349   bsp.o
      1040         84          0          0          0       8174   eeprom.o
       546         28          0          0          0       6350   flash.o
       316         32          0          0          0       1209   gpio_stm32f10x.o
       148         10          1          0          0        628   irq_cm3.o
       476        206        128        168       1024     276225   main.o
       112         12          0          0          0       1204   misc.o
       142         24          0          1          0       2416   os_systick.o
      1900        258         45         78       2048      33117   position_thread.o
       682         60          0          8         34      10558   record.o
       364        238         80          0          0       1213   rtx_config.o
       102          4          0          0          0       8686   rtx_delay.o
      1468         42          0          0          0      17849   rtx_evflags.o
       976         44         11        164          0      22753   rtx_kernel.o
       214         12        204       1601          0      12771   rtx_lib.o
       390          0          0          0          0       4107   rtx_memory.o
       496          0          0          0          0       3935   rtx_mempool.o
      2104         40          0          0          0      21896   rtx_msgqueue.o
      1094         38          0          0          0      12008   rtx_mutex.o
       796         40          0          0          0       9933   rtx_system.o
      2720        154          0          0          0      30034   rtx_thread.o
       260         28          0          0          0       3299   rtx_timer.o
      5980       1536         99          0        128      20028   sim808_app.o
      7084       1814          0         37       2840      43068   sim808_driver.o
      2064        664        284        258       4280       6516   sim808_thread.o
       116         18          0          0          0       1570   spi_driver.o
        64         26        236          0       4224        840   startup_stm32f10x_md.o
       160         12          0          0          0       1741   stm32f10x_exti.o
       298         26          0          0          0       4833   stm32f10x_flash.o
       368          4          0          0          0       4698   stm32f10x_gpio.o
       518         20          0          0          0       9045   stm32f10x_i2c.o
       244         30          0          0          0       5643   stm32f10x_it.o
        56         24          0          0          0       2209   stm32f10x_iwdg.o
        12          6          0          0          0        570   stm32f10x_pwr.o
       500         70          0         20          0       8983   stm32f10x_rcc.o
       200         12          0          0          0       4895   stm32f10x_spi.o
       388          6          0          0          0       6587   stm32f10x_usart.o
       704         88          0          0        128       9847   system.o
       492         50          0         20          0       3049   system_stm32f10x.o

    ----------------------------------------------------------------------
     40660       6250       1960       2496      16968     651832   Object Totals
         0          0         32          0          0          0   (incl. Generated)
        44          0          9         13          5          0   (incl. Padding)

    ----------------------------------------------------------------------

      Code (inc. data)   RO Data    RW Data    ZI Data      Debug   Library Member Name

        60          8          0          0          0         84   __0sscanf.o
        56          6          0          0          0         88   __2snprintf.o
        44          6          0          0          0         84   __2sprintf.o
        90          0          0          0          0          0   __dczerorl2.o
         8          0          0          0          0         68   __main.o
       392          4         17          0          0         92   __printf_flags_ss_wp.o
        14          0          0          0          0         68   __printf_wp.o
         0          0          0          0          0          0   __rtentry.o
        20          0          0          0          0          0   __rtentry2.o
         6          0          0          0          0          0   __rtentry4.o
        52          8          0          0          0          0   __scatter.o
        28          0          0          0          0          0   __scatter_zi.o
        28          0          0          0          0         68   _chval.o
        60          0          0          0          0         92   _mbrtowc.o
         0          0         12          0          0          0   _monlen.o
         6          0          0          0          0          0   _printf_a.o
         6          0          0          0          0          0   _printf_c.o
        44          0          0          0          0        108   _printf_char.o
        48          6          0          0          0         96   _printf_char_common.o
        40          0          0          0          0         68   _printf_charcount.o
         6          0          0          0          0          0   _printf_d.o
       120         16          0          0          0         92   _printf_dec.o
         6          0          0          0          0          0   _printf_e.o
         6          0          0          0          0          0   _printf_f.o
      1050          0          0          0          0        216   _printf_fp_dec.o
       764          8         38          0          0        100   _printf_fp_hex.o
       128         16          0          0          0         84   _printf_fp_infnan.o
         6          0          0          0          0          0   _printf_g.o
       148          4         40          0          0        160   _printf_hex_int_ll_ptr.o
         6          0          0          0          0          0   _printf_i.o
       178          0          0          0          0         88   _printf_intcommon.o
        10          0          0          0          0          0   _printf_l.o
         6          0          0          0          0          0   _printf_lc.o
        10          0          0          0          0          0   _printf_ll.o
         6          0          0          0          0          0   _printf_lld.o
         6          0          0          0          0          0   _printf_lli.o
         6          0          0          0          0          0   _printf_llo.o
         6          0          0          0          0          0   _printf_llu.o
         6          0          0          0          0          0   _printf_llx.o
       124         16          0          0          0         92   _printf_longlong_dec.o
         6          0          0          0          0          0   _printf_ls.o
         6          0          0          0          0          0   _printf_n.o
         6          0          0          0          0          0   _printf_o.o
       112         10          0          0          0        124   _printf_oct_int_ll.o
         6          0          0          0          0          0   _printf_p.o
        78          0          0          0          0        108   _printf_pad.o
         0          0          0          0          0          0   _printf_percent.o
         4          0          0          0          0          0   _printf_percent_end.o
         6          0          0          0          0          0   _printf_s.o
        82          0          0          0          0         80   _printf_str.o
        36          0          0          0          0         84   _printf_truncate.o
         6          0          0          0          0          0   _printf_u.o
        44          0          0          0          0        108   _printf_wchar.o
       188          6          8          0          0         92   _printf_wctomb.o
         6          0          0          0          0          0   _printf_x.o
        22          0          0          0          0        100   _rserrno.o
       884          6          0          0          0        100   _scanf.o
       332          0          0          0          0         96   _scanf_int.o
       342          0          0          0          0        100   _scanf_longlong.o
       276          0          0          0          0        100   _scanf_mbtowc.o
       224          0          0          0          0         96   _scanf_str.o
        30          0          0          0          0         76   _scanf_wcharmap.o
       232          0          0          0          0        100   _scanf_wctomb.o
       208          0          0          0          0         96   _scanf_wstr.o
        64          0          0          0          0         84   _sgetc.o
        16          0          0          0          0         68   _snputc.o
        10          0          0          0          0         68   _sputc.o
        64          0          0          0          0         92   _wcrtomb.o
       220          4        148          0          0         96   bigflt0.o
      2074        132          0          0          0        940   btod.o
        18          0          0          0          0         80   exit.o
         6          0          0          0          0        152   heapauxi.o
         0          0          0          0          0          0   indicate_semi.o
        18          0          0          0          0         76   isspace.o
        44         10        272          0          0         76   lc_ctype_c.o
        44         10         28          0          0         76   lc_numeric_c.o
         2          0          0          0          0          0   libinit.o
        30          0          0          0          0          0   libinit2.o
         2          0          0          0          0          0   libshutdown.o
         2          0          0          0          0          0   libshutdown2.o
         8          4          0          0         96         68   libspace.o
        38          0          0          0          0         68   llshl.o
       138          0          0          0          0         80   lludiv10.o
        12          6          0          0         44         68   localtime.o
       184          6          0          0          0         80   localtime_internal.o
        88          0          0          0          0         76   memcmp.o
       428         10          0          0          0        116   mktime.o
        16          4          0          0          0         76   rt_ctype_table.o
         4          0          0          0          0         68   rt_errno_addr_twolibspace.o
        10          0          0          0          0         76   rt_locale_twolibspace.o
        68          0          0          0          0         68   rt_memclr.o
        78          0          0          0          0         80   rt_memclr_w.o
       138          0          0          0          0         68   rt_memcpy_v6.o
       100          0          0          0          0         80   rt_memcpy_w.o
         2          0          0          0          0          0   rtexit.o
        10          0          0          0          0          0   rtexit2.o
        44          8          0          0          0         84   scanf_char.o
      1188         12          0          0          0        148   scanf_fp.o
       800         14          0          0          0        100   scanf_hexfp.o
       308         16          0          0          0        100   scanf_infnan.o
        60          8          0          0          0         84   sscanf.o
       128          0          0          0          0         68   strcmpv7m.o
        72          0          0          0          0         80   strcpy.o
        62          0          0          0          0         76   strlen.o
        30          0          0          0          0         76   strpbrk.o
        12          4          0          0          0         68   sys_exit.o
        74          0          0          0          0         80   sys_stackheap_outer.o
         2          0          0          0          0         68   use_no_semi.o
        52          4          0          0          0         80   vsnprintf.o
        98          4          0          0          0         92   d2f.o
        16          4          0          0          0         68   dcheck1.o
        24          0          0          0          0         68   dcmpi.o
       120          4          0          0          0         92   deqf.o
       120          4          0          0          0         92   dleqf.o
       156          4          0          0          0         92   dnaninf.o
       108          0          0          0          0         80   drleqf.o
         0          0          8          0          0          0   fpconst.o
        10          0          0          0          0         68   fretinf.o
         4          0          0          0          0         68   printf1.o
         4          0          0          0          0         68   printf2.o
       100          0          0          0          0         68   retnan.o
        92          0          0          0          0         68   scalbn.o
         4          0          0          0          0         68   scanf1.o
         8          0          0          0          0         84   scanf2.o
        48          0          0          0          0         68   trapv.o
         0          0          0          0          0          0   usenofp.o
        30          6          0          0          0        136   dunder.o
        40          0          0          0          0         68   fpclassify.o
        88          8          0          0          0         76   frexp.o
       138          0          0          0          0        160   ldexp.o
       152          4          0          0          0        168   narrow.o

    ----------------------------------------------------------------------
     14896        412        576          0        144       8952   Library Totals
        32          2          5          0          4          0   (incl. Padding)

    ----------------------------------------------------------------------

      Code (inc. data)   RO Data    RW Data    ZI Data      Debug   Library Name

     13504        372        563          0        140       7200   c_w.l
       912         20          8          0          0       1144   fz_ws.l
       448         18          0          0          0        608   m_ws.l

    ----------------------------------------------------------------------
     14896        412        576          0        144       8952   Library Totals

    ----------------------------------------------------------------------

==============================================================================


      Code (inc. data)   RO Data    RW Data    ZI Data      Debug   

     55556       6662       2536       2496      17112     637328   Grand Totals
     55556       6662       2536         64      17112     637328   ELF Image Totals (compressed)
     55556       6662       2536         64          0          0   ROM Totals

==============================================================================

    Total RO  Size (Code + RO Data)                58092 (  56.73kB)
    Total RW  Size (RW Data + ZI Data)             19608 (  19.15kB)
    Total ROM Size (Code + RO Data + RW Data)      58156 (  56.79kB)

==============================================================================

