<html>
<body>
<pre>
<h1>�Vision Build Log</h1>
<h2>Tool Versions:</h2>
IDE-Version: �Vision V5.22.0.0
Copyright (C) 2016 ARM Ltd and ARM Germany GmbH. All rights reserved.
License Information: Mahdad Ghasemian, Mahdad, LIC=4ZLTG-VK3RB-VI25N-YPH8I-ULX2P-VUCZS
 
Tool Versions:
Toolchain:       MDK-ARM Professional  Version: 5.22
Toolchain Path:  C:\Program FilesKeil_v5\ARM\ARMCC\Bin
C Compiler:      Armcc.exe V5.06 update 4 (build 422)
Assembler:       Armasm.exe V5.06 update 4 (build 422)
Linker/Locator:  ArmLink.exe V5.06 update 4 (build 422)
Library Manager: ArmAr.exe V5.06 update 4 (build 422)
Hex Converter:   FromElf.exe V5.06 update 4 (build 422)
CPU DLL:         SARMCM3.DLL V5.22
Dialog DLL:      DCM.DLL V1.13.9.0
Target DLL:      STLink\ST-LINKIII-KEIL_SWO.dll V2.0.18.0
Dialog DLL:      TCM.DLL V1.21.0.0
 
<h2>Project:</h2>
F:\Projects\SmartBeton\GpsTrackingDevice\GPS_Tracking_Application\MDK-ARM\GPS_Tracking.uvprojx
Project File Date:  03/01/2020

<h2>Output:</h2>
*** Using Compiler 'V5.06 update 4 (build 422)', folder: 'C:\Program FilesKeil_v5\ARM\ARMCC\Bin'
Rebuild target 'Target 1'
compiling stm32f10x_it.c...
compiling HardFault_handler.c...
compiling main.c...
..\USER\record\record.h(97): warning:  #1295-D: Deprecated declaration recordAck - give arg types
  RECORD_Status recordAck ();
..\USER\main.c(42): warning:  #188-D: enumerated type mixed with another type
    APP_START_THREAD_PRIO,
..\USER\main.c: 2 warnings, 0 errors
compiling spi_driver.c...
compiling bsp.c...
..\USER\bsp\bsp.c(309): warning:  #188-D: enumerated type mixed with another type
  	return (GPIO_ReadInputDataBit(
IM808_STATUS_PORT, 
IM808_STATUS_PIN));
..\USER\bsp\bsp.c: 1 warning, 0 errors
compiling sim808_driver.c...
..\USER\sim808\sim808_driver.c(228): warning:  #111-D: statement is unreachable
     return -1;
..\USER\sim808\sim808_driver.c(446): warning:  #177-D: variable "token"  was declared but never referenced
        char *token;
..\USER\sim808\sim808_driver.c(562): warning:  #111-D: statement is unreachable
     return -1;
..\USER\sim808\sim808_driver.c(736): warning:  #177-D: variable "status"  was declared but never referenced
  	int16_t status;
..\USER\sim808\sim808_driver.c(830): warning:  #177-D: variable "format"  was declared but never referenced
     char format[16];
..\USER\sim808\sim808_driver.c(1561): warning:  #111-D: statement is unreachable
  	return -1;
..\USER\sim808\sim808_driver.c(1588): warning:  #177-D: variable "status"  was declared but never referenced
     int16_t status;
..\USER\sim808\sim808_driver.c(1673): warning:  #177-D: variable "i"  was declared but never referenced
     uint32_t i;
..\USER\sim808\sim808_driver.c(1777): warning:  #111-D: statement is unreachable
           		break;
..\USER\sim808\sim808_driver.c(1780): warning:  #111-D: statement is unreachable
           		break;
..\USER\sim808\sim808_driver.c(1783): warning:  #111-D: statement is unreachable
           		break;
..\USER\sim808\sim808_driver.c(1786): warning:  #111-D: statement is unreachable
           		break;
..\USER\sim808\sim808_driver.c(1795): warning:  #188-D: enumerated type mixed with another type
        httpMethod     = value1;
..\USER\sim808\sim808_driver.c(1851): warning:  #188-D: enumerated type mixed with another type
           gpsData.run = value1;
..\USER\sim808\sim808_driver.c(1857): warning:  #188-D: enumerated type mixed with another type
           gpsData.fix = value1;
..\USER\sim808\sim808_driver.c(1915): warning:  #188-D: enumerated type mixed with another type
        smsFormat = value1;
..\USER\sim808\sim808_driver.c(1920): warning:  #188-D: enumerated type mixed with another type
        smsNotificatonMode = value1;
..\USER\sim808\sim808_driver.c(1921): warning:  #188-D: enumerated type mixed with another type
        smsNotificatonRule = value2;
..\USER\sim808\sim808_driver.c(1944): warning:  #188-D: enumerated type mixed with another type
           pdp1Status = value2;
..\USER\sim808\sim808_driver.c(1949): warning:  #188-D: enumerated type mixed with another type
        gprsStatus = value1;
..\USER\sim808\sim808_driver.c(1960): warning:  #188-D: enumerated type mixed with another type
        gnssPowerMode = value1;
..\USER\sim808\sim808_driver.c(1969): warning:  #188-D: enumerated type mixed with another type
        networkRegistrationMode    = value1;
..\USER\sim808\sim808_driver.c(1970): warning:  #188-D: enumerated type mixed with another type
        networkRegistrationStatus  = value2;
..\USER\sim808\sim808_driver.c(1986): warning:  #188-D: enumerated type mixed with another type
        ipdStatus = value1;
..\USER\sim808\sim808_driver.c: 24 warnings, 0 errors
compiling aes.c...
compiling sim808_app.c...
..\USER\record\record.h(97): warning:  #1295-D: Deprecated declaration recordAck - give arg types
  RECORD_Status recordAck ();
..\USER\sim808\sim808_app.c(65): warning:  #177-D: variable "status"  was declared but never referenced
     int16_t status;
..\USER\sim808\sim808_app.c(66): warning:  #550-D: variable "Class"  was set but never used
     uint8_t Class;
..\USER\sim808\sim808_app.c(283): warning:  #177-D: variable "status"  was declared but never referenced
  			uint8_t status = 1;
..\USER\sim808\sim808_app.c(322): warning:  #177-D: variable "read"  was declared but never referenced
           uint32_t read, write;
..\USER\sim808\sim808_app.c(322): warning:  #177-D: variable "write"  was declared but never referenced
           uint32_t read, write;
..\USER\sim808\sim808_app.c(631): warning:  #177-D: variable "status"  was declared but never referenced
  				uint8_t status = 1;
..\USER\sim808\sim808_app.c(784): warning:  #177-D: variable "status"  was declared but never referenced
  				uint8_t status = 1;
..\USER\sim808\sim808_app.c(91): warning:  #177-D: variable "pattern"  was declared but never referenced
     char              pattern[16] = {0};
..\USER\sim808\sim808_app.c: 9 warnings, 0 errors
compiling system.c...
..\USER\system\system.c(75): warning:  #177-D: variable "j"  was declared but never referenced
  	uint32_t i=0, j=0;
..\USER\system\system.c: 1 warning, 0 errors
compiling eeprom.c...
compiling flash.c...
..\USER\flash\flash.c(69): warning:  #550-D: variable "temp2"  was set but never used
  	uint8_t temp1, temp2;
..\USER\flash\flash.c(89): warning:  #550-D: variable "temp2"  was set but never used
  	uint8_t temp1, temp2;
..\USER\flash\flash.c(126): warning:  #177-D: function "sFlashReadBuffer"  was declared but never referenced
  void sFlashReadBuffer (Flash_Buffer_Number_t number,
..\USER\flash\flash.c(154): warning:  #177-D: function "sFlashWriteBuffer"  was declared but never referenced
  void sFlashWriteBuffer (Flash_Buffer_Number_t number,
..\USER\flash\flash.c(182): warning:  #177-D: function "sFlashWriteBufferToMainMemoryWithErase"  was declared but never referenced
  void sFlashWriteBufferToMainMemoryWithErase (Flash_Buffer_Number_t number,
..\USER\flash\flash.c(68): warning:  #177-D: function "sFlashReadStatusRegister"  was declared but never referenced
  static Flash_Internal_Status_t sFlashReadStatusRegister (void) {
..\USER\flash\flash.c(60): warning:  #177-D: function "sFlashMainMemoryToBuffer"  was declared but never referenced
  static void sFlashMainMemoryToBuffer (Flash_Buffer_Number_t number,
..\USER\flash\flash.c: 7 warnings, 0 errors
compiling input.c...
compiling record.c...
..\USER\record\record.h(97): warning:  #1295-D: Deprecated declaration recordAck - give arg types
  RECORD_Status recordAck ();
..\USER\record\record.c(105): warning:  #177-D: variable "count"  was declared but never referenced
  	uint16_t count;
..\USER\record\record.c(254): warning:  #177-D: variable "i"  was declared but never referenced
     uint8_t i;
..\USER\record\record.c: 3 warnings, 0 errors
compiling Sim808_Thread.c...
..\USER\thread\Sim808_Thread.c(58): warning:  #188-D: enumerated type mixed with another type
    SIM808BASIC_THREAD_PRIO,
..\USER\thread\Sim808_Thread.c(78): warning:  #188-D: enumerated type mixed with another type
    SIM808URC_THREAD_PRIO,
..\USER\thread\Sim808_Thread.c(452): warning:  #167-D: argument of type "uint8_t *" is incompatible with parameter of type "char *"
                 status = SIM808StartTCP(SystemSetup.ServerIP, SystemSetup.ServerPort, &cipstatus);
..\USER\thread\Sim808_Thread.c(452): warning:  #167-D: argument of type "uint8_t *" is incompatible with parameter of type "char *"
                 status = SIM808StartTCP(SystemSetup.ServerIP, SystemSetup.ServerPort, &cipstatus);
..\USER\thread\Sim808_Thread.c(182): warning:  #177-D: variable "timeout"  was declared but never referenced
     uint16_t                timeout;
..\USER\thread\Sim808_Thread.c(190): warning:  #177-D: variable "flag"  was declared but never referenced
     uint32_t                flag;
..\USER\thread\Sim808_Thread.c(196): warning:  #177-D: variable "bearerStatus"  was declared but never referenced
     Bearer_Status_t         bearerStatus;
..\USER\thread\Sim808_Thread.c(197): warning:  #177-D: variable "ipBearer"  was declared but never referenced
     char                    ipBearer[24];
..\USER\thread\Sim808_Thread.c(198): warning:  #177-D: variable "httpStatusCode"  was declared but never referenced
     uint16_t                httpStatusCode;
..\USER\thread\Sim808_Thread.c(199): warning:  #177-D: variable "httpDataLen"  was declared but never referenced
     uint16_t                httpDataLen;
..\USER\thread\Sim808_Thread.c: 10 warnings, 0 errors
assembling irq_cm3.s...
compiling App_Thread.c...
..\USER\record\record.h(97): warning:  #1295-D: Deprecated declaration recordAck - give arg types
  RECORD_Status recordAck ();
..\USER\thread\App_Thread.c(59): warning:  #188-D: enumerated type mixed with another type
    APP_THREAD_PRIO,
..\USER\thread\App_Thread.c(340): warning:  #177-D: variable "n"  was declared but never referenced
                 uint8_t j=0, n=0;
..\USER\thread\App_Thread.c(311): warning:  #177-D: variable "value16"  was declared but never referenced
              valueUint16 value16;
..\USER\thread\App_Thread.c(312): warning:  #177-D: variable "i"  was declared but never referenced
              uint16_t i, unread;
..\USER\thread\App_Thread.c(312): warning:  #177-D: variable "unread"  was declared but never referenced
              uint16_t i, unread;
..\USER\thread\App_Thread.c(313): warning:  #177-D: variable "len"  was declared but never referenced
              uint8_t len;
..\USER\thread\App_Thread.c(316): warning:  #550-D: variable "sourceType"  was set but never used
              uint8_t sourceType = 0;
..\USER\thread\App_Thread.c: 8 warnings, 0 errors
compiling Position_Thread.c...
..\USER\record\record.h(97): warning:  #1295-D: Deprecated declaration recordAck - give arg types
  RECORD_Status recordAck ();
..\USER\thread\Position_Thread.c(50): warning:  #188-D: enumerated type mixed with another type
    POSITION_THREAD_PRIO,
..\USER\thread\Position_Thread.c(191): warning:  #188-D: enumerated type mixed with another type
                 recordStatus = saveCombined1Record();
..\USER\thread\Position_Thread.c(213): warning:  #188-D: enumerated type mixed with another type
              recordStatus = saveCombined1Record();
..\USER\thread\Position_Thread.c(222): warning:  #186-D: pointless comparison of unsigned integer with zero
        if (gpsData.hour == 19 && gpsData.min == 29 && gpsData.sec >= 0 && gpsData.sec < 22) {
..\USER\thread\Position_Thread.c(109): warning:  #177-D: variable "i"  was declared but never referenced
     uint16_t i;
..\USER\thread\Position_Thread.c(113): warning:  #177-D: variable "resetFlag"  was declared but never referenced
     uint8_t resetFlag = 0;
..\USER\thread\Position_Thread.c(294): warning:  #940-D: missing return statement at end of non-void function "checkSensorChange" 
  }
..\USER\thread\Position_Thread.c(481): warning:  #177-D: variable "call"  was declared but never referenced
  		uint8_t acc, power, door, call=0;
..\USER\thread\Position_Thread.c: 9 warnings, 0 errors
compiling rtx_evr.c...
compiling rtx_delay.c...
compiling rtx_lib.c...
compiling rtx_evflags.c...
compiling rtx_kernel.c...
compiling rtx_memory.c...
compiling rtx_mempool.c...
compiling rtx_msgqueue.c...
compiling rtx_mutex.c...
compiling rtx_semaphore.c...
compiling rtx_system.c...
compiling rtx_timer.c...
compiling rtx_thread.c...
C:\Program FilesKeil_v5\ARM\PACK\ARM\CMSIS\5.3.0\CMSIS\RTOS2\RTX\Source\rtx_thread.c(188): warning:  #177-D: function "osRtxThreadListRoot"  was declared but never referenced
  static void *osRtxThreadListRoot (os_thread_t *thread) {
C:\Program FilesKeil_v5\ARM\PACK\ARM\CMSIS\5.3.0\CMSIS\RTOS2\RTX\Source\rtx_thread.c: 1 warning, 0 errors
compiling os_systick.c...
compiling RTX_Config.c...
RTE\CMSIS\RTX_Config.c(48): warning:  #223-D: function "sendTraceSerial" declared implicitly
        
PP_TRACE_INFO(("Stack overflow detected for thread_id : 0x%X\r\n", object_id));
RTE\CMSIS\RTX_Config.c(73): warning:  #940-D: missing return statement at end of non-void function "osRtxErrorNotify" 
  }
RTE\CMSIS\RTX_Config.c: 2 warnings, 0 errors
compiling misc.c...
compiling stm32f10x_exti.c...
compiling stm32f10x_flash.c...
compiling stm32f10x_gpio.c...
compiling stm32f10x_i2c.c...
compiling stm32f10x_iwdg.c...
compiling stm32f10x_pwr.c...
compiling stm32f10x_rcc.c...
compiling stm32f10x_spi.c...
compiling stm32f10x_usart.c...
assembling startup_stm32f10x_md.s...
compiling GPIO_STM32F10x.c...
compiling system_stm32f10x.c...
linking...
Program Size: Code=55556 RO-data=2536 RW-data=2496 ZI-data=17112  
After Build - User command #1: C:\Program FilesKeil_v5\\ARM\ARMCC\bin\fromelf.exe --bin --output=GPS_Tracking.bin .\Objects\GPS_Tracking.axf
".\Objects\GPS_Tracking.axf" - 0 Error(s), 77 Warning(s).

<h2>Software Packages used:</h2>

Package Vendor: ARM
                http://www.keil.com/pack/ARM.CMSIS.5.3.0.pack
                ::CMSIS:RTOS2:2.1.2 (API)
                CMSIS (Cortex Microcontroller Software Interface Standard)
   * Component: RTOS2 Version: 2.1.2
   * Component: CORE Version: 5.1.1
   * Component: Keil RTX5 Variant: Source Version: 5.3.0

Package Vendor: Keil
                http://www.keil.com/pack/Keil.STM32F1xx_DFP.2.2.0.pack
                Keil::Device:Startup:1.0.0
                STMicroelectronics STM32F1 Series Device Support, Drivers and Examples
   * Component: Startup Version: 1.0.0
   * Component: Framework Version: 3.5.1
   * Component: EXTI Version: 3.5.0
   * Component: Flash Version: 3.5.0
   * Component: GPIO Version: 3.5.0
   * Component: I2C Version: 3.5.0
   * Component: IWDG Version: 3.5.0
   * Component: PWR Version: 3.5.0
   * Component: RCC Version: 3.5.0
   * Component: SPI Version: 3.5.0
   * Component: USART Version: 3.5.0
   * Component: GPIO Version: 1.3

<h2>Collection of Component include folders:</h2>
  F:\Projects\SmartBeton\GpsTrackingDevice\GPS_Tracking_Application\MDK-ARM\RTE\CMSIS
  F:\Projects\SmartBeton\GpsTrackingDevice\GPS_Tracking_Application\MDK-ARM\RTE\Device\STM32F103C8
  F:\Projects\SmartBeton\GpsTrackingDevice\GPS_Tracking_Application\MDK-ARM\RTE\_Target_1
  C:\Program FilesKeil_v5\ARM\PACK\ARM\CMSIS\5.3.0\CMSIS\Include
  C:\Program FilesKeil_v5\ARM\PACK\ARM\CMSIS\5.3.0\CMSIS\RTOS2\Include
  C:\Program FilesKeil_v5\ARM\PACK\ARM\CMSIS\5.3.0\CMSIS\RTOS2\RTX\Include
  C:\Program FilesKeil_v5\ARM\PACK\Keil\STM32F1xx_DFP\2.2.0\Device\Include
  C:\Program FilesKeil_v5\ARM\PACK\Keil\STM32F1xx_DFP\2.2.0\Device\StdPeriph_Driver\inc
  C:\Program FilesKeil_v5\ARM\PACK\Keil\STM32F1xx_DFP\2.2.0\RTE_Driver

<h2>Collection of Component Files used:</h2>

   * Component: ::CMSIS:RTOS2:2.1.2 (API)
      Include file:  CMSIS\RTOS2\Include\cmsis_os2.h

   * Component: ARM::CMSIS:CORE:5.1.1

   * Component: ARM::CMSIS:RTOS2:Keil RTX5:Source:5.3.0
      Include file:  CMSIS\RTOS2\RTX\Include\rtx_os.h
      Include file:  CMSIS\RTOS2\RTX\Config\RTX_Config.h
      Source file:   CMSIS\RTOS2\RTX\Config\RTX_Config.c
      Source file:   CMSIS\RTOS2\RTX\Template\main.c
      Source file:   CMSIS\RTOS2\RTX\Template\Events.c
      Source file:   CMSIS\RTOS2\RTX\Template\MemPool.c
      Source file:   CMSIS\RTOS2\RTX\Template\MsgQueue.c
      Source file:   CMSIS\RTOS2\RTX\Template\Mutex.c
      Source file:   CMSIS\RTOS2\RTX\Template\Semaphore.c
      Source file:   CMSIS\RTOS2\RTX\Template\Thread.c
      Source file:   CMSIS\RTOS2\RTX\Template\Timer.c
      Source file:   CMSIS\RTOS2\RTX\Template\svc_user.c
      Source file:   CMSIS\RTOS2\RTX\Source\rtx_kernel.c
      Source file:   CMSIS\RTOS2\RTX\Source\rtx_thread.c
      Source file:   CMSIS\RTOS2\RTX\Source\rtx_delay.c
      Source file:   CMSIS\RTOS2\RTX\Source\rtx_timer.c
      Source file:   CMSIS\RTOS2\RTX\Source\rtx_evflags.c
      Source file:   CMSIS\RTOS2\RTX\Source\rtx_mutex.c
      Source file:   CMSIS\RTOS2\RTX\Source\rtx_semaphore.c
      Source file:   CMSIS\RTOS2\RTX\Source\rtx_memory.c
      Source file:   CMSIS\RTOS2\RTX\Source\rtx_mempool.c
      Source file:   CMSIS\RTOS2\RTX\Source\rtx_msgqueue.c
      Source file:   CMSIS\RTOS2\RTX\Source\rtx_system.c
      Source file:   CMSIS\RTOS2\RTX\Source\rtx_evr.c
      Source file:   CMSIS\RTOS2\RTX\Source\rtx_lib.c
      Source file:   CMSIS\RTOS2\RTX\Source\ARM\irq_cm3.s
      Source file:   CMSIS\RTOS2\Source\os_systick.c

   * Component: Keil::Device:Startup:1.0.0
      Source file:   Device\Source\ARM\STM32F1xx_OPT.s
      Source file:   Device\Source\ARM\startup_stm32f10x_md.s
      Source file:   Device\Source\system_stm32f10x.c
      Include file:  RTE_Driver\Config\RTE_Device.h

   * Component: Keil::Device:StdPeriph Drivers:Framework:3.5.1
      Include file:  Device\StdPeriph_Driver\inc\misc.h
      Source file:   Device\StdPeriph_Driver\src\misc.c
      Source file:   Device\StdPeriph_Driver\templates\stm32f10x_conf.h
      Include file:  Device\StdPeriph_Driver\templates\stm32f10x_it.h
      Source file:   Device\StdPeriph_Driver\templates\stm32f10x_it.c

   * Component: Keil::Device:StdPeriph Drivers:EXTI:3.5.0
      Include file:  Device\StdPeriph_Driver\inc\stm32f10x_exti.h
      Source file:   Device\StdPeriph_Driver\src\stm32f10x_exti.c

   * Component: Keil::Device:StdPeriph Drivers:Flash:3.5.0
      Include file:  Device\StdPeriph_Driver\inc\stm32f10x_flash.h
      Source file:   Device\StdPeriph_Driver\src\stm32f10x_flash.c

   * Component: Keil::Device:StdPeriph Drivers:GPIO:3.5.0
      Include file:  Device\StdPeriph_Driver\inc\stm32f10x_gpio.h
      Source file:   Device\StdPeriph_Driver\src\stm32f10x_gpio.c

   * Component: Keil::Device:StdPeriph Drivers:I2C:3.5.0
      Include file:  Device\StdPeriph_Driver\inc\stm32f10x_i2c.h
      Source file:   Device\StdPeriph_Driver\src\stm32f10x_i2c.c

   * Component: Keil::Device:StdPeriph Drivers:IWDG:3.5.0
      Include file:  Device\StdPeriph_Driver\inc\stm32f10x_iwdg.h
      Source file:   Device\StdPeriph_Driver\src\stm32f10x_iwdg.c

   * Component: Keil::Device:StdPeriph Drivers:PWR:3.5.0
      Include file:  Device\StdPeriph_Driver\inc\stm32f10x_pwr.h
      Source file:   Device\StdPeriph_Driver\src\stm32f10x_pwr.c

   * Component: Keil::Device:StdPeriph Drivers:RCC:3.5.0
      Include file:  Device\StdPeriph_Driver\inc\stm32f10x_rcc.h
      Source file:   Device\StdPeriph_Driver\src\stm32f10x_rcc.c

   * Component: Keil::Device:StdPeriph Drivers:SPI:3.5.0
      Include file:  Device\StdPeriph_Driver\inc\stm32f10x_spi.h
      Source file:   Device\StdPeriph_Driver\src\stm32f10x_spi.c

   * Component: Keil::Device:StdPeriph Drivers:USART:3.5.0
      Include file:  Device\StdPeriph_Driver\inc\stm32f10x_usart.h
      Source file:   Device\StdPeriph_Driver\src\stm32f10x_usart.c

   * Component: Keil::Device:GPIO:1.3
      Include file:  RTE_Driver\GPIO_STM32F10x.h
      Source file:   RTE_Driver\GPIO_STM32F10x.c
Build Time Elapsed:  00:00:12
</pre>
</body>
</html>
