<!doctype html public "-//w3c//dtd html 4.0 transitional//en">
<html><head>
<title>Static Call Graph - [.\Objects\GPS_Tracking.axf]</title></head>
<body><HR>
<H1>Static Call Graph for image .\Objects\GPS_Tracking.axf</H1><HR>
<BR><P>#&#060CALLGRAPH&#062# ARM Linker, 5060422: Last Updated: Mon Mar 02 06:04:38 2020
<BR><P>
<H3>Maximum Stack Usage =       1152 bytes + Unknown(Functions without stacksize, Cycles, Untraceable Function Pointers)</H3><H3>
Call chain for Maximum Stack Depth:</H3>
Sim808Urc_Thread &rArr; Sim808CheckResponse &rArr; __0sscanf &rArr; __vfscanf_char &rArr; __vfscanf &rArr; _scanf_real &rArr; _scanf_really_real &rArr; _scanf_hex_real &rArr; _scanf_really_hex_real &rArr; __support_ldexp &rArr; ldexp &rArr; __set_errno &rArr; __aeabi_errno_addr &rArr; __user_perthread_libspace &rArr; osRtxErrorNotify &rArr; sendTraceSerial &rArr; vsnprintf &rArr; _printf_char_common &rArr; __printf
<P>
<H3>
Functions with no stack information
</H3><UL>
 <LI><a href="#[e4]">__user_initial_stackheap</a>
</UL>
</UL>
<P>
<H3>
Mutually Recursive functions
</H3> <LI><a href="#[20]">ADC1_2_IRQHandler</a>&nbsp;&nbsp;&nbsp;&rArr;&nbsp;&nbsp;&nbsp;<a href="#[20]">ADC1_2_IRQHandler</a><BR>
 <LI><a href="#[a0]">__asm___13_rtx_mempool_c_7914b4c7__atomic_link_put</a>&nbsp;&nbsp;&nbsp;&rArr;&nbsp;&nbsp;&nbsp;<a href="#[a0]">__asm___13_rtx_mempool_c_7914b4c7__atomic_link_put</a><BR>
</UL>
<P>
<H3>
Function Pointers
</H3><UL>
 <LI><a href="#[20]">ADC1_2_IRQHandler</a> from startup_stm32f10x_md.o(.text) referenced from startup_stm32f10x_md.o(RESET)
 <LI><a href="#[43]">App_Thread</a> from app_thread.o(i.App_Thread) referenced from app_thread.o(i.App_ThreadCreate)
 <LI><a href="#[8]">BusFault_Handler</a> from stm32f10x_it.o(i.BusFault_Handler) referenced from startup_stm32f10x_md.o(RESET)
 <LI><a href="#[23]">CAN1_RX1_IRQHandler</a> from startup_stm32f10x_md.o(.text) referenced from startup_stm32f10x_md.o(RESET)
 <LI><a href="#[24]">CAN1_SCE_IRQHandler</a> from startup_stm32f10x_md.o(.text) referenced from startup_stm32f10x_md.o(RESET)
 <LI><a href="#[19]">DMA1_Channel1_IRQHandler</a> from startup_stm32f10x_md.o(.text) referenced from startup_stm32f10x_md.o(RESET)
 <LI><a href="#[1a]">DMA1_Channel2_IRQHandler</a> from startup_stm32f10x_md.o(.text) referenced from startup_stm32f10x_md.o(RESET)
 <LI><a href="#[1b]">DMA1_Channel3_IRQHandler</a> from startup_stm32f10x_md.o(.text) referenced from startup_stm32f10x_md.o(RESET)
 <LI><a href="#[1c]">DMA1_Channel4_IRQHandler</a> from startup_stm32f10x_md.o(.text) referenced from startup_stm32f10x_md.o(RESET)
 <LI><a href="#[1d]">DMA1_Channel5_IRQHandler</a> from startup_stm32f10x_md.o(.text) referenced from startup_stm32f10x_md.o(RESET)
 <LI><a href="#[1e]">DMA1_Channel6_IRQHandler</a> from startup_stm32f10x_md.o(.text) referenced from startup_stm32f10x_md.o(RESET)
 <LI><a href="#[1f]">DMA1_Channel7_IRQHandler</a> from startup_stm32f10x_md.o(.text) referenced from startup_stm32f10x_md.o(RESET)
 <LI><a href="#[b]">DebugMon_Handler</a> from stm32f10x_it.o(i.DebugMon_Handler) referenced from startup_stm32f10x_md.o(RESET)
 <LI><a href="#[14]">EXTI0_IRQHandler</a> from stm32f10x_it.o(i.EXTI0_IRQHandler) referenced from startup_stm32f10x_md.o(RESET)
 <LI><a href="#[36]">EXTI15_10_IRQHandler</a> from stm32f10x_it.o(i.EXTI15_10_IRQHandler) referenced from startup_stm32f10x_md.o(RESET)
 <LI><a href="#[15]">EXTI1_IRQHandler</a> from stm32f10x_it.o(i.EXTI1_IRQHandler) referenced from startup_stm32f10x_md.o(RESET)
 <LI><a href="#[16]">EXTI2_IRQHandler</a> from startup_stm32f10x_md.o(.text) referenced from startup_stm32f10x_md.o(RESET)
 <LI><a href="#[17]">EXTI3_IRQHandler</a> from startup_stm32f10x_md.o(.text) referenced from startup_stm32f10x_md.o(RESET)
 <LI><a href="#[18]">EXTI4_IRQHandler</a> from startup_stm32f10x_md.o(.text) referenced from startup_stm32f10x_md.o(RESET)
 <LI><a href="#[25]">EXTI9_5_IRQHandler</a> from stm32f10x_it.o(i.EXTI9_5_IRQHandler) referenced from startup_stm32f10x_md.o(RESET)
 <LI><a href="#[12]">FLASH_IRQHandler</a> from startup_stm32f10x_md.o(.text) referenced from startup_stm32f10x_md.o(RESET)
 <LI><a href="#[6]">HardFault_Handler</a> from stm32f10x_it.o(i.HardFault_Handler) referenced from startup_stm32f10x_md.o(RESET)
 <LI><a href="#[2e]">I2C1_ER_IRQHandler</a> from startup_stm32f10x_md.o(.text) referenced from startup_stm32f10x_md.o(RESET)
 <LI><a href="#[2d]">I2C1_EV_IRQHandler</a> from startup_stm32f10x_md.o(.text) referenced from startup_stm32f10x_md.o(RESET)
 <LI><a href="#[30]">I2C2_ER_IRQHandler</a> from startup_stm32f10x_md.o(.text) referenced from startup_stm32f10x_md.o(RESET)
 <LI><a href="#[2f]">I2C2_EV_IRQHandler</a> from startup_stm32f10x_md.o(.text) referenced from startup_stm32f10x_md.o(RESET)
 <LI><a href="#[7]">MemManage_Handler</a> from stm32f10x_it.o(i.MemManage_Handler) referenced from startup_stm32f10x_md.o(RESET)
 <LI><a href="#[5]">NMI_Handler</a> from stm32f10x_it.o(i.NMI_Handler) referenced from startup_stm32f10x_md.o(RESET)
 <LI><a href="#[f]">PVD_IRQHandler</a> from startup_stm32f10x_md.o(.text) referenced from startup_stm32f10x_md.o(RESET)
 <LI><a href="#[c]">PendSV_Handler</a> from irq_cm3.o(.text) referenced from startup_stm32f10x_md.o(RESET)
 <LI><a href="#[44]">Position_Thread</a> from position_thread.o(i.Position_Thread) referenced from position_thread.o(i.Position_ThreadCreate)
 <LI><a href="#[13]">RCC_IRQHandler</a> from startup_stm32f10x_md.o(.text) referenced from startup_stm32f10x_md.o(RESET)
 <LI><a href="#[37]">RTCAlarm_IRQHandler</a> from startup_stm32f10x_md.o(.text) referenced from startup_stm32f10x_md.o(RESET)
 <LI><a href="#[11]">RTC_IRQHandler</a> from startup_stm32f10x_md.o(.text) referenced from startup_stm32f10x_md.o(RESET)
 <LI><a href="#[4]">Reset_Handler</a> from startup_stm32f10x_md.o(.text) referenced from startup_stm32f10x_md.o(RESET)
 <LI><a href="#[31]">SPI1_IRQHandler</a> from startup_stm32f10x_md.o(.text) referenced from startup_stm32f10x_md.o(RESET)
 <LI><a href="#[32]">SPI2_IRQHandler</a> from startup_stm32f10x_md.o(.text) referenced from startup_stm32f10x_md.o(RESET)
 <LI><a href="#[a]">SVC_Handler</a> from irq_cm3.o(.text) referenced from startup_stm32f10x_md.o(RESET)
 <LI><a href="#[46]">Sim808Basic_Thread</a> from sim808_thread.o(i.Sim808Basic_Thread) referenced from sim808_thread.o(i.Sim808_ThreadCreate)
 <LI><a href="#[45]">Sim808Urc_Thread</a> from sim808_thread.o(i.Sim808Urc_Thread) referenced from sim808_thread.o(i.Sim808_ThreadCreate)
 <LI><a href="#[d]">SysTick_Handler</a> from irq_cm3.o(.text) referenced from startup_stm32f10x_md.o(RESET)
 <LI><a href="#[d]">SysTick_Handler</a> from irq_cm3.o(.text) referenced from rtx_kernel.o(i.svcRtxKernelStart)
 <LI><a href="#[39]">SystemInit</a> from system_stm32f10x.o(i.SystemInit) referenced from startup_stm32f10x_md.o(.text)
 <LI><a href="#[10]">TAMPER_IRQHandler</a> from startup_stm32f10x_md.o(.text) referenced from startup_stm32f10x_md.o(RESET)
 <LI><a href="#[26]">TIM1_BRK_IRQHandler</a> from startup_stm32f10x_md.o(.text) referenced from startup_stm32f10x_md.o(RESET)
 <LI><a href="#[29]">TIM1_CC_IRQHandler</a> from startup_stm32f10x_md.o(.text) referenced from startup_stm32f10x_md.o(RESET)
 <LI><a href="#[28]">TIM1_TRG_COM_IRQHandler</a> from startup_stm32f10x_md.o(.text) referenced from startup_stm32f10x_md.o(RESET)
 <LI><a href="#[27]">TIM1_UP_IRQHandler</a> from startup_stm32f10x_md.o(.text) referenced from startup_stm32f10x_md.o(RESET)
 <LI><a href="#[2a]">TIM2_IRQHandler</a> from startup_stm32f10x_md.o(.text) referenced from startup_stm32f10x_md.o(RESET)
 <LI><a href="#[2b]">TIM3_IRQHandler</a> from startup_stm32f10x_md.o(.text) referenced from startup_stm32f10x_md.o(RESET)
 <LI><a href="#[2c]">TIM4_IRQHandler</a> from startup_stm32f10x_md.o(.text) referenced from startup_stm32f10x_md.o(RESET)
 <LI><a href="#[33]">USART1_IRQHandler</a> from startup_stm32f10x_md.o(.text) referenced from startup_stm32f10x_md.o(RESET)
 <LI><a href="#[34]">USART2_IRQHandler</a> from startup_stm32f10x_md.o(.text) referenced from startup_stm32f10x_md.o(RESET)
 <LI><a href="#[35]">USART3_IRQHandler</a> from stm32f10x_it.o(i.USART3_IRQHandler) referenced from startup_stm32f10x_md.o(RESET)
 <LI><a href="#[38]">USBWakeUp_IRQHandler</a> from startup_stm32f10x_md.o(.text) referenced from startup_stm32f10x_md.o(RESET)
 <LI><a href="#[21]">USB_HP_CAN1_TX_IRQHandler</a> from startup_stm32f10x_md.o(.text) referenced from startup_stm32f10x_md.o(RESET)
 <LI><a href="#[22]">USB_LP_CAN1_RX0_IRQHandler</a> from startup_stm32f10x_md.o(.text) referenced from startup_stm32f10x_md.o(RESET)
 <LI><a href="#[9]">UsageFault_Handler</a> from stm32f10x_it.o(i.UsageFault_Handler) referenced from startup_stm32f10x_md.o(RESET)
 <LI><a href="#[e]">WWDG_IRQHandler</a> from startup_stm32f10x_md.o(.text) referenced from startup_stm32f10x_md.o(RESET)
 <LI><a href="#[63]">__main</a> from __main.o(!!!main) referenced from startup_stm32f10x_md.o(.text)
 <LI><a href="#[42]">_get_lc_ctype</a> from lc_ctype_c.o(locale$$code) referenced from rt_ctype_table.o(.text)
 <LI><a href="#[3f]">_printf_input_char</a> from _printf_char_common.o(.text) referenced from _printf_char_common.o(.text)
 <LI><a href="#[3e]">_sbackspace</a> from _sgetc.o(.text) referenced 2 times from sscanf.o(.text)
 <LI><a href="#[40]">_scanf_char_input</a> from scanf_char.o(.text) referenced from scanf_char.o(.text)
 <LI><a href="#[3d]">_sgetc</a> from _sgetc.o(.text) referenced 2 times from sscanf.o(.text)
 <LI><a href="#[3b]">_snputc</a> from _snputc.o(.text) referenced 2 times from vsnprintf.o(.text)
 <LI><a href="#[3c]">_sputc</a> from _sputc.o(.text) referenced from __2sprintf.o(.text)
 <LI><a href="#[47]">app_main</a> from main.o(i.app_main) referenced from main.o(i.main)
 <LI><a href="#[41]">isspace</a> from isspace.o(.text) referenced from scanf_char.o(.text)
 <LI><a href="#[5f]">osRtxEventFlagsPostProcess</a> from rtx_evflags.o(i.osRtxEventFlagsPostProcess) referenced from rtx_evflags.o(i.svcRtxEventFlagsNew)
 <LI><a href="#[58]">osRtxIdleThread</a> from rtx_config.o(i.osRtxIdleThread) referenced from rtx_thread.o(i.osRtxThreadStartup)
 <LI><a href="#[60]">osRtxMessageQueuePostProcess</a> from rtx_msgqueue.o(i.osRtxMessageQueuePostProcess) referenced from rtx_msgqueue.o(i.svcRtxMessageQueueNew)
 <LI><a href="#[62]">osRtxThreadPostProcess</a> from rtx_thread.o(i.osRtxThreadPostProcess) referenced from rtx_thread.o(i.svcRtxThreadNew)
 <LI><a href="#[59]">osRtxTimerThread</a> from rtx_timer.o(i.osRtxTimerThread) referenced from rtx_thread.o(i.osRtxThreadStartup)
 <LI><a href="#[5a]">osRtxTimerTick</a> from rtx_timer.o(i.osRtxTimerTick) referenced from rtx_timer.o(i.osRtxTimerThread)
 <LI><a href="#[61]">osThreadExit</a> from rtx_thread.o(i.osThreadExit) referenced from rtx_thread.o(i.svcRtxThreadNew)
 <LI><a href="#[48]">svcRtxDelay</a> from rtx_delay.o(i.svcRtxDelay) referenced from rtx_delay.o(i.osDelay)
 <LI><a href="#[49]">svcRtxEventFlagsClear</a> from rtx_evflags.o(i.svcRtxEventFlagsClear) referenced from rtx_evflags.o(i.osEventFlagsClear)
 <LI><a href="#[4a]">svcRtxEventFlagsGet</a> from rtx_evflags.o(i.svcRtxEventFlagsGet) referenced from rtx_evflags.o(i.osEventFlagsGet)
 <LI><a href="#[4b]">svcRtxEventFlagsNew</a> from rtx_evflags.o(i.svcRtxEventFlagsNew) referenced from rtx_evflags.o(i.osEventFlagsNew)
 <LI><a href="#[4c]">svcRtxEventFlagsSet</a> from rtx_evflags.o(i.svcRtxEventFlagsSet) referenced from rtx_evflags.o(i.osEventFlagsSet)
 <LI><a href="#[4d]">svcRtxEventFlagsWait</a> from rtx_evflags.o(i.svcRtxEventFlagsWait) referenced from rtx_evflags.o(i.osEventFlagsWait)
 <LI><a href="#[4e]">svcRtxKernelGetState</a> from rtx_kernel.o(i.svcRtxKernelGetState) referenced from rtx_kernel.o(i.osKernelGetState)
 <LI><a href="#[4f]">svcRtxKernelInitialize</a> from rtx_kernel.o(i.svcRtxKernelInitialize) referenced from rtx_kernel.o(i.osKernelInitialize)
 <LI><a href="#[50]">svcRtxKernelStart</a> from rtx_kernel.o(i.svcRtxKernelStart) referenced from rtx_kernel.o(i.osKernelStart)
 <LI><a href="#[51]">svcRtxMessageQueueGet</a> from rtx_msgqueue.o(i.svcRtxMessageQueueGet) referenced from rtx_msgqueue.o(i.osMessageQueueGet)
 <LI><a href="#[52]">svcRtxMessageQueueNew</a> from rtx_msgqueue.o(i.svcRtxMessageQueueNew) referenced from rtx_msgqueue.o(i.osMessageQueueNew)
 <LI><a href="#[53]">svcRtxMessageQueuePut</a> from rtx_msgqueue.o(i.svcRtxMessageQueuePut) referenced from rtx_msgqueue.o(i.osMessageQueuePut)
 <LI><a href="#[54]">svcRtxMutexAcquire</a> from rtx_mutex.o(i.svcRtxMutexAcquire) referenced from rtx_mutex.o(i.osMutexAcquire)
 <LI><a href="#[55]">svcRtxMutexDelete</a> from rtx_mutex.o(i.svcRtxMutexDelete) referenced from rtx_mutex.o(i.osMutexDelete)
 <LI><a href="#[56]">svcRtxMutexNew</a> from rtx_mutex.o(i.svcRtxMutexNew) referenced from rtx_mutex.o(i.osMutexNew)
 <LI><a href="#[57]">svcRtxMutexRelease</a> from rtx_mutex.o(i.svcRtxMutexRelease) referenced from rtx_mutex.o(i.osMutexRelease)
 <LI><a href="#[5b]">svcRtxThreadExit</a> from rtx_thread.o(i.svcRtxThreadExit) referenced from rtx_thread.o(i.osThreadExit)
 <LI><a href="#[5c]">svcRtxThreadGetId</a> from rtx_thread.o(i.svcRtxThreadGetId) referenced from rtx_thread.o(i.osThreadGetId)
 <LI><a href="#[5d]">svcRtxThreadNew</a> from rtx_thread.o(i.svcRtxThreadNew) referenced from rtx_thread.o(i.osThreadNew)
 <LI><a href="#[5e]">svcRtxThreadTerminate</a> from rtx_thread.o(i.svcRtxThreadTerminate) referenced from rtx_thread.o(i.osThreadTerminate)
</UL>
<P>
<H3>
Global Symbols
</H3>
<P><STRONG><a name="[63]"></a>__main</STRONG> (Thumb, 8 bytes, Stack size 0 bytes, __main.o(!!!main))
<BR><BR>[Calls]<UL><LI><a href="#[69]">&gt;&gt;</a>&nbsp;&nbsp;&nbsp;__rt_entry
<LI><a href="#[68]">&gt;&gt;</a>&nbsp;&nbsp;&nbsp;__scatterload
</UL>

<P><STRONG><a name="[68]"></a>__scatterload</STRONG> (Thumb, 0 bytes, Stack size unknown bytes, __scatter.o(!!!scatter))
<BR><BR>[Called By]<UL><LI><a href="#[63]">&gt;&gt;</a>&nbsp;&nbsp;&nbsp;__main
</UL>

<P><STRONG><a name="[6a]"></a>__scatterload_rt2</STRONG> (Thumb, 44 bytes, Stack size unknown bytes, __scatter.o(!!!scatter), UNUSED)
<BR><BR>[Calls]<UL><LI><a href="#[69]">&gt;&gt;</a>&nbsp;&nbsp;&nbsp;__rt_entry
</UL>

<P><STRONG><a name="[244]"></a>__scatterload_rt2_thumb_only</STRONG> (Thumb, 0 bytes, Stack size unknown bytes, __scatter.o(!!!scatter), UNUSED)

<P><STRONG><a name="[245]"></a>__scatterload_null</STRONG> (Thumb, 0 bytes, Stack size unknown bytes, __scatter.o(!!!scatter), UNUSED)

<P><STRONG><a name="[246]"></a>__decompress</STRONG> (Thumb, 90 bytes, Stack size unknown bytes, __dczerorl2.o(!!dczerorl2), UNUSED)

<P><STRONG><a name="[247]"></a>__decompress1</STRONG> (Thumb, 0 bytes, Stack size unknown bytes, __dczerorl2.o(!!dczerorl2), UNUSED)

<P><STRONG><a name="[248]"></a>__scatterload_zeroinit</STRONG> (Thumb, 28 bytes, Stack size unknown bytes, __scatter_zi.o(!!handler_zi), UNUSED)

<P><STRONG><a name="[6b]"></a>_printf_n</STRONG> (Thumb, 0 bytes, Stack size unknown bytes, _printf_n.o(.ARM.Collect$$_printf_percent$$00000001))
<BR><BR>[Calls]<UL><LI><a href="#[6c]">&gt;&gt;</a>&nbsp;&nbsp;&nbsp;_printf_charcount
</UL>

<P><STRONG><a name="[b2]"></a>_printf_percent</STRONG> (Thumb, 0 bytes, Stack size unknown bytes, _printf_percent.o(.ARM.Collect$$_printf_percent$$00000000))
<BR><BR>[Called By]<UL><LI><a href="#[b0]">&gt;&gt;</a>&nbsp;&nbsp;&nbsp;__printf
</UL>

<P><STRONG><a name="[6d]"></a>_printf_p</STRONG> (Thumb, 0 bytes, Stack size unknown bytes, _printf_p.o(.ARM.Collect$$_printf_percent$$00000002))
<BR><BR>[Stack]<UL><LI>Max Depth = 64 + Unknown Stack Size
<LI>Call Chain = _printf_p &rArr; _printf_hex_ptr &rArr; _printf_longlong_hex &rArr; _printf_int_common &rArr; _printf_post_padding
</UL>
<BR>[Calls]<UL><LI><a href="#[6e]">&gt;&gt;</a>&nbsp;&nbsp;&nbsp;_printf_hex_ptr
</UL>

<P><STRONG><a name="[6f]"></a>_printf_f</STRONG> (Thumb, 0 bytes, Stack size unknown bytes, _printf_f.o(.ARM.Collect$$_printf_percent$$00000003))
<BR><BR>[Stack]<UL><LI>Max Depth = 320 + Unknown Stack Size
<LI>Call Chain = _printf_f &rArr; _printf_fp_dec &rArr; _printf_fp_dec_real &rArr; _fp_digits &rArr; _btod_etento &rArr; _btod_emul &rArr; _e2e
</UL>
<BR>[Calls]<UL><LI><a href="#[70]">&gt;&gt;</a>&nbsp;&nbsp;&nbsp;_printf_fp_dec
</UL>

<P><STRONG><a name="[71]"></a>_printf_e</STRONG> (Thumb, 0 bytes, Stack size unknown bytes, _printf_e.o(.ARM.Collect$$_printf_percent$$00000004))
<BR><BR>[Stack]<UL><LI>Max Depth = 320 + Unknown Stack Size
<LI>Call Chain = _printf_e &rArr; _printf_fp_dec &rArr; _printf_fp_dec_real &rArr; _fp_digits &rArr; _btod_etento &rArr; _btod_emul &rArr; _e2e
</UL>
<BR>[Calls]<UL><LI><a href="#[70]">&gt;&gt;</a>&nbsp;&nbsp;&nbsp;_printf_fp_dec
</UL>

<P><STRONG><a name="[72]"></a>_printf_g</STRONG> (Thumb, 0 bytes, Stack size unknown bytes, _printf_g.o(.ARM.Collect$$_printf_percent$$00000005))
<BR><BR>[Stack]<UL><LI>Max Depth = 320 + Unknown Stack Size
<LI>Call Chain = _printf_g &rArr; _printf_fp_dec &rArr; _printf_fp_dec_real &rArr; _fp_digits &rArr; _btod_etento &rArr; _btod_emul &rArr; _e2e
</UL>
<BR>[Calls]<UL><LI><a href="#[70]">&gt;&gt;</a>&nbsp;&nbsp;&nbsp;_printf_fp_dec
</UL>

<P><STRONG><a name="[73]"></a>_printf_a</STRONG> (Thumb, 0 bytes, Stack size unknown bytes, _printf_a.o(.ARM.Collect$$_printf_percent$$00000006))
<BR><BR>[Stack]<UL><LI>Max Depth = 112 + Unknown Stack Size
<LI>Call Chain = _printf_a &rArr; _printf_fp_hex &rArr; _printf_fp_hex_real &rArr; _printf_fp_infnan &rArr; _printf_post_padding
</UL>
<BR>[Calls]<UL><LI><a href="#[74]">&gt;&gt;</a>&nbsp;&nbsp;&nbsp;_printf_fp_hex
</UL>

<P><STRONG><a name="[249]"></a>_printf_ll</STRONG> (Thumb, 0 bytes, Stack size unknown bytes, _printf_ll.o(.ARM.Collect$$_printf_percent$$00000007))

<P><STRONG><a name="[75]"></a>_printf_i</STRONG> (Thumb, 0 bytes, Stack size unknown bytes, _printf_i.o(.ARM.Collect$$_printf_percent$$00000008))
<BR><BR>[Stack]<UL><LI>Max Depth = 72 + Unknown Stack Size
<LI>Call Chain = _printf_i &rArr; _printf_int_dec &rArr; _printf_int_common &rArr; _printf_post_padding
</UL>
<BR>[Calls]<UL><LI><a href="#[76]">&gt;&gt;</a>&nbsp;&nbsp;&nbsp;_printf_int_dec
</UL>

<P><STRONG><a name="[77]"></a>_printf_d</STRONG> (Thumb, 0 bytes, Stack size unknown bytes, _printf_d.o(.ARM.Collect$$_printf_percent$$00000009))
<BR><BR>[Stack]<UL><LI>Max Depth = 72 + Unknown Stack Size
<LI>Call Chain = _printf_d &rArr; _printf_int_dec &rArr; _printf_int_common &rArr; _printf_post_padding
</UL>
<BR>[Calls]<UL><LI><a href="#[76]">&gt;&gt;</a>&nbsp;&nbsp;&nbsp;_printf_int_dec
</UL>

<P><STRONG><a name="[78]"></a>_printf_u</STRONG> (Thumb, 0 bytes, Stack size unknown bytes, _printf_u.o(.ARM.Collect$$_printf_percent$$0000000A))
<BR><BR>[Stack]<UL><LI>Max Depth = 72 + Unknown Stack Size
<LI>Call Chain = _printf_u &rArr; _printf_int_dec &rArr; _printf_int_common &rArr; _printf_post_padding
</UL>
<BR>[Calls]<UL><LI><a href="#[76]">&gt;&gt;</a>&nbsp;&nbsp;&nbsp;_printf_int_dec
</UL>

<P><STRONG><a name="[79]"></a>_printf_o</STRONG> (Thumb, 0 bytes, Stack size unknown bytes, _printf_o.o(.ARM.Collect$$_printf_percent$$0000000B))
<BR><BR>[Stack]<UL><LI>Max Depth = 64 + Unknown Stack Size
<LI>Call Chain = _printf_o &rArr; _printf_int_oct &rArr; _printf_longlong_oct &rArr; _printf_int_common &rArr; _printf_post_padding
</UL>
<BR>[Calls]<UL><LI><a href="#[7a]">&gt;&gt;</a>&nbsp;&nbsp;&nbsp;_printf_int_oct
</UL>

<P><STRONG><a name="[7b]"></a>_printf_x</STRONG> (Thumb, 0 bytes, Stack size unknown bytes, _printf_x.o(.ARM.Collect$$_printf_percent$$0000000C))
<BR><BR>[Stack]<UL><LI>Max Depth = 80 + Unknown Stack Size
<LI>Call Chain = _printf_x &rArr; _printf_int_hex &rArr; _printf_longlong_hex &rArr; _printf_int_common &rArr; _printf_post_padding
</UL>
<BR>[Calls]<UL><LI><a href="#[7c]">&gt;&gt;</a>&nbsp;&nbsp;&nbsp;_printf_int_hex
</UL>

<P><STRONG><a name="[7d]"></a>_printf_lli</STRONG> (Thumb, 0 bytes, Stack size unknown bytes, _printf_lli.o(.ARM.Collect$$_printf_percent$$0000000D))
<BR><BR>[Stack]<UL><LI>Max Depth = 72 + Unknown Stack Size
<LI>Call Chain = _printf_lli &rArr; _printf_longlong_dec &rArr; _printf_int_common &rArr; _printf_post_padding
</UL>
<BR>[Calls]<UL><LI><a href="#[7e]">&gt;&gt;</a>&nbsp;&nbsp;&nbsp;_printf_longlong_dec
</UL>

<P><STRONG><a name="[7f]"></a>_printf_lld</STRONG> (Thumb, 0 bytes, Stack size unknown bytes, _printf_lld.o(.ARM.Collect$$_printf_percent$$0000000E))
<BR><BR>[Stack]<UL><LI>Max Depth = 72 + Unknown Stack Size
<LI>Call Chain = _printf_lld &rArr; _printf_longlong_dec &rArr; _printf_int_common &rArr; _printf_post_padding
</UL>
<BR>[Calls]<UL><LI><a href="#[7e]">&gt;&gt;</a>&nbsp;&nbsp;&nbsp;_printf_longlong_dec
</UL>

<P><STRONG><a name="[80]"></a>_printf_llu</STRONG> (Thumb, 0 bytes, Stack size unknown bytes, _printf_llu.o(.ARM.Collect$$_printf_percent$$0000000F))
<BR><BR>[Stack]<UL><LI>Max Depth = 72 + Unknown Stack Size
<LI>Call Chain = _printf_llu &rArr; _printf_longlong_dec &rArr; _printf_int_common &rArr; _printf_post_padding
</UL>
<BR>[Calls]<UL><LI><a href="#[7e]">&gt;&gt;</a>&nbsp;&nbsp;&nbsp;_printf_longlong_dec
</UL>

<P><STRONG><a name="[81]"></a>_printf_llo</STRONG> (Thumb, 0 bytes, Stack size unknown bytes, _printf_llo.o(.ARM.Collect$$_printf_percent$$00000010))
<BR><BR>[Stack]<UL><LI>Max Depth = 56 + Unknown Stack Size
<LI>Call Chain = _printf_llo &rArr; _printf_ll_oct &rArr; _printf_longlong_oct &rArr; _printf_int_common &rArr; _printf_post_padding
</UL>
<BR>[Calls]<UL><LI><a href="#[82]">&gt;&gt;</a>&nbsp;&nbsp;&nbsp;_printf_ll_oct
</UL>

<P><STRONG><a name="[83]"></a>_printf_llx</STRONG> (Thumb, 0 bytes, Stack size unknown bytes, _printf_llx.o(.ARM.Collect$$_printf_percent$$00000011))
<BR><BR>[Stack]<UL><LI>Max Depth = 64 + Unknown Stack Size
<LI>Call Chain = _printf_llx &rArr; _printf_ll_hex &rArr; _printf_longlong_hex &rArr; _printf_int_common &rArr; _printf_post_padding
</UL>
<BR>[Calls]<UL><LI><a href="#[84]">&gt;&gt;</a>&nbsp;&nbsp;&nbsp;_printf_ll_hex
</UL>

<P><STRONG><a name="[24a]"></a>_printf_l</STRONG> (Thumb, 0 bytes, Stack size unknown bytes, _printf_l.o(.ARM.Collect$$_printf_percent$$00000012))

<P><STRONG><a name="[85]"></a>_printf_c</STRONG> (Thumb, 0 bytes, Stack size unknown bytes, _printf_c.o(.ARM.Collect$$_printf_percent$$00000013))
<BR><BR>[Stack]<UL><LI>Max Depth = 40 + Unknown Stack Size
<LI>Call Chain = _printf_c &rArr; _printf_char &rArr; _printf_cs_common &rArr; _printf_str &rArr; _printf_post_padding
</UL>
<BR>[Calls]<UL><LI><a href="#[86]">&gt;&gt;</a>&nbsp;&nbsp;&nbsp;_printf_char
</UL>

<P><STRONG><a name="[87]"></a>_printf_s</STRONG> (Thumb, 0 bytes, Stack size unknown bytes, _printf_s.o(.ARM.Collect$$_printf_percent$$00000014))
<BR><BR>[Stack]<UL><LI>Max Depth = 40 + Unknown Stack Size
<LI>Call Chain = _printf_s &rArr; _printf_string &rArr; _printf_cs_common &rArr; _printf_str &rArr; _printf_post_padding
</UL>
<BR>[Calls]<UL><LI><a href="#[88]">&gt;&gt;</a>&nbsp;&nbsp;&nbsp;_printf_string
</UL>

<P><STRONG><a name="[89]"></a>_printf_lc</STRONG> (Thumb, 0 bytes, Stack size unknown bytes, _printf_lc.o(.ARM.Collect$$_printf_percent$$00000015))
<BR><BR>[Stack]<UL><LI>Max Depth = 96 + Unknown Stack Size
<LI>Call Chain = _printf_lc &rArr; _printf_wchar &rArr; _printf_lcs_common &rArr; _printf_wctomb &rArr; _wcrtomb &rArr; __rt_ctype_table &rArr; __rt_locale
</UL>
<BR>[Calls]<UL><LI><a href="#[8a]">&gt;&gt;</a>&nbsp;&nbsp;&nbsp;_printf_wchar
</UL>

<P><STRONG><a name="[8b]"></a>_printf_ls</STRONG> (Thumb, 0 bytes, Stack size unknown bytes, _printf_ls.o(.ARM.Collect$$_printf_percent$$00000016))
<BR><BR>[Stack]<UL><LI>Max Depth = 96 + Unknown Stack Size
<LI>Call Chain = _printf_ls &rArr; _printf_wstring &rArr; _printf_lcs_common &rArr; _printf_wctomb &rArr; _wcrtomb &rArr; __rt_ctype_table &rArr; __rt_locale
</UL>
<BR>[Calls]<UL><LI><a href="#[8c]">&gt;&gt;</a>&nbsp;&nbsp;&nbsp;_printf_wstring
</UL>

<P><STRONG><a name="[24b]"></a>_printf_percent_end</STRONG> (Thumb, 0 bytes, Stack size unknown bytes, _printf_percent_end.o(.ARM.Collect$$_printf_percent$$00000017))

<P><STRONG><a name="[97]"></a>__rt_lib_init</STRONG> (Thumb, 0 bytes, Stack size unknown bytes, libinit.o(.ARM.Collect$$libinit$$00000000))
<BR><BR>[Called By]<UL><LI><a href="#[96]">&gt;&gt;</a>&nbsp;&nbsp;&nbsp;__rt_entry_li
</UL>

<P><STRONG><a name="[24c]"></a>__rt_lib_init_fp_1</STRONG> (Thumb, 0 bytes, Stack size unknown bytes, libinit2.o(.ARM.Collect$$libinit$$00000002))

<P><STRONG><a name="[24d]"></a>__rt_lib_init_heap_1</STRONG> (Thumb, 0 bytes, Stack size unknown bytes, libinit2.o(.ARM.Collect$$libinit$$0000000A))

<P><STRONG><a name="[8d]"></a>__rt_lib_init_lc_common</STRONG> (Thumb, 0 bytes, Stack size unknown bytes, libinit2.o(.ARM.Collect$$libinit$$0000000F))
<BR><BR>[Stack]<UL><LI>Max Depth = 8 + Unknown Stack Size
<LI>Call Chain = __rt_lib_init_lc_common &rArr; __rt_locale
</UL>
<BR>[Calls]<UL><LI><a href="#[8e]">&gt;&gt;</a>&nbsp;&nbsp;&nbsp;__rt_locale
</UL>

<P><STRONG><a name="[24e]"></a>__rt_lib_init_preinit_1</STRONG> (Thumb, 0 bytes, Stack size unknown bytes, libinit2.o(.ARM.Collect$$libinit$$00000004))

<P><STRONG><a name="[24f]"></a>__rt_lib_init_rand_1</STRONG> (Thumb, 0 bytes, Stack size unknown bytes, libinit2.o(.ARM.Collect$$libinit$$0000000E))

<P><STRONG><a name="[250]"></a>__rt_lib_init_user_alloc_1</STRONG> (Thumb, 0 bytes, Stack size unknown bytes, libinit2.o(.ARM.Collect$$libinit$$0000000C))

<P><STRONG><a name="[251]"></a>__rt_lib_init_lc_collate_1</STRONG> (Thumb, 0 bytes, Stack size unknown bytes, libinit2.o(.ARM.Collect$$libinit$$00000011))

<P><STRONG><a name="[8f]"></a>__rt_lib_init_lc_ctype_2</STRONG> (Thumb, 0 bytes, Stack size unknown bytes, libinit2.o(.ARM.Collect$$libinit$$00000012))
<BR><BR>[Stack]<UL><LI>Max Depth = 8 + Unknown Stack Size
<LI>Call Chain = __rt_lib_init_lc_ctype_2 &rArr; _get_lc_ctype
</UL>
<BR>[Calls]<UL><LI><a href="#[42]">&gt;&gt;</a>&nbsp;&nbsp;&nbsp;_get_lc_ctype
</UL>

<P><STRONG><a name="[252]"></a>__rt_lib_init_lc_ctype_1</STRONG> (Thumb, 0 bytes, Stack size unknown bytes, libinit2.o(.ARM.Collect$$libinit$$00000013))

<P><STRONG><a name="[253]"></a>__rt_lib_init_lc_monetary_1</STRONG> (Thumb, 0 bytes, Stack size unknown bytes, libinit2.o(.ARM.Collect$$libinit$$00000015))

<P><STRONG><a name="[90]"></a>__rt_lib_init_lc_numeric_2</STRONG> (Thumb, 0 bytes, Stack size unknown bytes, libinit2.o(.ARM.Collect$$libinit$$00000016))
<BR><BR>[Stack]<UL><LI>Max Depth = 8 + Unknown Stack Size
<LI>Call Chain = __rt_lib_init_lc_numeric_2 &rArr; _get_lc_numeric
</UL>
<BR>[Calls]<UL><LI><a href="#[91]">&gt;&gt;</a>&nbsp;&nbsp;&nbsp;_get_lc_numeric
</UL>

<P><STRONG><a name="[254]"></a>__rt_lib_init_alloca_1</STRONG> (Thumb, 0 bytes, Stack size unknown bytes, libinit2.o(.ARM.Collect$$libinit$$0000002E))

<P><STRONG><a name="[255]"></a>__rt_lib_init_argv_1</STRONG> (Thumb, 0 bytes, Stack size unknown bytes, libinit2.o(.ARM.Collect$$libinit$$0000002C))

<P><STRONG><a name="[256]"></a>__rt_lib_init_atexit_1</STRONG> (Thumb, 0 bytes, Stack size unknown bytes, libinit2.o(.ARM.Collect$$libinit$$0000001B))

<P><STRONG><a name="[257]"></a>__rt_lib_init_clock_1</STRONG> (Thumb, 0 bytes, Stack size unknown bytes, libinit2.o(.ARM.Collect$$libinit$$00000021))

<P><STRONG><a name="[258]"></a>__rt_lib_init_cpp_1</STRONG> (Thumb, 0 bytes, Stack size unknown bytes, libinit2.o(.ARM.Collect$$libinit$$00000032))

<P><STRONG><a name="[259]"></a>__rt_lib_init_exceptions_1</STRONG> (Thumb, 0 bytes, Stack size unknown bytes, libinit2.o(.ARM.Collect$$libinit$$00000030))

<P><STRONG><a name="[25a]"></a>__rt_lib_init_fp_trap_1</STRONG> (Thumb, 0 bytes, Stack size unknown bytes, libinit2.o(.ARM.Collect$$libinit$$0000001F))

<P><STRONG><a name="[25b]"></a>__rt_lib_init_getenv_1</STRONG> (Thumb, 0 bytes, Stack size unknown bytes, libinit2.o(.ARM.Collect$$libinit$$00000023))

<P><STRONG><a name="[25c]"></a>__rt_lib_init_lc_numeric_1</STRONG> (Thumb, 0 bytes, Stack size unknown bytes, libinit2.o(.ARM.Collect$$libinit$$00000017))

<P><STRONG><a name="[25d]"></a>__rt_lib_init_lc_time_1</STRONG> (Thumb, 0 bytes, Stack size unknown bytes, libinit2.o(.ARM.Collect$$libinit$$00000019))

<P><STRONG><a name="[25e]"></a>__rt_lib_init_return</STRONG> (Thumb, 0 bytes, Stack size unknown bytes, libinit2.o(.ARM.Collect$$libinit$$00000033))

<P><STRONG><a name="[25f]"></a>__rt_lib_init_signal_1</STRONG> (Thumb, 0 bytes, Stack size unknown bytes, libinit2.o(.ARM.Collect$$libinit$$0000001D))

<P><STRONG><a name="[260]"></a>__rt_lib_init_stdio_1</STRONG> (Thumb, 0 bytes, Stack size unknown bytes, libinit2.o(.ARM.Collect$$libinit$$00000025))

<P><STRONG><a name="[9c]"></a>__rt_lib_shutdown</STRONG> (Thumb, 0 bytes, Stack size unknown bytes, libshutdown.o(.ARM.Collect$$libshutdown$$00000000))
<BR><BR>[Called By]<UL><LI><a href="#[9b]">&gt;&gt;</a>&nbsp;&nbsp;&nbsp;__rt_exit_ls
</UL>

<P><STRONG><a name="[261]"></a>__rt_lib_shutdown_cpp_1</STRONG> (Thumb, 0 bytes, Stack size unknown bytes, libshutdown2.o(.ARM.Collect$$libshutdown$$00000002))

<P><STRONG><a name="[262]"></a>__rt_lib_shutdown_fp_trap_1</STRONG> (Thumb, 0 bytes, Stack size unknown bytes, libshutdown2.o(.ARM.Collect$$libshutdown$$00000007))

<P><STRONG><a name="[263]"></a>__rt_lib_shutdown_heap_1</STRONG> (Thumb, 0 bytes, Stack size unknown bytes, libshutdown2.o(.ARM.Collect$$libshutdown$$0000000F))

<P><STRONG><a name="[264]"></a>__rt_lib_shutdown_return</STRONG> (Thumb, 0 bytes, Stack size unknown bytes, libshutdown2.o(.ARM.Collect$$libshutdown$$00000010))

<P><STRONG><a name="[265]"></a>__rt_lib_shutdown_signal_1</STRONG> (Thumb, 0 bytes, Stack size unknown bytes, libshutdown2.o(.ARM.Collect$$libshutdown$$0000000A))

<P><STRONG><a name="[266]"></a>__rt_lib_shutdown_stdio_1</STRONG> (Thumb, 0 bytes, Stack size unknown bytes, libshutdown2.o(.ARM.Collect$$libshutdown$$00000004))

<P><STRONG><a name="[267]"></a>__rt_lib_shutdown_user_alloc_1</STRONG> (Thumb, 0 bytes, Stack size unknown bytes, libshutdown2.o(.ARM.Collect$$libshutdown$$0000000C))

<P><STRONG><a name="[69]"></a>__rt_entry</STRONG> (Thumb, 0 bytes, Stack size unknown bytes, __rtentry.o(.ARM.Collect$$rtentry$$00000000))
<BR><BR>[Called By]<UL><LI><a href="#[63]">&gt;&gt;</a>&nbsp;&nbsp;&nbsp;__main
<LI><a href="#[6a]">&gt;&gt;</a>&nbsp;&nbsp;&nbsp;__scatterload_rt2
</UL>

<P><STRONG><a name="[268]"></a>__rt_entry_presh_1</STRONG> (Thumb, 0 bytes, Stack size unknown bytes, __rtentry2.o(.ARM.Collect$$rtentry$$00000002))

<P><STRONG><a name="[92]"></a>__rt_entry_sh</STRONG> (Thumb, 0 bytes, Stack size unknown bytes, __rtentry4.o(.ARM.Collect$$rtentry$$00000004))
<BR><BR>[Stack]<UL><LI>Max Depth = 8 + Unknown Stack Size
<LI>Call Chain = __rt_entry_sh &rArr; __user_setup_stackheap
</UL>
<BR>[Calls]<UL><LI><a href="#[93]">&gt;&gt;</a>&nbsp;&nbsp;&nbsp;__user_setup_stackheap
</UL>

<P><STRONG><a name="[94]"></a>__rt_entry_postsh_1</STRONG> (Thumb, 0 bytes, Stack size unknown bytes, __rtentry2.o(.ARM.Collect$$rtentry$$00000008))
<BR><BR>[Stack]<UL><LI>Max Depth = 16 + Unknown Stack Size
<LI>Call Chain = __rt_entry_postsh_1 &rArr; _platform_post_stackheap_init &rArr; osKernelInitialize
</UL>
<BR>[Calls]<UL><LI><a href="#[95]">&gt;&gt;</a>&nbsp;&nbsp;&nbsp;_platform_post_stackheap_init
</UL>

<P><STRONG><a name="[96]"></a>__rt_entry_li</STRONG> (Thumb, 0 bytes, Stack size unknown bytes, __rtentry2.o(.ARM.Collect$$rtentry$$0000000A))
<BR><BR>[Calls]<UL><LI><a href="#[97]">&gt;&gt;</a>&nbsp;&nbsp;&nbsp;__rt_lib_init
</UL>

<P><STRONG><a name="[98]"></a>__rt_entry_main</STRONG> (Thumb, 0 bytes, Stack size unknown bytes, __rtentry2.o(.ARM.Collect$$rtentry$$0000000D))
<BR><BR>[Stack]<UL><LI>Max Depth = 140 + Unknown Stack Size
<LI>Call Chain = __rt_entry_main &rArr; main &rArr; bspInit &rArr; bspSim808Init &rArr; bspSerial3Init &rArr; USART_Init &rArr; RCC_GetClocksFreq
</UL>
<BR>[Calls]<UL><LI><a href="#[99]">&gt;&gt;</a>&nbsp;&nbsp;&nbsp;main
<LI><a href="#[9a]">&gt;&gt;</a>&nbsp;&nbsp;&nbsp;exit
</UL>

<P><STRONG><a name="[269]"></a>__rt_entry_postli_1</STRONG> (Thumb, 0 bytes, Stack size unknown bytes, __rtentry2.o(.ARM.Collect$$rtentry$$0000000C))

<P><STRONG><a name="[e6]"></a>__rt_exit</STRONG> (Thumb, 0 bytes, Stack size unknown bytes, rtexit.o(.ARM.Collect$$rtexit$$00000000))
<BR><BR>[Called By]<UL><LI><a href="#[9a]">&gt;&gt;</a>&nbsp;&nbsp;&nbsp;exit
</UL>

<P><STRONG><a name="[9b]"></a>__rt_exit_ls</STRONG> (Thumb, 0 bytes, Stack size unknown bytes, rtexit2.o(.ARM.Collect$$rtexit$$00000003))
<BR><BR>[Calls]<UL><LI><a href="#[9c]">&gt;&gt;</a>&nbsp;&nbsp;&nbsp;__rt_lib_shutdown
</UL>

<P><STRONG><a name="[26a]"></a>__rt_exit_prels_1</STRONG> (Thumb, 0 bytes, Stack size unknown bytes, rtexit2.o(.ARM.Collect$$rtexit$$00000002))

<P><STRONG><a name="[9d]"></a>__rt_exit_exit</STRONG> (Thumb, 0 bytes, Stack size unknown bytes, rtexit2.o(.ARM.Collect$$rtexit$$00000004))
<BR><BR>[Calls]<UL><LI><a href="#[9e]">&gt;&gt;</a>&nbsp;&nbsp;&nbsp;_sys_exit
</UL>

<P><STRONG><a name="[26b]"></a>__asm___13_rtx_evflags_c_e167c757__atomic_wr8</STRONG> (Thumb, 16 bytes, Stack size 0 bytes, rtx_evflags.o(.emb_text), UNUSED)

<P><STRONG><a name="[128]"></a>__asm___13_rtx_evflags_c_e167c757__atomic_set32</STRONG> (Thumb, 20 bytes, Stack size 0 bytes, rtx_evflags.o(.emb_text))
<BR><BR>[Called By]<UL><LI><a href="#[127]">&gt;&gt;</a>&nbsp;&nbsp;&nbsp;EventFlagsSet
</UL>

<P><STRONG><a name="[126]"></a>__asm___13_rtx_evflags_c_e167c757__atomic_clr32</STRONG> (Thumb, 22 bytes, Stack size 0 bytes, rtx_evflags.o(.emb_text))
<BR><BR>[Called By]<UL><LI><a href="#[125]">&gt;&gt;</a>&nbsp;&nbsp;&nbsp;EventFlagsClear
</UL>

<P><STRONG><a name="[123]"></a>__asm___13_rtx_evflags_c_e167c757__atomic_chk32_all</STRONG> (Thumb, 38 bytes, Stack size 0 bytes, rtx_evflags.o(.emb_text))
<BR><BR>[Called By]<UL><LI><a href="#[122]">&gt;&gt;</a>&nbsp;&nbsp;&nbsp;EventFlagsCheck
</UL>

<P><STRONG><a name="[124]"></a>__asm___13_rtx_evflags_c_e167c757__atomic_chk32_any</STRONG> (Thumb, 34 bytes, Stack size 0 bytes, rtx_evflags.o(.emb_text))
<BR><BR>[Called By]<UL><LI><a href="#[122]">&gt;&gt;</a>&nbsp;&nbsp;&nbsp;EventFlagsCheck
</UL>

<P><STRONG><a name="[26c]"></a>__asm___13_rtx_evflags_c_e167c757__atomic_inc32</STRONG> (Thumb, 18 bytes, Stack size 0 bytes, rtx_evflags.o(.emb_text), UNUSED)

<P><STRONG><a name="[26d]"></a>__asm___13_rtx_evflags_c_e167c757__atomic_inc32_lt</STRONG> (Thumb, 30 bytes, Stack size 0 bytes, rtx_evflags.o(.emb_text), UNUSED)

<P><STRONG><a name="[26e]"></a>__asm___13_rtx_evflags_c_e167c757__atomic_inc16_lt</STRONG> (Thumb, 30 bytes, Stack size 0 bytes, rtx_evflags.o(.emb_text), UNUSED)

<P><STRONG><a name="[26f]"></a>__asm___13_rtx_evflags_c_e167c757__atomic_inc16_lim</STRONG> (Thumb, 26 bytes, Stack size 0 bytes, rtx_evflags.o(.emb_text), UNUSED)

<P><STRONG><a name="[270]"></a>__asm___13_rtx_evflags_c_e167c757__atomic_dec32_nz</STRONG> (Thumb, 26 bytes, Stack size 0 bytes, rtx_evflags.o(.emb_text), UNUSED)

<P><STRONG><a name="[271]"></a>__asm___13_rtx_evflags_c_e167c757__atomic_dec16_nz</STRONG> (Thumb, 26 bytes, Stack size 0 bytes, rtx_evflags.o(.emb_text), UNUSED)

<P><STRONG><a name="[272]"></a>__asm___13_rtx_evflags_c_e167c757__atomic_link_get</STRONG> (Thumb, 26 bytes, Stack size 0 bytes, rtx_evflags.o(.emb_text), UNUSED)

<P><STRONG><a name="[9f]"></a>__asm___13_rtx_evflags_c_e167c757__atomic_link_put</STRONG> (Thumb, 28 bytes, Stack size 0 bytes, rtx_evflags.o(.emb_text), UNUSED)
<BR><BR>[Calls]<UL><LI><a href="#[9f]">&gt;&gt;</a>&nbsp;&nbsp;&nbsp;__asm___13_rtx_evflags_c_e167c757__atomic_link_put
</UL>
<BR>[Called By]<UL><LI><a href="#[9f]">&gt;&gt;</a>&nbsp;&nbsp;&nbsp;__asm___13_rtx_evflags_c_e167c757__atomic_link_put
</UL>

<P><STRONG><a name="[273]"></a>__asm___13_rtx_mempool_c_7914b4c7__atomic_wr8</STRONG> (Thumb, 16 bytes, Stack size 0 bytes, rtx_mempool.o(.emb_text), UNUSED)

<P><STRONG><a name="[274]"></a>__asm___13_rtx_mempool_c_7914b4c7__atomic_set32</STRONG> (Thumb, 20 bytes, Stack size 0 bytes, rtx_mempool.o(.emb_text), UNUSED)

<P><STRONG><a name="[275]"></a>__asm___13_rtx_mempool_c_7914b4c7__atomic_clr32</STRONG> (Thumb, 22 bytes, Stack size 0 bytes, rtx_mempool.o(.emb_text), UNUSED)

<P><STRONG><a name="[276]"></a>__asm___13_rtx_mempool_c_7914b4c7__atomic_chk32_all</STRONG> (Thumb, 38 bytes, Stack size 0 bytes, rtx_mempool.o(.emb_text), UNUSED)

<P><STRONG><a name="[277]"></a>__asm___13_rtx_mempool_c_7914b4c7__atomic_chk32_any</STRONG> (Thumb, 34 bytes, Stack size 0 bytes, rtx_mempool.o(.emb_text), UNUSED)

<P><STRONG><a name="[278]"></a>__asm___13_rtx_mempool_c_7914b4c7__atomic_inc32</STRONG> (Thumb, 18 bytes, Stack size 0 bytes, rtx_mempool.o(.emb_text), UNUSED)

<P><STRONG><a name="[1fe]"></a>__asm___13_rtx_mempool_c_7914b4c7__atomic_inc32_lt</STRONG> (Thumb, 30 bytes, Stack size 0 bytes, rtx_mempool.o(.emb_text))
<BR><BR>[Called By]<UL><LI><a href="#[1e4]">&gt;&gt;</a>&nbsp;&nbsp;&nbsp;osRtxMemoryPoolAlloc
</UL>

<P><STRONG><a name="[279]"></a>__asm___13_rtx_mempool_c_7914b4c7__atomic_inc16_lt</STRONG> (Thumb, 30 bytes, Stack size 0 bytes, rtx_mempool.o(.emb_text), UNUSED)

<P><STRONG><a name="[27a]"></a>__asm___13_rtx_mempool_c_7914b4c7__atomic_inc16_lim</STRONG> (Thumb, 26 bytes, Stack size 0 bytes, rtx_mempool.o(.emb_text), UNUSED)

<P><STRONG><a name="[201]"></a>__asm___13_rtx_mempool_c_7914b4c7__atomic_dec32_nz</STRONG> (Thumb, 26 bytes, Stack size 0 bytes, rtx_mempool.o(.emb_text))
<BR><BR>[Called By]<UL><LI><a href="#[200]">&gt;&gt;</a>&nbsp;&nbsp;&nbsp;osRtxMemoryPoolFree
</UL>

<P><STRONG><a name="[27b]"></a>__asm___13_rtx_mempool_c_7914b4c7__atomic_dec16_nz</STRONG> (Thumb, 26 bytes, Stack size 0 bytes, rtx_mempool.o(.emb_text), UNUSED)

<P><STRONG><a name="[1ff]"></a>__asm___13_rtx_mempool_c_7914b4c7__atomic_link_get</STRONG> (Thumb, 26 bytes, Stack size 0 bytes, rtx_mempool.o(.emb_text))
<BR><BR>[Called By]<UL><LI><a href="#[1e4]">&gt;&gt;</a>&nbsp;&nbsp;&nbsp;osRtxMemoryPoolAlloc
</UL>

<P><STRONG><a name="[a0]"></a>__asm___13_rtx_mempool_c_7914b4c7__atomic_link_put</STRONG> (Thumb, 28 bytes, Stack size 0 bytes, rtx_mempool.o(.emb_text))
<BR><BR>[Calls]<UL><LI><a href="#[a0]">&gt;&gt;</a>&nbsp;&nbsp;&nbsp;__asm___13_rtx_mempool_c_7914b4c7__atomic_link_put
</UL>
<BR>[Called By]<UL><LI><a href="#[200]">&gt;&gt;</a>&nbsp;&nbsp;&nbsp;osRtxMemoryPoolFree
<LI><a href="#[a0]">&gt;&gt;</a>&nbsp;&nbsp;&nbsp;__asm___13_rtx_mempool_c_7914b4c7__atomic_link_put
</UL>

<P><STRONG><a name="[139]"></a>__asm___14_rtx_msgqueue_c_ba128ae8__atomic_wr8</STRONG> (Thumb, 16 bytes, Stack size 0 bytes, rtx_msgqueue.o(.emb_text))
<BR><BR>[Called By]<UL><LI><a href="#[137]">&gt;&gt;</a>&nbsp;&nbsp;&nbsp;MessageQueueGet
</UL>

<P><STRONG><a name="[27c]"></a>__asm___14_rtx_msgqueue_c_ba128ae8__atomic_set32</STRONG> (Thumb, 20 bytes, Stack size 0 bytes, rtx_msgqueue.o(.emb_text), UNUSED)

<P><STRONG><a name="[27d]"></a>__asm___14_rtx_msgqueue_c_ba128ae8__atomic_clr32</STRONG> (Thumb, 22 bytes, Stack size 0 bytes, rtx_msgqueue.o(.emb_text), UNUSED)

<P><STRONG><a name="[27e]"></a>__asm___14_rtx_msgqueue_c_ba128ae8__atomic_chk32_all</STRONG> (Thumb, 38 bytes, Stack size 0 bytes, rtx_msgqueue.o(.emb_text), UNUSED)

<P><STRONG><a name="[27f]"></a>__asm___14_rtx_msgqueue_c_ba128ae8__atomic_chk32_any</STRONG> (Thumb, 34 bytes, Stack size 0 bytes, rtx_msgqueue.o(.emb_text), UNUSED)

<P><STRONG><a name="[13b]"></a>__asm___14_rtx_msgqueue_c_ba128ae8__atomic_inc32</STRONG> (Thumb, 18 bytes, Stack size 0 bytes, rtx_msgqueue.o(.emb_text))
<BR><BR>[Called By]<UL><LI><a href="#[13a]">&gt;&gt;</a>&nbsp;&nbsp;&nbsp;MessageQueuePut
</UL>

<P><STRONG><a name="[280]"></a>__asm___14_rtx_msgqueue_c_ba128ae8__atomic_inc32_lt</STRONG> (Thumb, 30 bytes, Stack size 0 bytes, rtx_msgqueue.o(.emb_text), UNUSED)

<P><STRONG><a name="[281]"></a>__asm___14_rtx_msgqueue_c_ba128ae8__atomic_inc16_lt</STRONG> (Thumb, 30 bytes, Stack size 0 bytes, rtx_msgqueue.o(.emb_text), UNUSED)

<P><STRONG><a name="[282]"></a>__asm___14_rtx_msgqueue_c_ba128ae8__atomic_inc16_lim</STRONG> (Thumb, 26 bytes, Stack size 0 bytes, rtx_msgqueue.o(.emb_text), UNUSED)

<P><STRONG><a name="[138]"></a>__asm___14_rtx_msgqueue_c_ba128ae8__atomic_dec32_nz</STRONG> (Thumb, 26 bytes, Stack size 0 bytes, rtx_msgqueue.o(.emb_text))
<BR><BR>[Called By]<UL><LI><a href="#[137]">&gt;&gt;</a>&nbsp;&nbsp;&nbsp;MessageQueueGet
</UL>

<P><STRONG><a name="[283]"></a>__asm___14_rtx_msgqueue_c_ba128ae8__atomic_dec16_nz</STRONG> (Thumb, 26 bytes, Stack size 0 bytes, rtx_msgqueue.o(.emb_text), UNUSED)

<P><STRONG><a name="[284]"></a>__asm___14_rtx_msgqueue_c_ba128ae8__atomic_link_get</STRONG> (Thumb, 26 bytes, Stack size 0 bytes, rtx_msgqueue.o(.emb_text), UNUSED)

<P><STRONG><a name="[a1]"></a>__asm___14_rtx_msgqueue_c_ba128ae8__atomic_link_put</STRONG> (Thumb, 28 bytes, Stack size 0 bytes, rtx_msgqueue.o(.emb_text), UNUSED)
<BR><BR>[Calls]<UL><LI><a href="#[a1]">&gt;&gt;</a>&nbsp;&nbsp;&nbsp;__asm___14_rtx_msgqueue_c_ba128ae8__atomic_link_put
</UL>
<BR>[Called By]<UL><LI><a href="#[a1]">&gt;&gt;</a>&nbsp;&nbsp;&nbsp;__asm___14_rtx_msgqueue_c_ba128ae8__atomic_link_put
</UL>

<P><STRONG><a name="[285]"></a>__asm___12_rtx_system_c_024f2f18__atomic_wr8</STRONG> (Thumb, 16 bytes, Stack size 0 bytes, rtx_system.o(.emb_text), UNUSED)

<P><STRONG><a name="[286]"></a>__asm___12_rtx_system_c_024f2f18__atomic_set32</STRONG> (Thumb, 20 bytes, Stack size 0 bytes, rtx_system.o(.emb_text), UNUSED)

<P><STRONG><a name="[287]"></a>__asm___12_rtx_system_c_024f2f18__atomic_clr32</STRONG> (Thumb, 22 bytes, Stack size 0 bytes, rtx_system.o(.emb_text), UNUSED)

<P><STRONG><a name="[288]"></a>__asm___12_rtx_system_c_024f2f18__atomic_chk32_all</STRONG> (Thumb, 38 bytes, Stack size 0 bytes, rtx_system.o(.emb_text), UNUSED)

<P><STRONG><a name="[289]"></a>__asm___12_rtx_system_c_024f2f18__atomic_chk32_any</STRONG> (Thumb, 34 bytes, Stack size 0 bytes, rtx_system.o(.emb_text), UNUSED)

<P><STRONG><a name="[28a]"></a>__asm___12_rtx_system_c_024f2f18__atomic_inc32</STRONG> (Thumb, 18 bytes, Stack size 0 bytes, rtx_system.o(.emb_text), UNUSED)

<P><STRONG><a name="[28b]"></a>__asm___12_rtx_system_c_024f2f18__atomic_inc32_lt</STRONG> (Thumb, 30 bytes, Stack size 0 bytes, rtx_system.o(.emb_text), UNUSED)

<P><STRONG><a name="[1e9]"></a>__asm___12_rtx_system_c_024f2f18__atomic_inc16_lt</STRONG> (Thumb, 30 bytes, Stack size 0 bytes, rtx_system.o(.emb_text))
<BR><BR>[Called By]<UL><LI><a href="#[1e8]">&gt;&gt;</a>&nbsp;&nbsp;&nbsp;isr_queue_put
</UL>

<P><STRONG><a name="[1e7]"></a>__asm___12_rtx_system_c_024f2f18__atomic_inc16_lim</STRONG> (Thumb, 26 bytes, Stack size 0 bytes, rtx_system.o(.emb_text))
<BR><BR>[Called By]<UL><LI><a href="#[1e8]">&gt;&gt;</a>&nbsp;&nbsp;&nbsp;isr_queue_put
<LI><a href="#[1e5]">&gt;&gt;</a>&nbsp;&nbsp;&nbsp;isr_queue_get
</UL>

<P><STRONG><a name="[28c]"></a>__asm___12_rtx_system_c_024f2f18__atomic_dec32_nz</STRONG> (Thumb, 26 bytes, Stack size 0 bytes, rtx_system.o(.emb_text), UNUSED)

<P><STRONG><a name="[1e6]"></a>__asm___12_rtx_system_c_024f2f18__atomic_dec16_nz</STRONG> (Thumb, 26 bytes, Stack size 0 bytes, rtx_system.o(.emb_text))
<BR><BR>[Called By]<UL><LI><a href="#[1e5]">&gt;&gt;</a>&nbsp;&nbsp;&nbsp;isr_queue_get
</UL>

<P><STRONG><a name="[28d]"></a>__asm___12_rtx_system_c_024f2f18__atomic_link_get</STRONG> (Thumb, 26 bytes, Stack size 0 bytes, rtx_system.o(.emb_text), UNUSED)

<P><STRONG><a name="[a2]"></a>__asm___12_rtx_system_c_024f2f18__atomic_link_put</STRONG> (Thumb, 28 bytes, Stack size 0 bytes, rtx_system.o(.emb_text), UNUSED)
<BR><BR>[Calls]<UL><LI><a href="#[a2]">&gt;&gt;</a>&nbsp;&nbsp;&nbsp;__asm___12_rtx_system_c_024f2f18__atomic_link_put
</UL>
<BR>[Called By]<UL><LI><a href="#[a2]">&gt;&gt;</a>&nbsp;&nbsp;&nbsp;__asm___12_rtx_system_c_024f2f18__atomic_link_put
</UL>

<P><STRONG><a name="[28e]"></a>__asm___12_rtx_thread_c_add96be5__atomic_wr8</STRONG> (Thumb, 16 bytes, Stack size 0 bytes, rtx_thread.o(.emb_text), UNUSED)

<P><STRONG><a name="[28f]"></a>__asm___12_rtx_thread_c_add96be5__atomic_set32</STRONG> (Thumb, 20 bytes, Stack size 0 bytes, rtx_thread.o(.emb_text), UNUSED)

<P><STRONG><a name="[290]"></a>__asm___12_rtx_thread_c_add96be5__atomic_clr32</STRONG> (Thumb, 22 bytes, Stack size 0 bytes, rtx_thread.o(.emb_text), UNUSED)

<P><STRONG><a name="[194]"></a>__asm___12_rtx_thread_c_add96be5__atomic_chk32_all</STRONG> (Thumb, 38 bytes, Stack size 0 bytes, rtx_thread.o(.emb_text))
<BR><BR>[Called By]<UL><LI><a href="#[193]">&gt;&gt;</a>&nbsp;&nbsp;&nbsp;ThreadFlagsCheck
</UL>

<P><STRONG><a name="[195]"></a>__asm___12_rtx_thread_c_add96be5__atomic_chk32_any</STRONG> (Thumb, 34 bytes, Stack size 0 bytes, rtx_thread.o(.emb_text))
<BR><BR>[Called By]<UL><LI><a href="#[193]">&gt;&gt;</a>&nbsp;&nbsp;&nbsp;ThreadFlagsCheck
</UL>

<P><STRONG><a name="[291]"></a>__asm___12_rtx_thread_c_add96be5__atomic_inc32</STRONG> (Thumb, 18 bytes, Stack size 0 bytes, rtx_thread.o(.emb_text), UNUSED)

<P><STRONG><a name="[292]"></a>__asm___12_rtx_thread_c_add96be5__atomic_inc32_lt</STRONG> (Thumb, 30 bytes, Stack size 0 bytes, rtx_thread.o(.emb_text), UNUSED)

<P><STRONG><a name="[293]"></a>__asm___12_rtx_thread_c_add96be5__atomic_inc16_lt</STRONG> (Thumb, 30 bytes, Stack size 0 bytes, rtx_thread.o(.emb_text), UNUSED)

<P><STRONG><a name="[294]"></a>__asm___12_rtx_thread_c_add96be5__atomic_inc16_lim</STRONG> (Thumb, 26 bytes, Stack size 0 bytes, rtx_thread.o(.emb_text), UNUSED)

<P><STRONG><a name="[295]"></a>__asm___12_rtx_thread_c_add96be5__atomic_dec32_nz</STRONG> (Thumb, 26 bytes, Stack size 0 bytes, rtx_thread.o(.emb_text), UNUSED)

<P><STRONG><a name="[296]"></a>__asm___12_rtx_thread_c_add96be5__atomic_dec16_nz</STRONG> (Thumb, 26 bytes, Stack size 0 bytes, rtx_thread.o(.emb_text), UNUSED)

<P><STRONG><a name="[297]"></a>__asm___12_rtx_thread_c_add96be5__atomic_link_get</STRONG> (Thumb, 26 bytes, Stack size 0 bytes, rtx_thread.o(.emb_text), UNUSED)

<P><STRONG><a name="[a3]"></a>__asm___12_rtx_thread_c_add96be5__atomic_link_put</STRONG> (Thumb, 28 bytes, Stack size 0 bytes, rtx_thread.o(.emb_text), UNUSED)
<BR><BR>[Calls]<UL><LI><a href="#[a3]">&gt;&gt;</a>&nbsp;&nbsp;&nbsp;__asm___12_rtx_thread_c_add96be5__atomic_link_put
</UL>
<BR>[Called By]<UL><LI><a href="#[a3]">&gt;&gt;</a>&nbsp;&nbsp;&nbsp;__asm___12_rtx_thread_c_add96be5__atomic_link_put
</UL>

<P><STRONG><a name="[a]"></a>SVC_Handler</STRONG> (Thumb, 108 bytes, Stack size 0 bytes, irq_cm3.o(.text))
<BR>[Address Reference Count : 1]<UL><LI> startup_stm32f10x_md.o(RESET)
</UL>
<P><STRONG><a name="[c]"></a>PendSV_Handler</STRONG> (Thumb, 16 bytes, Stack size 0 bytes, irq_cm3.o(.text))
<BR><BR>[Stack]<UL><LI>Max Depth = 216 + Unknown Stack Size
<LI>Call Chain = PendSV_Handler &rArr; osRtxPendSV_Handler &rArr; osRtxThreadDispatch &rArr; osRtxThreadSwitch &rArr; osRtxThreadStackCheck &rArr; osRtxErrorNotify &rArr; sendTraceSerial &rArr; vsnprintf &rArr; _printf_char_common &rArr; __printf
</UL>
<BR>[Calls]<UL><LI><a href="#[a4]">&gt;&gt;</a>&nbsp;&nbsp;&nbsp;osRtxPendSV_Handler
</UL>
<BR>[Address Reference Count : 1]<UL><LI> startup_stm32f10x_md.o(RESET)
</UL>
<P><STRONG><a name="[d]"></a>SysTick_Handler</STRONG> (Thumb, 16 bytes, Stack size 0 bytes, irq_cm3.o(.text))
<BR><BR>[Stack]<UL><LI>Max Depth = 208 + Unknown Stack Size
<LI>Call Chain = SysTick_Handler &rArr; osRtxTick_Handler &rArr; osRtxThreadDispatch &rArr; osRtxThreadSwitch &rArr; osRtxThreadStackCheck &rArr; osRtxErrorNotify &rArr; sendTraceSerial &rArr; vsnprintf &rArr; _printf_char_common &rArr; __printf
</UL>
<BR>[Calls]<UL><LI><a href="#[a5]">&gt;&gt;</a>&nbsp;&nbsp;&nbsp;osRtxTick_Handler
</UL>
<BR>[Address Reference Count : 2]<UL><LI> rtx_kernel.o(i.svcRtxKernelStart)
<LI> startup_stm32f10x_md.o(RESET)
</UL>
<P><STRONG><a name="[4]"></a>Reset_Handler</STRONG> (Thumb, 8 bytes, Stack size 0 bytes, startup_stm32f10x_md.o(.text))
<BR>[Address Reference Count : 1]<UL><LI> startup_stm32f10x_md.o(RESET)
</UL>
<P><STRONG><a name="[20]"></a>ADC1_2_IRQHandler</STRONG> (Thumb, 0 bytes, Stack size 0 bytes, startup_stm32f10x_md.o(.text))
<BR><BR>[Calls]<UL><LI><a href="#[20]">&gt;&gt;</a>&nbsp;&nbsp;&nbsp;ADC1_2_IRQHandler
</UL>
<BR>[Called By]<UL><LI><a href="#[20]">&gt;&gt;</a>&nbsp;&nbsp;&nbsp;ADC1_2_IRQHandler
</UL>
<BR>[Address Reference Count : 1]<UL><LI> startup_stm32f10x_md.o(RESET)
</UL>
<P><STRONG><a name="[23]"></a>CAN1_RX1_IRQHandler</STRONG> (Thumb, 0 bytes, Stack size 0 bytes, startup_stm32f10x_md.o(.text))
<BR>[Address Reference Count : 1]<UL><LI> startup_stm32f10x_md.o(RESET)
</UL>
<P><STRONG><a name="[24]"></a>CAN1_SCE_IRQHandler</STRONG> (Thumb, 0 bytes, Stack size 0 bytes, startup_stm32f10x_md.o(.text))
<BR>[Address Reference Count : 1]<UL><LI> startup_stm32f10x_md.o(RESET)
</UL>
<P><STRONG><a name="[19]"></a>DMA1_Channel1_IRQHandler</STRONG> (Thumb, 0 bytes, Stack size 0 bytes, startup_stm32f10x_md.o(.text))
<BR>[Address Reference Count : 1]<UL><LI> startup_stm32f10x_md.o(RESET)
</UL>
<P><STRONG><a name="[1a]"></a>DMA1_Channel2_IRQHandler</STRONG> (Thumb, 0 bytes, Stack size 0 bytes, startup_stm32f10x_md.o(.text))
<BR>[Address Reference Count : 1]<UL><LI> startup_stm32f10x_md.o(RESET)
</UL>
<P><STRONG><a name="[1b]"></a>DMA1_Channel3_IRQHandler</STRONG> (Thumb, 0 bytes, Stack size 0 bytes, startup_stm32f10x_md.o(.text))
<BR>[Address Reference Count : 1]<UL><LI> startup_stm32f10x_md.o(RESET)
</UL>
<P><STRONG><a name="[1c]"></a>DMA1_Channel4_IRQHandler</STRONG> (Thumb, 0 bytes, Stack size 0 bytes, startup_stm32f10x_md.o(.text))
<BR>[Address Reference Count : 1]<UL><LI> startup_stm32f10x_md.o(RESET)
</UL>
<P><STRONG><a name="[1d]"></a>DMA1_Channel5_IRQHandler</STRONG> (Thumb, 0 bytes, Stack size 0 bytes, startup_stm32f10x_md.o(.text))
<BR>[Address Reference Count : 1]<UL><LI> startup_stm32f10x_md.o(RESET)
</UL>
<P><STRONG><a name="[1e]"></a>DMA1_Channel6_IRQHandler</STRONG> (Thumb, 0 bytes, Stack size 0 bytes, startup_stm32f10x_md.o(.text))
<BR>[Address Reference Count : 1]<UL><LI> startup_stm32f10x_md.o(RESET)
</UL>
<P><STRONG><a name="[1f]"></a>DMA1_Channel7_IRQHandler</STRONG> (Thumb, 0 bytes, Stack size 0 bytes, startup_stm32f10x_md.o(.text))
<BR>[Address Reference Count : 1]<UL><LI> startup_stm32f10x_md.o(RESET)
</UL>
<P><STRONG><a name="[16]"></a>EXTI2_IRQHandler</STRONG> (Thumb, 0 bytes, Stack size 0 bytes, startup_stm32f10x_md.o(.text))
<BR>[Address Reference Count : 1]<UL><LI> startup_stm32f10x_md.o(RESET)
</UL>
<P><STRONG><a name="[17]"></a>EXTI3_IRQHandler</STRONG> (Thumb, 0 bytes, Stack size 0 bytes, startup_stm32f10x_md.o(.text))
<BR>[Address Reference Count : 1]<UL><LI> startup_stm32f10x_md.o(RESET)
</UL>
<P><STRONG><a name="[18]"></a>EXTI4_IRQHandler</STRONG> (Thumb, 0 bytes, Stack size 0 bytes, startup_stm32f10x_md.o(.text))
<BR>[Address Reference Count : 1]<UL><LI> startup_stm32f10x_md.o(RESET)
</UL>
<P><STRONG><a name="[12]"></a>FLASH_IRQHandler</STRONG> (Thumb, 0 bytes, Stack size 0 bytes, startup_stm32f10x_md.o(.text))
<BR>[Address Reference Count : 1]<UL><LI> startup_stm32f10x_md.o(RESET)
</UL>
<P><STRONG><a name="[2e]"></a>I2C1_ER_IRQHandler</STRONG> (Thumb, 0 bytes, Stack size 0 bytes, startup_stm32f10x_md.o(.text))
<BR>[Address Reference Count : 1]<UL><LI> startup_stm32f10x_md.o(RESET)
</UL>
<P><STRONG><a name="[2d]"></a>I2C1_EV_IRQHandler</STRONG> (Thumb, 0 bytes, Stack size 0 bytes, startup_stm32f10x_md.o(.text))
<BR>[Address Reference Count : 1]<UL><LI> startup_stm32f10x_md.o(RESET)
</UL>
<P><STRONG><a name="[30]"></a>I2C2_ER_IRQHandler</STRONG> (Thumb, 0 bytes, Stack size 0 bytes, startup_stm32f10x_md.o(.text))
<BR>[Address Reference Count : 1]<UL><LI> startup_stm32f10x_md.o(RESET)
</UL>
<P><STRONG><a name="[2f]"></a>I2C2_EV_IRQHandler</STRONG> (Thumb, 0 bytes, Stack size 0 bytes, startup_stm32f10x_md.o(.text))
<BR>[Address Reference Count : 1]<UL><LI> startup_stm32f10x_md.o(RESET)
</UL>
<P><STRONG><a name="[f]"></a>PVD_IRQHandler</STRONG> (Thumb, 0 bytes, Stack size 0 bytes, startup_stm32f10x_md.o(.text))
<BR>[Address Reference Count : 1]<UL><LI> startup_stm32f10x_md.o(RESET)
</UL>
<P><STRONG><a name="[13]"></a>RCC_IRQHandler</STRONG> (Thumb, 0 bytes, Stack size 0 bytes, startup_stm32f10x_md.o(.text))
<BR>[Address Reference Count : 1]<UL><LI> startup_stm32f10x_md.o(RESET)
</UL>
<P><STRONG><a name="[37]"></a>RTCAlarm_IRQHandler</STRONG> (Thumb, 0 bytes, Stack size 0 bytes, startup_stm32f10x_md.o(.text))
<BR>[Address Reference Count : 1]<UL><LI> startup_stm32f10x_md.o(RESET)
</UL>
<P><STRONG><a name="[11]"></a>RTC_IRQHandler</STRONG> (Thumb, 0 bytes, Stack size 0 bytes, startup_stm32f10x_md.o(.text))
<BR>[Address Reference Count : 1]<UL><LI> startup_stm32f10x_md.o(RESET)
</UL>
<P><STRONG><a name="[31]"></a>SPI1_IRQHandler</STRONG> (Thumb, 0 bytes, Stack size 0 bytes, startup_stm32f10x_md.o(.text))
<BR>[Address Reference Count : 1]<UL><LI> startup_stm32f10x_md.o(RESET)
</UL>
<P><STRONG><a name="[32]"></a>SPI2_IRQHandler</STRONG> (Thumb, 0 bytes, Stack size 0 bytes, startup_stm32f10x_md.o(.text))
<BR>[Address Reference Count : 1]<UL><LI> startup_stm32f10x_md.o(RESET)
</UL>
<P><STRONG><a name="[10]"></a>TAMPER_IRQHandler</STRONG> (Thumb, 0 bytes, Stack size 0 bytes, startup_stm32f10x_md.o(.text))
<BR>[Address Reference Count : 1]<UL><LI> startup_stm32f10x_md.o(RESET)
</UL>
<P><STRONG><a name="[26]"></a>TIM1_BRK_IRQHandler</STRONG> (Thumb, 0 bytes, Stack size 0 bytes, startup_stm32f10x_md.o(.text))
<BR>[Address Reference Count : 1]<UL><LI> startup_stm32f10x_md.o(RESET)
</UL>
<P><STRONG><a name="[29]"></a>TIM1_CC_IRQHandler</STRONG> (Thumb, 0 bytes, Stack size 0 bytes, startup_stm32f10x_md.o(.text))
<BR>[Address Reference Count : 1]<UL><LI> startup_stm32f10x_md.o(RESET)
</UL>
<P><STRONG><a name="[28]"></a>TIM1_TRG_COM_IRQHandler</STRONG> (Thumb, 0 bytes, Stack size 0 bytes, startup_stm32f10x_md.o(.text))
<BR>[Address Reference Count : 1]<UL><LI> startup_stm32f10x_md.o(RESET)
</UL>
<P><STRONG><a name="[27]"></a>TIM1_UP_IRQHandler</STRONG> (Thumb, 0 bytes, Stack size 0 bytes, startup_stm32f10x_md.o(.text))
<BR>[Address Reference Count : 1]<UL><LI> startup_stm32f10x_md.o(RESET)
</UL>
<P><STRONG><a name="[2a]"></a>TIM2_IRQHandler</STRONG> (Thumb, 0 bytes, Stack size 0 bytes, startup_stm32f10x_md.o(.text))
<BR>[Address Reference Count : 1]<UL><LI> startup_stm32f10x_md.o(RESET)
</UL>
<P><STRONG><a name="[2b]"></a>TIM3_IRQHandler</STRONG> (Thumb, 0 bytes, Stack size 0 bytes, startup_stm32f10x_md.o(.text))
<BR>[Address Reference Count : 1]<UL><LI> startup_stm32f10x_md.o(RESET)
</UL>
<P><STRONG><a name="[2c]"></a>TIM4_IRQHandler</STRONG> (Thumb, 0 bytes, Stack size 0 bytes, startup_stm32f10x_md.o(.text))
<BR>[Address Reference Count : 1]<UL><LI> startup_stm32f10x_md.o(RESET)
</UL>
<P><STRONG><a name="[33]"></a>USART1_IRQHandler</STRONG> (Thumb, 0 bytes, Stack size 0 bytes, startup_stm32f10x_md.o(.text))
<BR>[Address Reference Count : 1]<UL><LI> startup_stm32f10x_md.o(RESET)
</UL>
<P><STRONG><a name="[34]"></a>USART2_IRQHandler</STRONG> (Thumb, 0 bytes, Stack size 0 bytes, startup_stm32f10x_md.o(.text))
<BR>[Address Reference Count : 1]<UL><LI> startup_stm32f10x_md.o(RESET)
</UL>
<P><STRONG><a name="[38]"></a>USBWakeUp_IRQHandler</STRONG> (Thumb, 0 bytes, Stack size 0 bytes, startup_stm32f10x_md.o(.text))
<BR>[Address Reference Count : 1]<UL><LI> startup_stm32f10x_md.o(RESET)
</UL>
<P><STRONG><a name="[21]"></a>USB_HP_CAN1_TX_IRQHandler</STRONG> (Thumb, 0 bytes, Stack size 0 bytes, startup_stm32f10x_md.o(.text))
<BR>[Address Reference Count : 1]<UL><LI> startup_stm32f10x_md.o(RESET)
</UL>
<P><STRONG><a name="[22]"></a>USB_LP_CAN1_RX0_IRQHandler</STRONG> (Thumb, 0 bytes, Stack size 0 bytes, startup_stm32f10x_md.o(.text))
<BR>[Address Reference Count : 1]<UL><LI> startup_stm32f10x_md.o(RESET)
</UL>
<P><STRONG><a name="[e]"></a>WWDG_IRQHandler</STRONG> (Thumb, 0 bytes, Stack size 0 bytes, startup_stm32f10x_md.o(.text))
<BR>[Address Reference Count : 1]<UL><LI> startup_stm32f10x_md.o(RESET)
</UL>
<P><STRONG><a name="[e4]"></a>__user_initial_stackheap</STRONG> (Thumb, 0 bytes, Stack size unknown bytes, startup_stm32f10x_md.o(.text))
<BR><BR>[Called By]<UL><LI><a href="#[93]">&gt;&gt;</a>&nbsp;&nbsp;&nbsp;__user_setup_stackheap
</UL>

<P><STRONG><a name="[a6]"></a>vsnprintf</STRONG> (Thumb, 48 bytes, Stack size 24 bytes, vsnprintf.o(.text))
<BR><BR>[Stack]<UL><LI>Max Depth = 128 + Unknown Stack Size
<LI>Call Chain = vsnprintf &rArr; _printf_char_common &rArr; __printf
</UL>
<BR>[Calls]<UL><LI><a href="#[3c]">&gt;&gt;</a>&nbsp;&nbsp;&nbsp;_sputc
<LI><a href="#[a7]">&gt;&gt;</a>&nbsp;&nbsp;&nbsp;_printf_char_common
</UL>
<BR>[Called By]<UL><LI><a href="#[109]">&gt;&gt;</a>&nbsp;&nbsp;&nbsp;sendTraceSerial
</UL>

<P><STRONG><a name="[a8]"></a>__2sprintf</STRONG> (Thumb, 38 bytes, Stack size 32 bytes, __2sprintf.o(.text))
<BR><BR>[Stack]<UL><LI>Max Depth = 136 + Unknown Stack Size
<LI>Call Chain = __2sprintf &rArr; _printf_char_common &rArr; __printf
</UL>
<BR>[Calls]<UL><LI><a href="#[3c]">&gt;&gt;</a>&nbsp;&nbsp;&nbsp;_sputc
<LI><a href="#[a7]">&gt;&gt;</a>&nbsp;&nbsp;&nbsp;_printf_char_common
</UL>
<BR>[Called By]<UL><LI><a href="#[168]">&gt;&gt;</a>&nbsp;&nbsp;&nbsp;SIM808SmsRead
<LI><a href="#[15c]">&gt;&gt;</a>&nbsp;&nbsp;&nbsp;SIM808SmsDelete
<LI><a href="#[15d]">&gt;&gt;</a>&nbsp;&nbsp;&nbsp;SIM808SetSmsNotification
<LI><a href="#[155]">&gt;&gt;</a>&nbsp;&nbsp;&nbsp;SIM808SetSmsFormat
<LI><a href="#[162]">&gt;&gt;</a>&nbsp;&nbsp;&nbsp;SIM808SetGNSSPowerMode
<LI><a href="#[159]">&gt;&gt;</a>&nbsp;&nbsp;&nbsp;SIM808SetEcoState
<LI><a href="#[15a]">&gt;&gt;</a>&nbsp;&nbsp;&nbsp;SIM808SetDTEBaudRate
<LI><a href="#[14f]">&gt;&gt;</a>&nbsp;&nbsp;&nbsp;SIM808GetLocalIPAddress
<LI><a href="#[148]">&gt;&gt;</a>&nbsp;&nbsp;&nbsp;SIM808DefineLastParsedNMEA
</UL>

<P><STRONG><a name="[a9]"></a>__2snprintf</STRONG> (Thumb, 50 bytes, Stack size 40 bytes, __2snprintf.o(.text))
<BR><BR>[Stack]<UL><LI>Max Depth = 144 + Unknown Stack Size
<LI>Call Chain = __2snprintf &rArr; _printf_char_common &rArr; __printf
</UL>
<BR>[Calls]<UL><LI><a href="#[3c]">&gt;&gt;</a>&nbsp;&nbsp;&nbsp;_sputc
<LI><a href="#[a7]">&gt;&gt;</a>&nbsp;&nbsp;&nbsp;_printf_char_common
</UL>
<BR>[Called By]<UL><LI><a href="#[17b]">&gt;&gt;</a>&nbsp;&nbsp;&nbsp;Sim808SendCommand
<LI><a href="#[43]">&gt;&gt;</a>&nbsp;&nbsp;&nbsp;App_Thread
<LI><a href="#[174]">&gt;&gt;</a>&nbsp;&nbsp;&nbsp;SmsCmd
<LI><a href="#[179]">&gt;&gt;</a>&nbsp;&nbsp;&nbsp;Sim808CheckResponse
<LI><a href="#[16d]">&gt;&gt;</a>&nbsp;&nbsp;&nbsp;SIM808StartTCP
<LI><a href="#[10c]">&gt;&gt;</a>&nbsp;&nbsp;&nbsp;SIM808SmsSend
<LI><a href="#[168]">&gt;&gt;</a>&nbsp;&nbsp;&nbsp;SIM808SmsRead
<LI><a href="#[15e]">&gt;&gt;</a>&nbsp;&nbsp;&nbsp;SIM808SetSmsTextModeParameter
<LI><a href="#[164]">&gt;&gt;</a>&nbsp;&nbsp;&nbsp;SIM808SetPDPContextStatus
<LI><a href="#[163]">&gt;&gt;</a>&nbsp;&nbsp;&nbsp;SIM808SetGPRSAttachStatus
<LI><a href="#[161]">&gt;&gt;</a>&nbsp;&nbsp;&nbsp;SIM808SetApnNameAndStartTask
<LI><a href="#[147]">&gt;&gt;</a>&nbsp;&nbsp;&nbsp;SIM808DefineIPDStatus
<LI><a href="#[10f]">&gt;&gt;</a>&nbsp;&nbsp;&nbsp;SIM808CallToDialNumber
</UL>

<P><STRONG><a name="[ab]"></a>_printf_pre_padding</STRONG> (Thumb, 44 bytes, Stack size 16 bytes, _printf_pad.o(.text))
<BR><BR>[Stack]<UL><LI>Max Depth = 16<LI>Call Chain = _printf_pre_padding
</UL>
<BR>[Called By]<UL><LI><a href="#[c1]">&gt;&gt;</a>&nbsp;&nbsp;&nbsp;_printf_wctomb
<LI><a href="#[af]">&gt;&gt;</a>&nbsp;&nbsp;&nbsp;_printf_int_common
<LI><a href="#[aa]">&gt;&gt;</a>&nbsp;&nbsp;&nbsp;_printf_str
<LI><a href="#[d6]">&gt;&gt;</a>&nbsp;&nbsp;&nbsp;_printf_fp_infnan
<LI><a href="#[d7]">&gt;&gt;</a>&nbsp;&nbsp;&nbsp;_printf_fp_hex_real
<LI><a href="#[d4]">&gt;&gt;</a>&nbsp;&nbsp;&nbsp;_printf_fp_dec_real
</UL>

<P><STRONG><a name="[ac]"></a>_printf_post_padding</STRONG> (Thumb, 34 bytes, Stack size 16 bytes, _printf_pad.o(.text))
<BR><BR>[Stack]<UL><LI>Max Depth = 16<LI>Call Chain = _printf_post_padding
</UL>
<BR>[Called By]<UL><LI><a href="#[c1]">&gt;&gt;</a>&nbsp;&nbsp;&nbsp;_printf_wctomb
<LI><a href="#[af]">&gt;&gt;</a>&nbsp;&nbsp;&nbsp;_printf_int_common
<LI><a href="#[aa]">&gt;&gt;</a>&nbsp;&nbsp;&nbsp;_printf_str
<LI><a href="#[d6]">&gt;&gt;</a>&nbsp;&nbsp;&nbsp;_printf_fp_infnan
<LI><a href="#[d7]">&gt;&gt;</a>&nbsp;&nbsp;&nbsp;_printf_fp_hex_real
<LI><a href="#[d4]">&gt;&gt;</a>&nbsp;&nbsp;&nbsp;_printf_fp_dec_real
</UL>

<P><STRONG><a name="[aa]"></a>_printf_str</STRONG> (Thumb, 82 bytes, Stack size 16 bytes, _printf_str.o(.text))
<BR><BR>[Stack]<UL><LI>Max Depth = 32<LI>Call Chain = _printf_str &rArr; _printf_post_padding
</UL>
<BR>[Calls]<UL><LI><a href="#[ac]">&gt;&gt;</a>&nbsp;&nbsp;&nbsp;_printf_post_padding
<LI><a href="#[ab]">&gt;&gt;</a>&nbsp;&nbsp;&nbsp;_printf_pre_padding
</UL>
<BR>[Called By]<UL><LI><a href="#[c0]">&gt;&gt;</a>&nbsp;&nbsp;&nbsp;_printf_cs_common
</UL>

<P><STRONG><a name="[76]"></a>_printf_int_dec</STRONG> (Thumb, 104 bytes, Stack size 24 bytes, _printf_dec.o(.text))
<BR><BR>[Stack]<UL><LI>Max Depth = 72<LI>Call Chain = _printf_int_dec &rArr; _printf_int_common &rArr; _printf_post_padding
</UL>
<BR>[Calls]<UL><LI><a href="#[af]">&gt;&gt;</a>&nbsp;&nbsp;&nbsp;_printf_int_common
<LI><a href="#[ae]">&gt;&gt;</a>&nbsp;&nbsp;&nbsp;_printf_truncate_unsigned
<LI><a href="#[ad]">&gt;&gt;</a>&nbsp;&nbsp;&nbsp;_printf_truncate_signed
</UL>
<BR>[Called By]<UL><LI><a href="#[78]">&gt;&gt;</a>&nbsp;&nbsp;&nbsp;_printf_u
<LI><a href="#[77]">&gt;&gt;</a>&nbsp;&nbsp;&nbsp;_printf_d
<LI><a href="#[75]">&gt;&gt;</a>&nbsp;&nbsp;&nbsp;_printf_i
</UL>

<P><STRONG><a name="[b0]"></a>__printf</STRONG> (Thumb, 388 bytes, Stack size 40 bytes, __printf_flags_ss_wp.o(.text))
<BR><BR>[Stack]<UL><LI>Max Depth = 40 + Unknown Stack Size
<LI>Call Chain = __printf
</UL>
<BR>[Calls]<UL><LI><a href="#[b2]">&gt;&gt;</a>&nbsp;&nbsp;&nbsp;_printf_percent
<LI><a href="#[b1]">&gt;&gt;</a>&nbsp;&nbsp;&nbsp;_is_digit
</UL>
<BR>[Called By]<UL><LI><a href="#[a7]">&gt;&gt;</a>&nbsp;&nbsp;&nbsp;_printf_char_common
</UL>

<P><STRONG><a name="[b3]"></a>sscanf</STRONG> (Thumb, 52 bytes, Stack size 72 bytes, sscanf.o(.text))
<BR><BR>[Stack]<UL><LI>Max Depth = 584 + Unknown Stack Size
<LI>Call Chain = sscanf &rArr; __vfscanf_char &rArr; __vfscanf &rArr; _scanf_real &rArr; _scanf_really_real &rArr; _scanf_hex_real &rArr; _scanf_really_hex_real &rArr; __support_ldexp &rArr; ldexp &rArr; __set_errno &rArr; __aeabi_errno_addr &rArr; __user_perthread_libspace &rArr; osRtxErrorNotify &rArr; sendTraceSerial &rArr; vsnprintf &rArr; _printf_char_common &rArr; __printf
</UL>
<BR>[Calls]<UL><LI><a href="#[b4]">&gt;&gt;</a>&nbsp;&nbsp;&nbsp;__vfscanf_char
</UL>
<BR>[Called By]<UL><LI><a href="#[168]">&gt;&gt;</a>&nbsp;&nbsp;&nbsp;SIM808SmsRead
<LI><a href="#[14f]">&gt;&gt;</a>&nbsp;&nbsp;&nbsp;SIM808GetLocalIPAddress
</UL>

<P><STRONG><a name="[b5]"></a>__0sscanf</STRONG> (Thumb, 52 bytes, Stack size 72 bytes, __0sscanf.o(.text))
<BR><BR>[Stack]<UL><LI>Max Depth = 584 + Unknown Stack Size
<LI>Call Chain = __0sscanf &rArr; __vfscanf_char &rArr; __vfscanf &rArr; _scanf_real &rArr; _scanf_really_real &rArr; _scanf_hex_real &rArr; _scanf_really_hex_real &rArr; __support_ldexp &rArr; ldexp &rArr; __set_errno &rArr; __aeabi_errno_addr &rArr; __user_perthread_libspace &rArr; osRtxErrorNotify &rArr; sendTraceSerial &rArr; vsnprintf &rArr; _printf_char_common &rArr; __printf
</UL>
<BR>[Calls]<UL><LI><a href="#[b4]">&gt;&gt;</a>&nbsp;&nbsp;&nbsp;__vfscanf_char
</UL>
<BR>[Called By]<UL><LI><a href="#[174]">&gt;&gt;</a>&nbsp;&nbsp;&nbsp;SmsCmd
<LI><a href="#[179]">&gt;&gt;</a>&nbsp;&nbsp;&nbsp;Sim808CheckResponse
<LI><a href="#[157]">&gt;&gt;</a>&nbsp;&nbsp;&nbsp;SIM808GetTASoftwareRelease
<LI><a href="#[14d]">&gt;&gt;</a>&nbsp;&nbsp;&nbsp;SIM808GetIMEI
</UL>

<P><STRONG><a name="[b6]"></a>_scanf_int</STRONG> (Thumb, 332 bytes, Stack size 56 bytes, _scanf_int.o(.text))
<BR><BR>[Stack]<UL><LI>Max Depth = 56<LI>Call Chain = _scanf_int
</UL>
<BR>[Calls]<UL><LI><a href="#[b7]">&gt;&gt;</a>&nbsp;&nbsp;&nbsp;_chval
</UL>
<BR>[Called By]<UL><LI><a href="#[c7]">&gt;&gt;</a>&nbsp;&nbsp;&nbsp;__vfscanf
</UL>

<P><STRONG><a name="[da]"></a>_scanf_string</STRONG> (Thumb, 224 bytes, Stack size 56 bytes, _scanf_str.o(.text))
<BR><BR>[Stack]<UL><LI>Max Depth = 56<LI>Call Chain = _scanf_string
</UL>
<BR>[Called By]<UL><LI><a href="#[c7]">&gt;&gt;</a>&nbsp;&nbsp;&nbsp;__vfscanf
</UL>

<P><STRONG><a name="[231]"></a>strpbrk</STRONG> (Thumb, 30 bytes, Stack size 8 bytes, strpbrk.o(.text))
<BR><BR>[Stack]<UL><LI>Max Depth = 8<LI>Call Chain = strpbrk
</UL>
<BR>[Called By]<UL><LI><a href="#[17a]">&gt;&gt;</a>&nbsp;&nbsp;&nbsp;strtokSingle
</UL>

<P><STRONG><a name="[16a]"></a>memcmp</STRONG> (Thumb, 88 bytes, Stack size 8 bytes, memcmp.o(.text))
<BR><BR>[Stack]<UL><LI>Max Depth = 8<LI>Call Chain = memcmp
</UL>
<BR>[Called By]<UL><LI><a href="#[174]">&gt;&gt;</a>&nbsp;&nbsp;&nbsp;SmsCmd
<LI><a href="#[179]">&gt;&gt;</a>&nbsp;&nbsp;&nbsp;Sim808CheckResponse
<LI><a href="#[119]">&gt;&gt;</a>&nbsp;&nbsp;&nbsp;SIM808TcpSend
<LI><a href="#[10c]">&gt;&gt;</a>&nbsp;&nbsp;&nbsp;SIM808SmsSend
</UL>

<P><STRONG><a name="[183]"></a>strcpy</STRONG> (Thumb, 72 bytes, Stack size 12 bytes, strcpy.o(.text))
<BR><BR>[Stack]<UL><LI>Max Depth = 12<LI>Call Chain = strcpy
</UL>
<BR>[Called By]<UL><LI><a href="#[18d]">&gt;&gt;</a>&nbsp;&nbsp;&nbsp;setParameterToFlatState
<LI><a href="#[174]">&gt;&gt;</a>&nbsp;&nbsp;&nbsp;SmsCmd
</UL>

<P><STRONG><a name="[169]"></a>strlen</STRONG> (Thumb, 62 bytes, Stack size 8 bytes, strlen.o(.text))
<BR><BR>[Stack]<UL><LI>Max Depth = 8<LI>Call Chain = strlen
</UL>
<BR>[Called By]<UL><LI><a href="#[17b]">&gt;&gt;</a>&nbsp;&nbsp;&nbsp;Sim808SendCommand
<LI><a href="#[17a]">&gt;&gt;</a>&nbsp;&nbsp;&nbsp;strtokSingle
<LI><a href="#[174]">&gt;&gt;</a>&nbsp;&nbsp;&nbsp;SmsCmd
<LI><a href="#[179]">&gt;&gt;</a>&nbsp;&nbsp;&nbsp;Sim808CheckResponse
<LI><a href="#[10c]">&gt;&gt;</a>&nbsp;&nbsp;&nbsp;SIM808SmsSend
</UL>

<P><STRONG><a name="[116]"></a>__aeabi_memcpy</STRONG> (Thumb, 0 bytes, Stack size 0 bytes, rt_memcpy_v6.o(.text))
<BR><BR>[Called By]<UL><LI><a href="#[16b]">&gt;&gt;</a>&nbsp;&nbsp;&nbsp;Sim808SendBinaryWithCtrlZ
<LI><a href="#[43]">&gt;&gt;</a>&nbsp;&nbsp;&nbsp;App_Thread
<LI><a href="#[114]">&gt;&gt;</a>&nbsp;&nbsp;&nbsp;recordReadInRam
<LI><a href="#[118]">&gt;&gt;</a>&nbsp;&nbsp;&nbsp;encrypt_ecb
<LI><a href="#[174]">&gt;&gt;</a>&nbsp;&nbsp;&nbsp;SmsCmd
<LI><a href="#[179]">&gt;&gt;</a>&nbsp;&nbsp;&nbsp;Sim808CheckResponse
<LI><a href="#[53]">&gt;&gt;</a>&nbsp;&nbsp;&nbsp;svcRtxMessageQueuePut
<LI><a href="#[51]">&gt;&gt;</a>&nbsp;&nbsp;&nbsp;svcRtxMessageQueueGet
<LI><a href="#[60]">&gt;&gt;</a>&nbsp;&nbsp;&nbsp;osRtxMessageQueuePostProcess
<LI><a href="#[1e3]">&gt;&gt;</a>&nbsp;&nbsp;&nbsp;isrRtxMessageQueuePut
<LI><a href="#[1e1]">&gt;&gt;</a>&nbsp;&nbsp;&nbsp;isrRtxMessageQueueGet
</UL>

<P><STRONG><a name="[b8]"></a>__rt_memcpy</STRONG> (Thumb, 138 bytes, Stack size 0 bytes, rt_memcpy_v6.o(.text), UNUSED)
<BR><BR>[Calls]<UL><LI><a href="#[b9]">&gt;&gt;</a>&nbsp;&nbsp;&nbsp;__aeabi_memcpy4
</UL>

<P><STRONG><a name="[298]"></a>_memcpy_lastbytes</STRONG> (Thumb, 0 bytes, Stack size unknown bytes, rt_memcpy_v6.o(.text), UNUSED)

<P><STRONG><a name="[22b]"></a>__aeabi_memclr</STRONG> (Thumb, 0 bytes, Stack size 0 bytes, rt_memclr.o(.text))
<BR><BR>[Called By]<UL><LI><a href="#[188]">&gt;&gt;</a>&nbsp;&nbsp;&nbsp;setParameterToVirgin
<LI><a href="#[18d]">&gt;&gt;</a>&nbsp;&nbsp;&nbsp;setParameterToFlatState
<LI><a href="#[18c]">&gt;&gt;</a>&nbsp;&nbsp;&nbsp;setParameterToFactory
<LI><a href="#[52]">&gt;&gt;</a>&nbsp;&nbsp;&nbsp;svcRtxMessageQueueNew
</UL>

<P><STRONG><a name="[ba]"></a>__rt_memclr</STRONG> (Thumb, 68 bytes, Stack size 0 bytes, rt_memclr.o(.text), UNUSED)
<BR><BR>[Calls]<UL><LI><a href="#[bb]">&gt;&gt;</a>&nbsp;&nbsp;&nbsp;_memset_w
</UL>

<P><STRONG><a name="[299]"></a>_memset</STRONG> (Thumb, 0 bytes, Stack size unknown bytes, rt_memclr.o(.text), UNUSED)

<P><STRONG><a name="[cd]"></a>__aeabi_memclr4</STRONG> (Thumb, 0 bytes, Stack size 4 bytes, rt_memclr_w.o(.text))
<BR><BR>[Stack]<UL><LI>Max Depth = 4<LI>Call Chain = __aeabi_memclr4
</UL>
<BR>[Called By]<UL><LI><a href="#[4f]">&gt;&gt;</a>&nbsp;&nbsp;&nbsp;svcRtxKernelInitialize
<LI><a href="#[43]">&gt;&gt;</a>&nbsp;&nbsp;&nbsp;App_Thread
<LI><a href="#[bd]">&gt;&gt;</a>&nbsp;&nbsp;&nbsp;_localtime_r
</UL>

<P><STRONG><a name="[29a]"></a>__aeabi_memclr8</STRONG> (Thumb, 0 bytes, Stack size 4 bytes, rt_memclr_w.o(.text), UNUSED)

<P><STRONG><a name="[29b]"></a>__rt_memclr_w</STRONG> (Thumb, 78 bytes, Stack size 4 bytes, rt_memclr_w.o(.text), UNUSED)

<P><STRONG><a name="[bb]"></a>_memset_w</STRONG> (Thumb, 0 bytes, Stack size unknown bytes, rt_memclr_w.o(.text), UNUSED)
<BR><BR>[Called By]<UL><LI><a href="#[ba]">&gt;&gt;</a>&nbsp;&nbsp;&nbsp;__rt_memclr
</UL>

<P><STRONG><a name="[bc]"></a>localtime</STRONG> (Thumb, 6 bytes, Stack size 0 bytes, localtime.o(.text))
<BR><BR>[Stack]<UL><LI>Max Depth = 20<LI>Call Chain = localtime &rArr; _localtime_r &rArr; __aeabi_memclr4
</UL>
<BR>[Calls]<UL><LI><a href="#[bd]">&gt;&gt;</a>&nbsp;&nbsp;&nbsp;_localtime_r
</UL>
<BR>[Called By]<UL><LI><a href="#[229]">&gt;&gt;</a>&nbsp;&nbsp;&nbsp;timeToSecond
</UL>

<P><STRONG><a name="[be]"></a>mktime</STRONG> (Thumb, 356 bytes, Stack size 40 bytes, mktime.o(.text))
<BR><BR>[Stack]<UL><LI>Max Depth = 48<LI>Call Chain = mktime &rArr; _tm_carry
</UL>
<BR>[Calls]<UL><LI><a href="#[bf]">&gt;&gt;</a>&nbsp;&nbsp;&nbsp;_tm_carry
</UL>
<BR>[Called By]<UL><LI><a href="#[229]">&gt;&gt;</a>&nbsp;&nbsp;&nbsp;timeToSecond
</UL>

<P><STRONG><a name="[29c]"></a>__use_two_region_memory</STRONG> (Thumb, 2 bytes, Stack size 0 bytes, heapauxi.o(.text), UNUSED)

<P><STRONG><a name="[29d]"></a>__rt_heap_escrow$2region</STRONG> (Thumb, 2 bytes, Stack size 0 bytes, heapauxi.o(.text), UNUSED)

<P><STRONG><a name="[29e]"></a>__rt_heap_expand$2region</STRONG> (Thumb, 2 bytes, Stack size 0 bytes, heapauxi.o(.text), UNUSED)

<P><STRONG><a name="[ad]"></a>_printf_truncate_signed</STRONG> (Thumb, 18 bytes, Stack size 0 bytes, _printf_truncate.o(.text))
<BR><BR>[Called By]<UL><LI><a href="#[76]">&gt;&gt;</a>&nbsp;&nbsp;&nbsp;_printf_int_dec
</UL>

<P><STRONG><a name="[ae]"></a>_printf_truncate_unsigned</STRONG> (Thumb, 18 bytes, Stack size 0 bytes, _printf_truncate.o(.text))
<BR><BR>[Called By]<UL><LI><a href="#[7c]">&gt;&gt;</a>&nbsp;&nbsp;&nbsp;_printf_int_hex
<LI><a href="#[7a]">&gt;&gt;</a>&nbsp;&nbsp;&nbsp;_printf_int_oct
<LI><a href="#[76]">&gt;&gt;</a>&nbsp;&nbsp;&nbsp;_printf_int_dec
</UL>

<P><STRONG><a name="[af]"></a>_printf_int_common</STRONG> (Thumb, 178 bytes, Stack size 32 bytes, _printf_intcommon.o(.text))
<BR><BR>[Stack]<UL><LI>Max Depth = 48<LI>Call Chain = _printf_int_common &rArr; _printf_post_padding
</UL>
<BR>[Calls]<UL><LI><a href="#[ac]">&gt;&gt;</a>&nbsp;&nbsp;&nbsp;_printf_post_padding
<LI><a href="#[ab]">&gt;&gt;</a>&nbsp;&nbsp;&nbsp;_printf_pre_padding
</UL>
<BR>[Called By]<UL><LI><a href="#[c5]">&gt;&gt;</a>&nbsp;&nbsp;&nbsp;_printf_longlong_hex
<LI><a href="#[c4]">&gt;&gt;</a>&nbsp;&nbsp;&nbsp;_printf_longlong_oct
<LI><a href="#[7e]">&gt;&gt;</a>&nbsp;&nbsp;&nbsp;_printf_longlong_dec
<LI><a href="#[76]">&gt;&gt;</a>&nbsp;&nbsp;&nbsp;_printf_int_dec
</UL>

<P><STRONG><a name="[6c]"></a>_printf_charcount</STRONG> (Thumb, 40 bytes, Stack size 0 bytes, _printf_charcount.o(.text))
<BR><BR>[Called By]<UL><LI><a href="#[6b]">&gt;&gt;</a>&nbsp;&nbsp;&nbsp;_printf_n
</UL>

<P><STRONG><a name="[a7]"></a>_printf_char_common</STRONG> (Thumb, 32 bytes, Stack size 64 bytes, _printf_char_common.o(.text))
<BR><BR>[Stack]<UL><LI>Max Depth = 104 + Unknown Stack Size
<LI>Call Chain = _printf_char_common &rArr; __printf
</UL>
<BR>[Calls]<UL><LI><a href="#[b0]">&gt;&gt;</a>&nbsp;&nbsp;&nbsp;__printf
</UL>
<BR>[Called By]<UL><LI><a href="#[a9]">&gt;&gt;</a>&nbsp;&nbsp;&nbsp;__2snprintf
<LI><a href="#[a8]">&gt;&gt;</a>&nbsp;&nbsp;&nbsp;__2sprintf
<LI><a href="#[a6]">&gt;&gt;</a>&nbsp;&nbsp;&nbsp;vsnprintf
</UL>

<P><STRONG><a name="[3c]"></a>_sputc</STRONG> (Thumb, 10 bytes, Stack size 0 bytes, _sputc.o(.text))
<BR><BR>[Called By]<UL><LI><a href="#[a9]">&gt;&gt;</a>&nbsp;&nbsp;&nbsp;__2snprintf
<LI><a href="#[a8]">&gt;&gt;</a>&nbsp;&nbsp;&nbsp;__2sprintf
<LI><a href="#[a6]">&gt;&gt;</a>&nbsp;&nbsp;&nbsp;vsnprintf
</UL>
<BR>[Address Reference Count : 1]<UL><LI> __2sprintf.o(.text)
</UL>
<P><STRONG><a name="[3b]"></a>_snputc</STRONG> (Thumb, 16 bytes, Stack size 0 bytes, _snputc.o(.text))
<BR>[Address Reference Count : 2]<UL><LI> vsnprintf.o(.text)
<LI> __2snprintf.o(.text)
</UL>
<P><STRONG><a name="[c0]"></a>_printf_cs_common</STRONG> (Thumb, 20 bytes, Stack size 8 bytes, _printf_char.o(.text))
<BR><BR>[Stack]<UL><LI>Max Depth = 40<LI>Call Chain = _printf_cs_common &rArr; _printf_str &rArr; _printf_post_padding
</UL>
<BR>[Calls]<UL><LI><a href="#[aa]">&gt;&gt;</a>&nbsp;&nbsp;&nbsp;_printf_str
</UL>
<BR>[Called By]<UL><LI><a href="#[88]">&gt;&gt;</a>&nbsp;&nbsp;&nbsp;_printf_string
<LI><a href="#[86]">&gt;&gt;</a>&nbsp;&nbsp;&nbsp;_printf_char
</UL>

<P><STRONG><a name="[86]"></a>_printf_char</STRONG> (Thumb, 16 bytes, Stack size 0 bytes, _printf_char.o(.text))
<BR><BR>[Stack]<UL><LI>Max Depth = 40<LI>Call Chain = _printf_char &rArr; _printf_cs_common &rArr; _printf_str &rArr; _printf_post_padding
</UL>
<BR>[Calls]<UL><LI><a href="#[c0]">&gt;&gt;</a>&nbsp;&nbsp;&nbsp;_printf_cs_common
</UL>
<BR>[Called By]<UL><LI><a href="#[85]">&gt;&gt;</a>&nbsp;&nbsp;&nbsp;_printf_c
</UL>

<P><STRONG><a name="[88]"></a>_printf_string</STRONG> (Thumb, 8 bytes, Stack size 0 bytes, _printf_char.o(.text))
<BR><BR>[Stack]<UL><LI>Max Depth = 40<LI>Call Chain = _printf_string &rArr; _printf_cs_common &rArr; _printf_str &rArr; _printf_post_padding
</UL>
<BR>[Calls]<UL><LI><a href="#[c0]">&gt;&gt;</a>&nbsp;&nbsp;&nbsp;_printf_cs_common
</UL>
<BR>[Called By]<UL><LI><a href="#[87]">&gt;&gt;</a>&nbsp;&nbsp;&nbsp;_printf_s
</UL>

<P><STRONG><a name="[c1]"></a>_printf_wctomb</STRONG> (Thumb, 182 bytes, Stack size 56 bytes, _printf_wctomb.o(.text))
<BR><BR>[Stack]<UL><LI>Max Depth = 88<LI>Call Chain = _printf_wctomb &rArr; _wcrtomb &rArr; __rt_ctype_table &rArr; __rt_locale
</UL>
<BR>[Calls]<UL><LI><a href="#[ac]">&gt;&gt;</a>&nbsp;&nbsp;&nbsp;_printf_post_padding
<LI><a href="#[ab]">&gt;&gt;</a>&nbsp;&nbsp;&nbsp;_printf_pre_padding
<LI><a href="#[c2]">&gt;&gt;</a>&nbsp;&nbsp;&nbsp;_wcrtomb
</UL>
<BR>[Called By]<UL><LI><a href="#[d8]">&gt;&gt;</a>&nbsp;&nbsp;&nbsp;_printf_lcs_common
</UL>

<P><STRONG><a name="[7e]"></a>_printf_longlong_dec</STRONG> (Thumb, 108 bytes, Stack size 24 bytes, _printf_longlong_dec.o(.text))
<BR><BR>[Stack]<UL><LI>Max Depth = 72<LI>Call Chain = _printf_longlong_dec &rArr; _printf_int_common &rArr; _printf_post_padding
</UL>
<BR>[Calls]<UL><LI><a href="#[af]">&gt;&gt;</a>&nbsp;&nbsp;&nbsp;_printf_int_common
<LI><a href="#[c3]">&gt;&gt;</a>&nbsp;&nbsp;&nbsp;_ll_udiv10
</UL>
<BR>[Called By]<UL><LI><a href="#[80]">&gt;&gt;</a>&nbsp;&nbsp;&nbsp;_printf_llu
<LI><a href="#[7f]">&gt;&gt;</a>&nbsp;&nbsp;&nbsp;_printf_lld
<LI><a href="#[7d]">&gt;&gt;</a>&nbsp;&nbsp;&nbsp;_printf_lli
</UL>

<P><STRONG><a name="[c4]"></a>_printf_longlong_oct</STRONG> (Thumb, 66 bytes, Stack size 8 bytes, _printf_oct_int_ll.o(.text))
<BR><BR>[Stack]<UL><LI>Max Depth = 56<LI>Call Chain = _printf_longlong_oct &rArr; _printf_int_common &rArr; _printf_post_padding
</UL>
<BR>[Calls]<UL><LI><a href="#[af]">&gt;&gt;</a>&nbsp;&nbsp;&nbsp;_printf_int_common
</UL>
<BR>[Called By]<UL><LI><a href="#[82]">&gt;&gt;</a>&nbsp;&nbsp;&nbsp;_printf_ll_oct
<LI><a href="#[7a]">&gt;&gt;</a>&nbsp;&nbsp;&nbsp;_printf_int_oct
</UL>

<P><STRONG><a name="[7a]"></a>_printf_int_oct</STRONG> (Thumb, 24 bytes, Stack size 8 bytes, _printf_oct_int_ll.o(.text))
<BR><BR>[Stack]<UL><LI>Max Depth = 64<LI>Call Chain = _printf_int_oct &rArr; _printf_longlong_oct &rArr; _printf_int_common &rArr; _printf_post_padding
</UL>
<BR>[Calls]<UL><LI><a href="#[c4]">&gt;&gt;</a>&nbsp;&nbsp;&nbsp;_printf_longlong_oct
<LI><a href="#[ae]">&gt;&gt;</a>&nbsp;&nbsp;&nbsp;_printf_truncate_unsigned
</UL>
<BR>[Called By]<UL><LI><a href="#[79]">&gt;&gt;</a>&nbsp;&nbsp;&nbsp;_printf_o
</UL>

<P><STRONG><a name="[82]"></a>_printf_ll_oct</STRONG> (Thumb, 12 bytes, Stack size 0 bytes, _printf_oct_int_ll.o(.text))
<BR><BR>[Stack]<UL><LI>Max Depth = 56<LI>Call Chain = _printf_ll_oct &rArr; _printf_longlong_oct &rArr; _printf_int_common &rArr; _printf_post_padding
</UL>
<BR>[Calls]<UL><LI><a href="#[c4]">&gt;&gt;</a>&nbsp;&nbsp;&nbsp;_printf_longlong_oct
</UL>
<BR>[Called By]<UL><LI><a href="#[81]">&gt;&gt;</a>&nbsp;&nbsp;&nbsp;_printf_llo
</UL>

<P><STRONG><a name="[c5]"></a>_printf_longlong_hex</STRONG> (Thumb, 86 bytes, Stack size 16 bytes, _printf_hex_int_ll_ptr.o(.text))
<BR><BR>[Stack]<UL><LI>Max Depth = 64<LI>Call Chain = _printf_longlong_hex &rArr; _printf_int_common &rArr; _printf_post_padding
</UL>
<BR>[Calls]<UL><LI><a href="#[af]">&gt;&gt;</a>&nbsp;&nbsp;&nbsp;_printf_int_common
</UL>
<BR>[Called By]<UL><LI><a href="#[6e]">&gt;&gt;</a>&nbsp;&nbsp;&nbsp;_printf_hex_ptr
<LI><a href="#[84]">&gt;&gt;</a>&nbsp;&nbsp;&nbsp;_printf_ll_hex
<LI><a href="#[7c]">&gt;&gt;</a>&nbsp;&nbsp;&nbsp;_printf_int_hex
</UL>

<P><STRONG><a name="[7c]"></a>_printf_int_hex</STRONG> (Thumb, 28 bytes, Stack size 16 bytes, _printf_hex_int_ll_ptr.o(.text))
<BR><BR>[Stack]<UL><LI>Max Depth = 80<LI>Call Chain = _printf_int_hex &rArr; _printf_longlong_hex &rArr; _printf_int_common &rArr; _printf_post_padding
</UL>
<BR>[Calls]<UL><LI><a href="#[c5]">&gt;&gt;</a>&nbsp;&nbsp;&nbsp;_printf_longlong_hex
<LI><a href="#[ae]">&gt;&gt;</a>&nbsp;&nbsp;&nbsp;_printf_truncate_unsigned
</UL>
<BR>[Called By]<UL><LI><a href="#[7b]">&gt;&gt;</a>&nbsp;&nbsp;&nbsp;_printf_x
</UL>

<P><STRONG><a name="[84]"></a>_printf_ll_hex</STRONG> (Thumb, 12 bytes, Stack size 0 bytes, _printf_hex_int_ll_ptr.o(.text))
<BR><BR>[Stack]<UL><LI>Max Depth = 64<LI>Call Chain = _printf_ll_hex &rArr; _printf_longlong_hex &rArr; _printf_int_common &rArr; _printf_post_padding
</UL>
<BR>[Calls]<UL><LI><a href="#[c5]">&gt;&gt;</a>&nbsp;&nbsp;&nbsp;_printf_longlong_hex
</UL>
<BR>[Called By]<UL><LI><a href="#[83]">&gt;&gt;</a>&nbsp;&nbsp;&nbsp;_printf_llx
</UL>

<P><STRONG><a name="[6e]"></a>_printf_hex_ptr</STRONG> (Thumb, 18 bytes, Stack size 0 bytes, _printf_hex_int_ll_ptr.o(.text))
<BR><BR>[Stack]<UL><LI>Max Depth = 64<LI>Call Chain = _printf_hex_ptr &rArr; _printf_longlong_hex &rArr; _printf_int_common &rArr; _printf_post_padding
</UL>
<BR>[Calls]<UL><LI><a href="#[c5]">&gt;&gt;</a>&nbsp;&nbsp;&nbsp;_printf_longlong_hex
</UL>
<BR>[Called By]<UL><LI><a href="#[6d]">&gt;&gt;</a>&nbsp;&nbsp;&nbsp;_printf_p
</UL>

<P><STRONG><a name="[b7]"></a>_chval</STRONG> (Thumb, 28 bytes, Stack size 0 bytes, _chval.o(.text))
<BR><BR>[Called By]<UL><LI><a href="#[c6]">&gt;&gt;</a>&nbsp;&nbsp;&nbsp;_scanf_longlong
<LI><a href="#[b6]">&gt;&gt;</a>&nbsp;&nbsp;&nbsp;_scanf_int
<LI><a href="#[e9]">&gt;&gt;</a>&nbsp;&nbsp;&nbsp;_scanf_really_hex_real
</UL>

<P><STRONG><a name="[c6]"></a>_scanf_longlong</STRONG> (Thumb, 342 bytes, Stack size 56 bytes, _scanf_longlong.o(.text))
<BR><BR>[Stack]<UL><LI>Max Depth = 56<LI>Call Chain = _scanf_longlong
</UL>
<BR>[Calls]<UL><LI><a href="#[b7]">&gt;&gt;</a>&nbsp;&nbsp;&nbsp;_chval
</UL>
<BR>[Called By]<UL><LI><a href="#[c7]">&gt;&gt;</a>&nbsp;&nbsp;&nbsp;__vfscanf
</UL>

<P><STRONG><a name="[b4]"></a>__vfscanf_char</STRONG> (Thumb, 24 bytes, Stack size 0 bytes, scanf_char.o(.text))
<BR><BR>[Stack]<UL><LI>Max Depth = 512 + Unknown Stack Size
<LI>Call Chain = __vfscanf_char &rArr; __vfscanf &rArr; _scanf_real &rArr; _scanf_really_real &rArr; _scanf_hex_real &rArr; _scanf_really_hex_real &rArr; __support_ldexp &rArr; ldexp &rArr; __set_errno &rArr; __aeabi_errno_addr &rArr; __user_perthread_libspace &rArr; osRtxErrorNotify &rArr; sendTraceSerial &rArr; vsnprintf &rArr; _printf_char_common &rArr; __printf
</UL>
<BR>[Calls]<UL><LI><a href="#[c7]">&gt;&gt;</a>&nbsp;&nbsp;&nbsp;__vfscanf
</UL>
<BR>[Called By]<UL><LI><a href="#[b5]">&gt;&gt;</a>&nbsp;&nbsp;&nbsp;__0sscanf
<LI><a href="#[b3]">&gt;&gt;</a>&nbsp;&nbsp;&nbsp;sscanf
</UL>

<P><STRONG><a name="[3d]"></a>_sgetc</STRONG> (Thumb, 30 bytes, Stack size 0 bytes, _sgetc.o(.text))
<BR>[Address Reference Count : 2]<UL><LI> sscanf.o(.text)
<LI> __0sscanf.o(.text)
</UL>
[...]
<LI><a href="#[203]">&gt;&gt;</a>&nbsp;&nbsp;&nbsp;osRtxThreadListGet
<LI><a href="#[200]">&gt;&gt;</a>&nbsp;&nbsp;&nbsp;osRtxMemoryPoolFree
<LI><a href="#[1e4]">&gt;&gt;</a>&nbsp;&nbsp;&nbsp;osRtxMemoryPoolAlloc
<LI><a href="#[212]">&gt;&gt;</a>&nbsp;&nbsp;&nbsp;osRtxThreadWaitEnter
<LI><a href="#[204]">&gt;&gt;</a>&nbsp;&nbsp;&nbsp;osRtxThreadRegPtr
<LI><a href="#[202]">&gt;&gt;</a>&nbsp;&nbsp;&nbsp;MessageQueueRemove
<LI><a href="#[13a]">&gt;&gt;</a>&nbsp;&nbsp;&nbsp;MessageQueuePut
<LI><a href="#[137]">&gt;&gt;</a>&nbsp;&nbsp;&nbsp;MessageQueueGet
<LI><a href="#[116]">&gt;&gt;</a>&nbsp;&nbsp;&nbsp;__aeabi_memcpy
</UL>
<BR>[Address Reference Count : 1]<UL><LI> rtx_msgqueue.o(i.osMessageQueueGet)
</UL>
<P><STRONG><a name="[52]"></a>svcRtxMessageQueueNew</STRONG> (Thumb, 318 bytes, Stack size 48 bytes, rtx_msgqueue.o(i.svcRtxMessageQueueNew))
<BR><BR>[Stack]<UL><LI>Max Depth = 96<LI>Call Chain = svcRtxMessageQueueNew &rArr; osRtxMemoryAlloc &rArr; MemBlockPtr
</UL>
<BR>[Calls]<UL><LI><a href="#[232]">&gt;&gt;</a>&nbsp;&nbsp;&nbsp;osRtxMemoryPoolInit
<LI><a href="#[200]">&gt;&gt;</a>&nbsp;&nbsp;&nbsp;osRtxMemoryPoolFree
<LI><a href="#[1e4]">&gt;&gt;</a>&nbsp;&nbsp;&nbsp;osRtxMemoryPoolAlloc
<LI><a href="#[1fc]">&gt;&gt;</a>&nbsp;&nbsp;&nbsp;osRtxMemoryFree
<LI><a href="#[1fa]">&gt;&gt;</a>&nbsp;&nbsp;&nbsp;osRtxMemoryAlloc
<LI><a href="#[22b]">&gt;&gt;</a>&nbsp;&nbsp;&nbsp;__aeabi_memclr
</UL>
<BR>[Address Reference Count : 1]<UL><LI> rtx_msgqueue.o(i.osMessageQueueNew)
</UL>
<P><STRONG><a name="[53]"></a>svcRtxMessageQueuePut</STRONG> (Thumb, 246 bytes, Stack size 56 bytes, rtx_msgqueue.o(i.svcRtxMessageQueuePut))
<BR><BR>[Stack]<UL><LI>Max Depth = 280 + Unknown Stack Size
<LI>Call Chain = svcRtxMessageQueuePut &rArr; osRtxThreadWaitExit &rArr; osRtxThreadDispatch &rArr; osRtxThreadSwitch &rArr; osRtxThreadStackCheck &rArr; osRtxErrorNotify &rArr; sendTraceSerial &rArr; vsnprintf &rArr; _printf_char_common &rArr; __printf
</UL>
<BR>[Calls]<UL><LI><a href="#[1f9]">&gt;&gt;</a>&nbsp;&nbsp;&nbsp;osRtxThreadWaitExit
<LI><a href="#[20f]">&gt;&gt;</a>&nbsp;&nbsp;&nbsp;osRtxThreadListPut
<LI><a href="#[203]">&gt;&gt;</a>&nbsp;&nbsp;&nbsp;osRtxThreadListGet
<LI><a href="#[1e4]">&gt;&gt;</a>&nbsp;&nbsp;&nbsp;osRtxMemoryPoolAlloc
<LI><a href="#[212]">&gt;&gt;</a>&nbsp;&nbsp;&nbsp;osRtxThreadWaitEnter
<LI><a href="#[204]">&gt;&gt;</a>&nbsp;&nbsp;&nbsp;osRtxThreadRegPtr
<LI><a href="#[13a]">&gt;&gt;</a>&nbsp;&nbsp;&nbsp;MessageQueuePut
<LI><a href="#[116]">&gt;&gt;</a>&nbsp;&nbsp;&nbsp;__aeabi_memcpy
</UL>
<BR>[Address Reference Count : 1]<UL><LI> rtx_msgqueue.o(i.osMessageQueuePut)
</UL>
<P><STRONG><a name="[1f7]"></a>IsIrqMasked</STRONG> (Thumb, 24 bytes, Stack size 0 bytes, rtx_mutex.o(i.IsIrqMasked))
<BR><BR>[Called By]<UL><LI><a href="#[180]">&gt;&gt;</a>&nbsp;&nbsp;&nbsp;osMutexRelease
<LI><a href="#[17c]">&gt;&gt;</a>&nbsp;&nbsp;&nbsp;osMutexAcquire
<LI><a href="#[fe]">&gt;&gt;</a>&nbsp;&nbsp;&nbsp;osMutexNew
<LI><a href="#[1a6]">&gt;&gt;</a>&nbsp;&nbsp;&nbsp;osMutexDelete
</UL>

<P><STRONG><a name="[1f6]"></a>IsIrqMode</STRONG> (Thumb, 16 bytes, Stack size 0 bytes, rtx_mutex.o(i.IsIrqMode))
<BR><BR>[Called By]<UL><LI><a href="#[180]">&gt;&gt;</a>&nbsp;&nbsp;&nbsp;osMutexRelease
<LI><a href="#[17c]">&gt;&gt;</a>&nbsp;&nbsp;&nbsp;osMutexAcquire
<LI><a href="#[fe]">&gt;&gt;</a>&nbsp;&nbsp;&nbsp;osMutexNew
<LI><a href="#[1a6]">&gt;&gt;</a>&nbsp;&nbsp;&nbsp;osMutexDelete
</UL>

<P><STRONG><a name="[54]"></a>svcRtxMutexAcquire</STRONG> (Thumb, 206 bytes, Stack size 32 bytes, rtx_mutex.o(i.svcRtxMutexAcquire))
<BR><BR>[Stack]<UL><LI>Max Depth = 224 + Unknown Stack Size
<LI>Call Chain = svcRtxMutexAcquire &rArr; osRtxThreadWaitEnter &rArr; osRtxThreadSwitch &rArr; osRtxThreadStackCheck &rArr; osRtxErrorNotify &rArr; sendTraceSerial &rArr; vsnprintf &rArr; _printf_char_common &rArr; __printf
</UL>
<BR>[Calls]<UL><LI><a href="#[20f]">&gt;&gt;</a>&nbsp;&nbsp;&nbsp;osRtxThreadListPut
<LI><a href="#[212]">&gt;&gt;</a>&nbsp;&nbsp;&nbsp;osRtxThreadWaitEnter
<LI><a href="#[20e]">&gt;&gt;</a>&nbsp;&nbsp;&nbsp;osRtxThreadListSort
</UL>
<BR>[Address Reference Count : 1]<UL><LI> rtx_mutex.o(i.osMutexAcquire)
</UL>
<P><STRONG><a name="[55]"></a>svcRtxMutexDelete</STRONG> (Thumb, 224 bytes, Stack size 32 bytes, rtx_mutex.o(i.svcRtxMutexDelete))
<BR><BR>[Stack]<UL><LI>Max Depth = 256 + Unknown Stack Size
<LI>Call Chain = svcRtxMutexDelete &rArr; osRtxThreadWaitExit &rArr; osRtxThreadDispatch &rArr; osRtxThreadSwitch &rArr; osRtxThreadStackCheck &rArr; osRtxErrorNotify &rArr; sendTraceSerial &rArr; vsnprintf &rArr; _printf_char_common &rArr; __printf
</UL>
<BR>[Calls]<UL><LI><a href="#[1f9]">&gt;&gt;</a>&nbsp;&nbsp;&nbsp;osRtxThreadWaitExit
<LI><a href="#[203]">&gt;&gt;</a>&nbsp;&nbsp;&nbsp;osRtxThreadListGet
<LI><a href="#[206]">&gt;&gt;</a>&nbsp;&nbsp;&nbsp;osRtxThreadDispatch
<LI><a href="#[200]">&gt;&gt;</a>&nbsp;&nbsp;&nbsp;osRtxMemoryPoolFree
<LI><a href="#[1fc]">&gt;&gt;</a>&nbsp;&nbsp;&nbsp;osRtxMemoryFree
<LI><a href="#[20e]">&gt;&gt;</a>&nbsp;&nbsp;&nbsp;osRtxThreadListSort
</UL>
<BR>[Address Reference Count : 1]<UL><LI> rtx_mutex.o(i.osMutexDelete)
</UL>
<P><STRONG><a name="[56]"></a>svcRtxMutexNew</STRONG> (Thumb, 132 bytes, Stack size 24 bytes, rtx_mutex.o(i.svcRtxMutexNew))
<BR><BR>[Stack]<UL><LI>Max Depth = 72<LI>Call Chain = svcRtxMutexNew &rArr; osRtxMemoryAlloc &rArr; MemBlockPtr
</UL>
<BR>[Calls]<UL><LI><a href="#[1e4]">&gt;&gt;</a>&nbsp;&nbsp;&nbsp;osRtxMemoryPoolAlloc
<LI><a href="#[1fa]">&gt;&gt;</a>&nbsp;&nbsp;&nbsp;osRtxMemoryAlloc
</UL>
<BR>[Address Reference Count : 1]<UL><LI> rtx_mutex.o(i.osMutexNew)
</UL>
<P><STRONG><a name="[57]"></a>svcRtxMutexRelease</STRONG> (Thumb, 214 bytes, Stack size 32 bytes, rtx_mutex.o(i.svcRtxMutexRelease))
<BR><BR>[Stack]<UL><LI>Max Depth = 256 + Unknown Stack Size
<LI>Call Chain = svcRtxMutexRelease &rArr; osRtxThreadWaitExit &rArr; osRtxThreadDispatch &rArr; osRtxThreadSwitch &rArr; osRtxThreadStackCheck &rArr; osRtxErrorNotify &rArr; sendTraceSerial &rArr; vsnprintf &rArr; _printf_char_common &rArr; __printf
</UL>
<BR>[Calls]<UL><LI><a href="#[1f9]">&gt;&gt;</a>&nbsp;&nbsp;&nbsp;osRtxThreadWaitExit
<LI><a href="#[203]">&gt;&gt;</a>&nbsp;&nbsp;&nbsp;osRtxThreadListGet
<LI><a href="#[206]">&gt;&gt;</a>&nbsp;&nbsp;&nbsp;osRtxThreadDispatch
</UL>
<BR>[Address Reference Count : 1]<UL><LI> rtx_mutex.o(i.osMutexRelease)
</UL>
<P><STRONG><a name="[1e5]"></a>isr_queue_get</STRONG> (Thumb, 46 bytes, Stack size 16 bytes, rtx_system.o(i.isr_queue_get))
<BR><BR>[Stack]<UL><LI>Max Depth = 16<LI>Call Chain = isr_queue_get
</UL>
<BR>[Calls]<UL><LI><a href="#[1e6]">&gt;&gt;</a>&nbsp;&nbsp;&nbsp;__asm___12_rtx_system_c_024f2f18__atomic_dec16_nz
<LI><a href="#[1e7]">&gt;&gt;</a>&nbsp;&nbsp;&nbsp;__asm___12_rtx_system_c_024f2f18__atomic_inc16_lim
</UL>
<BR>[Called By]<UL><LI><a href="#[a4]">&gt;&gt;</a>&nbsp;&nbsp;&nbsp;osRtxPendSV_Handler
</UL>

<P><STRONG><a name="[1e8]"></a>isr_queue_put</STRONG> (Thumb, 56 bytes, Stack size 24 bytes, rtx_system.o(i.isr_queue_put))
<BR><BR>[Stack]<UL><LI>Max Depth = 24<LI>Call Chain = isr_queue_put
</UL>
<BR>[Calls]<UL><LI><a href="#[1e7]">&gt;&gt;</a>&nbsp;&nbsp;&nbsp;__asm___12_rtx_system_c_024f2f18__atomic_inc16_lim
<LI><a href="#[1e9]">&gt;&gt;</a>&nbsp;&nbsp;&nbsp;__asm___12_rtx_system_c_024f2f18__atomic_inc16_lt
</UL>
<BR>[Called By]<UL><LI><a href="#[1e2]">&gt;&gt;</a>&nbsp;&nbsp;&nbsp;osRtxPostProcess
</UL>

<P><STRONG><a name="[219]"></a>IsIrqMasked</STRONG> (Thumb, 24 bytes, Stack size 0 bytes, rtx_thread.o(i.IsIrqMasked))
<BR><BR>[Called By]<UL><LI><a href="#[1aa]">&gt;&gt;</a>&nbsp;&nbsp;&nbsp;osThreadTerminate
<LI><a href="#[11a]">&gt;&gt;</a>&nbsp;&nbsp;&nbsp;osThreadNew
<LI><a href="#[1a4]">&gt;&gt;</a>&nbsp;&nbsp;&nbsp;osThreadGetId
</UL>

<P><STRONG><a name="[218]"></a>IsIrqMode</STRONG> (Thumb, 16 bytes, Stack size 0 bytes, rtx_thread.o(i.IsIrqMode))
<BR><BR>[Called By]<UL><LI><a href="#[1aa]">&gt;&gt;</a>&nbsp;&nbsp;&nbsp;osThreadTerminate
<LI><a href="#[11a]">&gt;&gt;</a>&nbsp;&nbsp;&nbsp;osThreadNew
<LI><a href="#[1a4]">&gt;&gt;</a>&nbsp;&nbsp;&nbsp;osThreadGetId
</UL>

<P><STRONG><a name="[193]"></a>ThreadFlagsCheck</STRONG> (Thumb, 86 bytes, Stack size 24 bytes, rtx_thread.o(i.ThreadFlagsCheck))
<BR><BR>[Stack]<UL><LI>Max Depth = 24<LI>Call Chain = ThreadFlagsCheck
</UL>
<BR>[Calls]<UL><LI><a href="#[195]">&gt;&gt;</a>&nbsp;&nbsp;&nbsp;__asm___12_rtx_thread_c_add96be5__atomic_chk32_any
<LI><a href="#[194]">&gt;&gt;</a>&nbsp;&nbsp;&nbsp;__asm___12_rtx_thread_c_add96be5__atomic_chk32_all
</UL>
<BR>[Called By]<UL><LI><a href="#[62]">&gt;&gt;</a>&nbsp;&nbsp;&nbsp;osRtxThreadPostProcess
</UL>

<P><STRONG><a name="[209]"></a>osRtxKernelGetState</STRONG> (Thumb, 6 bytes, Stack size 0 bytes, rtx_thread.o(i.osRtxKernelGetState))
<BR><BR>[Called By]<UL><LI><a href="#[206]">&gt;&gt;</a>&nbsp;&nbsp;&nbsp;osRtxThreadDispatch
<LI><a href="#[212]">&gt;&gt;</a>&nbsp;&nbsp;&nbsp;osRtxThreadWaitEnter
<LI><a href="#[5e]">&gt;&gt;</a>&nbsp;&nbsp;&nbsp;svcRtxThreadTerminate
<LI><a href="#[5b]">&gt;&gt;</a>&nbsp;&nbsp;&nbsp;svcRtxThreadExit
</UL>

<P><STRONG><a name="[20b]"></a>osRtxThreadBlock</STRONG> (Thumb, 46 bytes, Stack size 12 bytes, rtx_thread.o(i.osRtxThreadBlock))
<BR><BR>[Stack]<UL><LI>Max Depth = 12<LI>Call Chain = osRtxThreadBlock
</UL>
<BR>[Called By]<UL><LI><a href="#[206]">&gt;&gt;</a>&nbsp;&nbsp;&nbsp;osRtxThreadDispatch
</UL>

<P><STRONG><a name="[213]"></a>osRtxThreadDelayInsert</STRONG> (Thumb, 98 bytes, Stack size 8 bytes, rtx_thread.o(i.osRtxThreadDelayInsert))
<BR><BR>[Stack]<UL><LI>Max Depth = 8<LI>Call Chain = osRtxThreadDelayInsert
</UL>
<BR>[Called By]<UL><LI><a href="#[212]">&gt;&gt;</a>&nbsp;&nbsp;&nbsp;osRtxThreadWaitEnter
</UL>

<P><STRONG><a name="[214]"></a>osRtxThreadDelayRemove</STRONG> (Thumb, 110 bytes, Stack size 0 bytes, rtx_thread.o(i.osRtxThreadDelayRemove))
<BR><BR>[Called By]<UL><LI><a href="#[1f9]">&gt;&gt;</a>&nbsp;&nbsp;&nbsp;osRtxThreadWaitExit
<LI><a href="#[5e]">&gt;&gt;</a>&nbsp;&nbsp;&nbsp;svcRtxThreadTerminate
</UL>

<P><STRONG><a name="[20d]"></a>osRtxThreadFree</STRONG> (Thumb, 92 bytes, Stack size 8 bytes, rtx_thread.o(i.osRtxThreadFree))
<BR><BR>[Stack]<UL><LI>Max Depth = 40<LI>Call Chain = osRtxThreadFree &rArr; osRtxMemoryFree &rArr; MemBlockPtr
</UL>
<BR>[Calls]<UL><LI><a href="#[200]">&gt;&gt;</a>&nbsp;&nbsp;&nbsp;osRtxMemoryPoolFree
<LI><a href="#[1fc]">&gt;&gt;</a>&nbsp;&nbsp;&nbsp;osRtxMemoryFree
</UL>
<BR>[Called By]<UL><LI><a href="#[5e]">&gt;&gt;</a>&nbsp;&nbsp;&nbsp;svcRtxThreadTerminate
<LI><a href="#[5b]">&gt;&gt;</a>&nbsp;&nbsp;&nbsp;svcRtxThreadExit
</UL>

<P><STRONG><a name="[20a]"></a>osRtxThreadGetRunning</STRONG> (Thumb, 6 bytes, Stack size 0 bytes, rtx_thread.o(i.osRtxThreadGetRunning))
<BR><BR>[Called By]<UL><LI><a href="#[206]">&gt;&gt;</a>&nbsp;&nbsp;&nbsp;osRtxThreadDispatch
<LI><a href="#[212]">&gt;&gt;</a>&nbsp;&nbsp;&nbsp;osRtxThreadWaitEnter
<LI><a href="#[210]">&gt;&gt;</a>&nbsp;&nbsp;&nbsp;osRtxThreadStackCheck
<LI><a href="#[5c]">&gt;&gt;</a>&nbsp;&nbsp;&nbsp;svcRtxThreadGetId
<LI><a href="#[5b]">&gt;&gt;</a>&nbsp;&nbsp;&nbsp;svcRtxThreadExit
</UL>

<P><STRONG><a name="[62]"></a>osRtxThreadPostProcess</STRONG> (Thumb, 52 bytes, Stack size 16 bytes, rtx_thread.o(i.osRtxThreadPostProcess))
<BR><BR>[Stack]<UL><LI>Max Depth = 240 + Unknown Stack Size
<LI>Call Chain = osRtxThreadPostProcess &rArr; osRtxThreadWaitExit &rArr; osRtxThreadDispatch &rArr; osRtxThreadSwitch &rArr; osRtxThreadStackCheck &rArr; osRtxErrorNotify &rArr; sendTraceSerial &rArr; vsnprintf &rArr; _printf_char_common &rArr; __printf
</UL>
<BR>[Calls]<UL><LI><a href="#[1f9]">&gt;&gt;</a>&nbsp;&nbsp;&nbsp;osRtxThreadWaitExit
<LI><a href="#[193]">&gt;&gt;</a>&nbsp;&nbsp;&nbsp;ThreadFlagsCheck
</UL>
<BR>[Address Reference Count : 1]<UL><LI> rtx_thread.o(i.svcRtxThreadNew)
</UL>
<P><STRONG><a name="[236]"></a>osRtxThreadSetRunning</STRONG> (Thumb, 6 bytes, Stack size 0 bytes, rtx_thread.o(i.osRtxThreadSetRunning))
<BR><BR>[Called By]<UL><LI><a href="#[5e]">&gt;&gt;</a>&nbsp;&nbsp;&nbsp;svcRtxThreadTerminate
<LI><a href="#[5b]">&gt;&gt;</a>&nbsp;&nbsp;&nbsp;svcRtxThreadExit
</UL>

<P><STRONG><a name="[5b]"></a>svcRtxThreadExit</STRONG> (Thumb, 130 bytes, Stack size 16 bytes, rtx_thread.o(i.svcRtxThreadExit))
<BR><BR>[Stack]<UL><LI>Max Depth = 264 + Unknown Stack Size
<LI>Call Chain = svcRtxThreadExit &rArr; osRtxMutexOwnerRelease &rArr; osRtxThreadWaitExit &rArr; osRtxThreadDispatch &rArr; osRtxThreadSwitch &rArr; osRtxThreadStackCheck &rArr; osRtxErrorNotify &rArr; sendTraceSerial &rArr; vsnprintf &rArr; _printf_char_common &rArr; __printf
</UL>
<BR>[Calls]<UL><LI><a href="#[20c]">&gt;&gt;</a>&nbsp;&nbsp;&nbsp;osRtxThreadSwitch
<LI><a href="#[1f9]">&gt;&gt;</a>&nbsp;&nbsp;&nbsp;osRtxThreadWaitExit
<LI><a href="#[203]">&gt;&gt;</a>&nbsp;&nbsp;&nbsp;osRtxThreadListGet
<LI><a href="#[205]">&gt;&gt;</a>&nbsp;&nbsp;&nbsp;osRtxMutexOwnerRelease
<LI><a href="#[236]">&gt;&gt;</a>&nbsp;&nbsp;&nbsp;osRtxThreadSetRunning
<LI><a href="#[20a]">&gt;&gt;</a>&nbsp;&nbsp;&nbsp;osRtxThreadGetRunning
<LI><a href="#[20d]">&gt;&gt;</a>&nbsp;&nbsp;&nbsp;osRtxThreadFree
<LI><a href="#[209]">&gt;&gt;</a>&nbsp;&nbsp;&nbsp;osRtxKernelGetState
</UL>
<BR>[Address Reference Count : 1]<UL><LI> rtx_thread.o(i.osThreadExit)
</UL>
<P><STRONG><a name="[5c]"></a>svcRtxThreadGetId</STRONG> (Thumb, 12 bytes, Stack size 8 bytes, rtx_thread.o(i.svcRtxThreadGetId))
<BR><BR>[Stack]<UL><LI>Max Depth = 8<LI>Call Chain = svcRtxThreadGetId
</UL>
<BR>[Calls]<UL><LI><a href="#[20a]">&gt;&gt;</a>&nbsp;&nbsp;&nbsp;osRtxThreadGetRunning
</UL>
<BR>[Address Reference Count : 1]<UL><LI> rtx_thread.o(i.osThreadGetId)
</UL>
<P><STRONG><a name="[5d]"></a>svcRtxThreadNew</STRONG> (Thumb, 528 bytes, Stack size 56 bytes, rtx_thread.o(i.svcRtxThreadNew))
<BR><BR>[Stack]<UL><LI>Max Depth = 256 + Unknown Stack Size
<LI>Call Chain = svcRtxThreadNew &rArr; osRtxThreadDispatch &rArr; osRtxThreadSwitch &rArr; osRtxThreadStackCheck &rArr; osRtxErrorNotify &rArr; sendTraceSerial &rArr; vsnprintf &rArr; _printf_char_common &rArr; __printf
</UL>
<BR>[Calls]<UL><LI><a href="#[206]">&gt;&gt;</a>&nbsp;&nbsp;&nbsp;osRtxThreadDispatch
<LI><a href="#[200]">&gt;&gt;</a>&nbsp;&nbsp;&nbsp;osRtxMemoryPoolFree
<LI><a href="#[1e4]">&gt;&gt;</a>&nbsp;&nbsp;&nbsp;osRtxMemoryPoolAlloc
<LI><a href="#[1fc]">&gt;&gt;</a>&nbsp;&nbsp;&nbsp;osRtxMemoryFree
<LI><a href="#[1fa]">&gt;&gt;</a>&nbsp;&nbsp;&nbsp;osRtxMemoryAlloc
</UL>
<BR>[Called By]<UL><LI><a href="#[211]">&gt;&gt;</a>&nbsp;&nbsp;&nbsp;osRtxThreadStartup
</UL>
<BR>[Address Reference Count : 1]<UL><LI> rtx_thread.o(i.osThreadNew)
</UL>
<P><STRONG><a name="[5e]"></a>svcRtxThreadTerminate</STRONG> (Thumb, 230 bytes, Stack size 24 bytes, rtx_thread.o(i.svcRtxThreadTerminate))
<BR><BR>[Stack]<UL><LI>Max Depth = 272 + Unknown Stack Size
<LI>Call Chain = svcRtxThreadTerminate &rArr; osRtxMutexOwnerRelease &rArr; osRtxThreadWaitExit &rArr; osRtxThreadDispatch &rArr; osRtxThreadSwitch &rArr; osRtxThreadStackCheck &rArr; osRtxErrorNotify &rArr; sendTraceSerial &rArr; vsnprintf &rArr; _printf_char_common &rArr; __printf
</UL>
<BR>[Calls]<UL><LI><a href="#[20c]">&gt;&gt;</a>&nbsp;&nbsp;&nbsp;osRtxThreadSwitch
<LI><a href="#[1f9]">&gt;&gt;</a>&nbsp;&nbsp;&nbsp;osRtxThreadWaitExit
<LI><a href="#[1f8]">&gt;&gt;</a>&nbsp;&nbsp;&nbsp;osRtxThreadListRemove
<LI><a href="#[203]">&gt;&gt;</a>&nbsp;&nbsp;&nbsp;osRtxThreadListGet
<LI><a href="#[206]">&gt;&gt;</a>&nbsp;&nbsp;&nbsp;osRtxThreadDispatch
<LI><a href="#[205]">&gt;&gt;</a>&nbsp;&nbsp;&nbsp;osRtxMutexOwnerRelease
<LI><a href="#[236]">&gt;&gt;</a>&nbsp;&nbsp;&nbsp;osRtxThreadSetRunning
<LI><a href="#[20d]">&gt;&gt;</a>&nbsp;&nbsp;&nbsp;osRtxThreadFree
<LI><a href="#[214]">&gt;&gt;</a>&nbsp;&nbsp;&nbsp;osRtxThreadDelayRemove
<LI><a href="#[209]">&gt;&gt;</a>&nbsp;&nbsp;&nbsp;osRtxKernelGetState
</UL>
<BR>[Address Reference Count : 1]<UL><LI> rtx_thread.o(i.osThreadTerminate)
</UL>
<P><STRONG><a name="[217]"></a>TimerInsert</STRONG> (Thumb, 58 bytes, Stack size 12 bytes, rtx_timer.o(i.TimerInsert))
<BR><BR>[Stack]<UL><LI>Max Depth = 12<LI>Call Chain = TimerInsert
</UL>
<BR>[Called By]<UL><LI><a href="#[5a]">&gt;&gt;</a>&nbsp;&nbsp;&nbsp;osRtxTimerTick
</UL>

<P><STRONG><a name="[216]"></a>TimerUnlink</STRONG> (Thumb, 18 bytes, Stack size 0 bytes, rtx_timer.o(i.TimerUnlink))
<BR><BR>[Called By]<UL><LI><a href="#[5a]">&gt;&gt;</a>&nbsp;&nbsp;&nbsp;osRtxTimerTick
</UL>

<P><STRONG><a name="[5a]"></a>osRtxTimerTick</STRONG> (Thumb, 88 bytes, Stack size 16 bytes, rtx_timer.o(i.osRtxTimerTick))
<BR><BR>[Stack]<UL><LI>Max Depth = 248 + Unknown Stack Size
<LI>Call Chain = osRtxTimerTick &rArr; osMessageQueuePut &rArr; isrRtxMessageQueuePut &rArr; osRtxPostProcess &rArr; osRtxErrorNotify &rArr; sendTraceSerial &rArr; vsnprintf &rArr; _printf_char_common &rArr; __printf
</UL>
<BR>[Calls]<UL><LI><a href="#[178]">&gt;&gt;</a>&nbsp;&nbsp;&nbsp;osMessageQueuePut
<LI><a href="#[1a5]">&gt;&gt;</a>&nbsp;&nbsp;&nbsp;osRtxErrorNotify
<LI><a href="#[216]">&gt;&gt;</a>&nbsp;&nbsp;&nbsp;TimerUnlink
<LI><a href="#[217]">&gt;&gt;</a>&nbsp;&nbsp;&nbsp;TimerInsert
</UL>
<BR>[Address Reference Count : 1]<UL><LI> rtx_timer.o(i.osRtxTimerThread)
</UL>
<P><STRONG><a name="[171]"></a>SetSysClock</STRONG> (Thumb, 8 bytes, Stack size 8 bytes, system_stm32f10x.o(i.SetSysClock))
<BR><BR>[Stack]<UL><LI>Max Depth = 20<LI>Call Chain = SetSysClock &rArr; SetSysClockTo72
</UL>
<BR>[Calls]<UL><LI><a href="#[172]">&gt;&gt;</a>&nbsp;&nbsp;&nbsp;SetSysClockTo72
</UL>
<BR>[Called By]<UL><LI><a href="#[39]">&gt;&gt;</a>&nbsp;&nbsp;&nbsp;SystemInit
</UL>

<P><STRONG><a name="[172]"></a>SetSysClockTo72</STRONG> (Thumb, 214 bytes, Stack size 12 bytes, system_stm32f10x.o(i.SetSysClockTo72))
<BR><BR>[Stack]<UL><LI>Max Depth = 12<LI>Call Chain = SetSysClockTo72
</UL>
<BR>[Called By]<UL><LI><a href="#[171]">&gt;&gt;</a>&nbsp;&nbsp;&nbsp;SetSysClock
</UL>

<P><STRONG><a name="[bf]"></a>_tm_carry</STRONG> (Thumb, 62 bytes, Stack size 8 bytes, mktime.o(.text))
<BR><BR>[Stack]<UL><LI>Max Depth = 8<LI>Call Chain = _tm_carry
</UL>
<BR>[Called By]<UL><LI><a href="#[be]">&gt;&gt;</a>&nbsp;&nbsp;&nbsp;mktime
</UL>

<P><STRONG><a name="[3f]"></a>_printf_input_char</STRONG> (Thumb, 10 bytes, Stack size 0 bytes, _printf_char_common.o(.text))
<BR>[Address Reference Count : 1]<UL><LI> _printf_char_common.o(.text)
</UL>
<P><STRONG><a name="[40]"></a>_scanf_char_input</STRONG> (Thumb, 12 bytes, Stack size 0 bytes, scanf_char.o(.text))
<BR>[Address Reference Count : 1]<UL><LI> scanf_char.o(.text)
</UL>
<P><STRONG><a name="[cf]"></a>_fp_digits</STRONG> (Thumb, 428 bytes, Stack size 96 bytes, _printf_fp_dec.o(.text))
<BR><BR>[Stack]<UL><LI>Max Depth = 216<LI>Call Chain = _fp_digits &rArr; _btod_etento &rArr; _btod_emul &rArr; _e2e
</UL>
<BR>[Calls]<UL><LI><a href="#[d3]">&gt;&gt;</a>&nbsp;&nbsp;&nbsp;_btod_emul
<LI><a href="#[d2]">&gt;&gt;</a>&nbsp;&nbsp;&nbsp;_btod_ediv
<LI><a href="#[d1]">&gt;&gt;</a>&nbsp;&nbsp;&nbsp;_btod_d2e
<LI><a href="#[d0]">&gt;&gt;</a>&nbsp;&nbsp;&nbsp;_btod_etento
<LI><a href="#[c3]">&gt;&gt;</a>&nbsp;&nbsp;&nbsp;_ll_udiv10
</UL>
<BR>[Called By]<UL><LI><a href="#[d4]">&gt;&gt;</a>&nbsp;&nbsp;&nbsp;_printf_fp_dec_real
</UL>

<P><STRONG><a name="[db]"></a>_fp_value</STRONG> (Thumb, 508 bytes, Stack size 88 bytes, scanf_fp.o(.text))
<BR><BR>[Stack]<UL><LI>Max Depth = 264 + Unknown Stack Size
<LI>Call Chain = _fp_value &rArr; __aeabi_errno_addr &rArr; __user_perthread_libspace &rArr; osRtxErrorNotify &rArr; sendTraceSerial &rArr; vsnprintf &rArr; _printf_char_common &rArr; __printf
</UL>
<BR>[Calls]<UL><LI><a href="#[dd]">&gt;&gt;</a>&nbsp;&nbsp;&nbsp;_btod_emuld
<LI><a href="#[de]">&gt;&gt;</a>&nbsp;&nbsp;&nbsp;_btod_edivd
<LI><a href="#[d0]">&gt;&gt;</a>&nbsp;&nbsp;&nbsp;_btod_etento
<LI><a href="#[dc]">&gt;&gt;</a>&nbsp;&nbsp;&nbsp;__aeabi_errno_addr
</UL>
<BR>[Called By]<UL><LI><a href="#[df]">&gt;&gt;</a>&nbsp;&nbsp;&nbsp;_scanf_really_real
</UL>
<P>
<H3>
Undefined Global Symbols
</H3><HR></body></html>
